<?xml version="1.0" encoding="ISO-8859-1" ?>
<link_info>
   <banner>TI ARM Linker Unix v18.12.3.LTS</banner>
   <copyright>Copyright (c) 1996-2018 Texas Instruments Incorporated</copyright>
   <link_time>0x5dc05044</link_time>
   <link_errors>0x0</link_errors>
   <output_file>pinInterrupt_CC1352R1_LAUNCHXL_nortos_ccs.out</output_file>
   <entry_point>
      <name>resetISR</name>
      <address>0x2899</address>
   </entry_point>
   <input_file_list>
      <input_file id="fl-2">
         <path>./</path>
         <kind>object</kind>
         <file>CC1352R1_LAUNCHXL_fxns.obj</file>
         <name>CC1352R1_LAUNCHXL_fxns.obj</name>
      </input_file>
      <input_file id="fl-3">
         <path>./</path>
         <kind>object</kind>
         <file>main_nortos.obj</file>
         <name>main_nortos.obj</name>
      </input_file>
      <input_file id="fl-4">
         <path>./</path>
         <kind>object</kind>
         <file>pinInterrupt.obj</file>
         <name>pinInterrupt.obj</name>
      </input_file>
      <input_file id="fl-5">
         <path>./syscfg/</path>
         <kind>object</kind>
         <file>ti_devices_config.obj</file>
         <name>ti_devices_config.obj</name>
      </input_file>
      <input_file id="fl-6">
         <path>./syscfg/</path>
         <kind>object</kind>
         <file>ti_drivers_config.obj</file>
         <name>ti_drivers_config.obj</name>
      </input_file>
      <input_file id="fl-10">
         <kind>object</kind>
         <file>&lt;internal&gt;</file>
         <name>&lt;internal&gt;</name>
      </input_file>
      <input_file id="fl-11">
         <path>/home/popi/ti/simplelink_cc13x2_26x2_sdk_3_30_00_03/source/ti/drivers/lib/</path>
         <kind>archive</kind>
         <file>drivers_cc13x2.aem4f</file>
         <name>PINCC26XX.oem4f</name>
      </input_file>
      <input_file id="fl-12">
         <path>/home/popi/ti/simplelink_cc13x2_26x2_sdk_3_30_00_03/source/ti/drivers/lib/</path>
         <kind>archive</kind>
         <file>drivers_cc13x2.aem4f</file>
         <name>PowerCC26X2.oem4f</name>
      </input_file>
      <input_file id="fl-13">
         <path>/home/popi/ti/simplelink_cc13x2_26x2_sdk_3_30_00_03/source/ti/drivers/lib/</path>
         <kind>archive</kind>
         <file>drivers_cc13x2.aem4f</file>
         <name>PowerCC26X2_calibrateRCOSC.oem4f</name>
      </input_file>
      <input_file id="fl-14">
         <path>/home/popi/ti/simplelink_cc13x2_26x2_sdk_3_30_00_03/source/ti/drivers/lib/</path>
         <kind>archive</kind>
         <file>drivers_cc13x2.aem4f</file>
         <name>List.oem4f</name>
      </input_file>
      <input_file id="fl-15">
         <path>/home/popi/ti/simplelink_cc13x2_26x2_sdk_3_30_00_03/kernel/nortos/lib/</path>
         <kind>archive</kind>
         <file>nortos_cc13x2.aem4f</file>
         <name>posix_sleep.oem4f</name>
      </input_file>
      <input_file id="fl-16">
         <path>/home/popi/ti/simplelink_cc13x2_26x2_sdk_3_30_00_03/kernel/nortos/lib/</path>
         <kind>archive</kind>
         <file>nortos_cc13x2.aem4f</file>
         <name>NoRTOS.oem4f</name>
      </input_file>
      <input_file id="fl-17">
         <path>/home/popi/ti/simplelink_cc13x2_26x2_sdk_3_30_00_03/kernel/nortos/lib/</path>
         <kind>archive</kind>
         <file>nortos_cc13x2.aem4f</file>
         <name>SemaphoreP_nortos.oem4f</name>
      </input_file>
      <input_file id="fl-18">
         <path>/home/popi/ti/simplelink_cc13x2_26x2_sdk_3_30_00_03/kernel/nortos/lib/</path>
         <kind>archive</kind>
         <file>nortos_cc13x2.aem4f</file>
         <name>SwiP_nortos.oem4f</name>
      </input_file>
      <input_file id="fl-19">
         <path>/home/popi/ti/simplelink_cc13x2_26x2_sdk_3_30_00_03/kernel/nortos/lib/</path>
         <kind>archive</kind>
         <file>nortos_cc13x2.aem4f</file>
         <name>ClockPTimer_nortos.oem4f</name>
      </input_file>
      <input_file id="fl-1a">
         <path>/home/popi/ti/simplelink_cc13x2_26x2_sdk_3_30_00_03/kernel/nortos/lib/</path>
         <kind>archive</kind>
         <file>nortos_cc13x2.aem4f</file>
         <name>TimerPCC26XX_nortos.oem4f</name>
      </input_file>
      <input_file id="fl-1b">
         <path>/home/popi/ti/simplelink_cc13x2_26x2_sdk_3_30_00_03/kernel/nortos/lib/</path>
         <kind>archive</kind>
         <file>nortos_cc13x2.aem4f</file>
         <name>HwiPCC26XX_nortos.oem4f</name>
      </input_file>
      <input_file id="fl-1c">
         <path>/home/popi/ti/simplelink_cc13x2_26x2_sdk_3_30_00_03/kernel/nortos/lib/</path>
         <kind>archive</kind>
         <file>nortos_cc13x2.aem4f</file>
         <name>PowerCC26X2_nortos.oem4f</name>
      </input_file>
      <input_file id="fl-1d">
         <path>/home/popi/ti/simplelink_cc13x2_26x2_sdk_3_30_00_03/kernel/nortos/lib/</path>
         <kind>archive</kind>
         <file>nortos_cc13x2.aem4f</file>
         <name>startup_cc13xx_cc26xx_ccs.oem4f</name>
      </input_file>
      <input_file id="fl-1e">
         <path>/home/popi/ti/simplelink_cc13x2_26x2_sdk_3_30_00_03/kernel/nortos/lib/</path>
         <kind>archive</kind>
         <file>nortos_cc13x2.aem4f</file>
         <name>QueueP_nortos.oem4f</name>
      </input_file>
      <input_file id="fl-1f">
         <path>/home/popi/ti/simplelink_cc13x2_26x2_sdk_3_30_00_03/source/ti/devices/cc13x2_cc26x2/driverlib/bin/ccs/</path>
         <kind>archive</kind>
         <file>driverlib.lib</file>
         <name>chipinfo.obj</name>
      </input_file>
      <input_file id="fl-20">
         <path>/home/popi/ti/simplelink_cc13x2_26x2_sdk_3_30_00_03/source/ti/devices/cc13x2_cc26x2/driverlib/bin/ccs/</path>
         <kind>archive</kind>
         <file>driverlib.lib</file>
         <name>cpu.obj</name>
      </input_file>
      <input_file id="fl-21">
         <path>/home/popi/ti/simplelink_cc13x2_26x2_sdk_3_30_00_03/source/ti/devices/cc13x2_cc26x2/driverlib/bin/ccs/</path>
         <kind>archive</kind>
         <file>driverlib.lib</file>
         <name>driverlib_release.obj</name>
      </input_file>
      <input_file id="fl-22">
         <path>/home/popi/ti/simplelink_cc13x2_26x2_sdk_3_30_00_03/source/ti/devices/cc13x2_cc26x2/driverlib/bin/ccs/</path>
         <kind>archive</kind>
         <file>driverlib.lib</file>
         <name>interrupt.obj</name>
      </input_file>
      <input_file id="fl-23">
         <path>/home/popi/ti/simplelink_cc13x2_26x2_sdk_3_30_00_03/source/ti/devices/cc13x2_cc26x2/driverlib/bin/ccs/</path>
         <kind>archive</kind>
         <file>driverlib.lib</file>
         <name>osc.obj</name>
      </input_file>
      <input_file id="fl-24">
         <path>/home/popi/ti/simplelink_cc13x2_26x2_sdk_3_30_00_03/source/ti/devices/cc13x2_cc26x2/driverlib/bin/ccs/</path>
         <kind>archive</kind>
         <file>driverlib.lib</file>
         <name>setup.obj</name>
      </input_file>
      <input_file id="fl-25">
         <path>/home/popi/ti/simplelink_cc13x2_26x2_sdk_3_30_00_03/source/ti/devices/cc13x2_cc26x2/driverlib/bin/ccs/</path>
         <kind>archive</kind>
         <file>driverlib.lib</file>
         <name>sys_ctrl.obj</name>
      </input_file>
      <input_file id="fl-26">
         <path>/home/popi/ti/simplelink_cc13x2_26x2_sdk_3_30_00_03/source/ti/devices/cc13x2_cc26x2/driverlib/bin/ccs/</path>
         <kind>archive</kind>
         <file>driverlib.lib</file>
         <name>aux_sysif.obj</name>
      </input_file>
      <input_file id="fl-dc">
         <path>/home/popi/ti/ccs920/ccs/tools/compiler/ti-cgt-arm_18.12.3.LTS/lib/</path>
         <kind>archive</kind>
         <file>rtsv7M4_T_le_v4SPD16_eabi.lib</file>
         <name>ll_div_t2.asm.obj</name>
      </input_file>
      <input_file id="fl-dd">
         <path>/home/popi/ti/ccs920/ccs/tools/compiler/ti-cgt-arm_18.12.3.LTS/lib/</path>
         <kind>archive</kind>
         <file>rtsv7M4_T_le_v4SPD16_eabi.lib</file>
         <name>ull_div_t2.asm.obj</name>
      </input_file>
      <input_file id="fl-de">
         <path>/home/popi/ti/ccs920/ccs/tools/compiler/ti-cgt-arm_18.12.3.LTS/lib/</path>
         <kind>archive</kind>
         <file>rtsv7M4_T_le_v4SPD16_eabi.lib</file>
         <name>ll_mul_t2.asm.obj</name>
      </input_file>
      <input_file id="fl-df">
         <path>/home/popi/ti/ccs920/ccs/tools/compiler/ti-cgt-arm_18.12.3.LTS/lib/</path>
         <kind>archive</kind>
         <file>rtsv7M4_T_le_v4SPD16_eabi.lib</file>
         <name>copy_zero_init.c.obj</name>
      </input_file>
      <input_file id="fl-e0">
         <path>/home/popi/ti/ccs920/ccs/tools/compiler/ti-cgt-arm_18.12.3.LTS/lib/</path>
         <kind>archive</kind>
         <file>rtsv7M4_T_le_v4SPD16_eabi.lib</file>
         <name>copy_decompress_none.c.obj</name>
      </input_file>
      <input_file id="fl-e1">
         <path>/home/popi/ti/ccs920/ccs/tools/compiler/ti-cgt-arm_18.12.3.LTS/lib/</path>
         <kind>archive</kind>
         <file>rtsv7M4_T_le_v4SPD16_eabi.lib</file>
         <name>copy_decompress_lzss.c.obj</name>
      </input_file>
      <input_file id="fl-e2">
         <path>/home/popi/ti/ccs920/ccs/tools/compiler/ti-cgt-arm_18.12.3.LTS/lib/</path>
         <kind>archive</kind>
         <file>rtsv7M4_T_le_v4SPD16_eabi.lib</file>
         <name>memory.c.obj</name>
      </input_file>
      <input_file id="fl-e3">
         <path>/home/popi/ti/ccs920/ccs/tools/compiler/ti-cgt-arm_18.12.3.LTS/lib/</path>
         <kind>archive</kind>
         <file>rtsv7M4_T_le_v4SPD16_eabi.lib</file>
         <name>boot_cortex_m.c.obj</name>
      </input_file>
      <input_file id="fl-e4">
         <path>/home/popi/ti/ccs920/ccs/tools/compiler/ti-cgt-arm_18.12.3.LTS/lib/</path>
         <kind>archive</kind>
         <file>rtsv7M4_T_le_v4SPD16_eabi.lib</file>
         <name>div0.asm.obj</name>
      </input_file>
      <input_file id="fl-e5">
         <path>/home/popi/ti/ccs920/ccs/tools/compiler/ti-cgt-arm_18.12.3.LTS/lib/</path>
         <kind>archive</kind>
         <file>rtsv7M4_T_le_v4SPD16_eabi.lib</file>
         <name>memset_t2.asm.obj</name>
      </input_file>
      <input_file id="fl-e6">
         <path>/home/popi/ti/ccs920/ccs/tools/compiler/ti-cgt-arm_18.12.3.LTS/lib/</path>
         <kind>archive</kind>
         <file>rtsv7M4_T_le_v4SPD16_eabi.lib</file>
         <name>memcpy_t2.asm.obj</name>
      </input_file>
      <input_file id="fl-e7">
         <path>/home/popi/ti/ccs920/ccs/tools/compiler/ti-cgt-arm_18.12.3.LTS/lib/</path>
         <kind>archive</kind>
         <file>rtsv7M4_T_le_v4SPD16_eabi.lib</file>
         <name>autoinit.c.obj</name>
      </input_file>
      <input_file id="fl-e8">
         <path>/home/popi/ti/ccs920/ccs/tools/compiler/ti-cgt-arm_18.12.3.LTS/lib/</path>
         <kind>archive</kind>
         <file>rtsv7M4_T_le_v4SPD16_eabi.lib</file>
         <name>pre_init.c.obj</name>
      </input_file>
      <input_file id="fl-e9">
         <path>/home/popi/ti/ccs920/ccs/tools/compiler/ti-cgt-arm_18.12.3.LTS/lib/</path>
         <kind>archive</kind>
         <file>rtsv7M4_T_le_v4SPD16_eabi.lib</file>
         <name>cpy_tbl.c.obj</name>
      </input_file>
      <input_file id="fl-ea">
         <path>/home/popi/ti/ccs920/ccs/tools/compiler/ti-cgt-arm_18.12.3.LTS/lib/</path>
         <kind>archive</kind>
         <file>rtsv7M4_T_le_v4SPD16_eabi.lib</file>
         <name>exit.c.obj</name>
      </input_file>
      <input_file id="fl-eb">
         <path>/home/popi/ti/ccs920/ccs/tools/compiler/ti-cgt-arm_18.12.3.LTS/lib/</path>
         <kind>archive</kind>
         <file>rtsv7M4_T_le_v4SPD16_eabi.lib</file>
         <name>_lock.c.obj</name>
      </input_file>
      <input_file id="fl-ec">
         <path>/home/popi/ti/ccs920/ccs/tools/compiler/ti-cgt-arm_18.12.3.LTS/lib/</path>
         <kind>archive</kind>
         <file>rtsv7M4_T_le_v4SPD16_eabi.lib</file>
         <name>args_main.c.obj</name>
      </input_file>
   </input_file_list>
   <object_component_list>
      <object_component id="oc-19">
         <name>.intvecs</name>
         <load_address>0x0</load_address>
         <run_address>0x0</run_address>
         <size>0xc8</size>
         <input_file_ref idref="fl-1d"/>
      </object_component>
      <object_component id="oc-1ae">
         <name>.text:PIN_init</name>
         <load_address>0xc8</load_address>
         <run_address>0xc8</run_address>
         <size>0x1c4</size>
         <input_file_ref idref="fl-11"/>
      </object_component>
      <object_component id="oc-530">
         <name>.text:Power_sleep</name>
         <load_address>0x28c</load_address>
         <run_address>0x28c</run_address>
         <size>0x1a8</size>
         <input_file_ref idref="fl-12"/>
      </object_component>
      <object_component id="oc-397">
         <name>.text:calibrateRcoscHf1</name>
         <load_address>0x434</load_address>
         <run_address>0x434</run_address>
         <size>0x190</size>
         <input_file_ref idref="fl-13"/>
      </object_component>
      <object_component id="oc-1a8">
         <name>.text:Power_init</name>
         <load_address>0x5c4</load_address>
         <run_address>0x5c4</run_address>
         <size>0x18c</size>
         <input_file_ref idref="fl-12"/>
      </object_component>
      <object_component id="oc-56e">
         <name>.text:runCalibrateFsm</name>
         <load_address>0x750</load_address>
         <run_address>0x750</run_address>
         <size>0x18c</size>
         <input_file_ref idref="fl-13"/>
      </object_component>
      <object_component id="oc-3b2">
         <name>.text:configureXOSCHF</name>
         <load_address>0x8dc</load_address>
         <run_address>0x8dc</run_address>
         <size>0x100</size>
         <input_file_ref idref="fl-12"/>
      </object_component>
      <object_component id="oc-63c">
         <name>.text:NOROM_SysCtrlStandby</name>
         <load_address>0x9dc</load_address>
         <run_address>0x9dc</run_address>
         <size>0xfc</size>
         <input_file_ref idref="fl-25"/>
      </object_component>
      <object_component id="oc-27b">
         <name>.text:PINCC26XX_setIoCfg</name>
         <load_address>0xad8</load_address>
         <run_address>0xad8</run_address>
         <size>0xf8</size>
         <input_file_ref idref="fl-11"/>
      </object_component>
      <object_component id="oc-293">
         <name>.text:SwiP_construct</name>
         <load_address>0xbd0</load_address>
         <run_address>0xbd0</run_address>
         <size>0xd8</size>
         <input_file_ref idref="fl-18"/>
      </object_component>
      <object_component id="oc-371">
         <name>.text:PowerCC26XX_standbyPolicy</name>
         <load_address>0xca8</load_address>
         <run_address>0xca8</run_address>
         <size>0xcc</size>
         <input_file_ref idref="fl-1c"/>
      </object_component>
      <object_component id="oc-65f">
         <name>.text:Power_releaseDependency</name>
         <load_address>0xd74</load_address>
         <run_address>0xd74</run_address>
         <size>0xc8</size>
         <input_file_ref idref="fl-12"/>
      </object_component>
      <object_component id="oc-26f">
         <name>.text:Power_setDependency</name>
         <load_address>0xe3c</load_address>
         <run_address>0xe3c</run_address>
         <size>0xc4</size>
         <input_file_ref idref="fl-12"/>
      </object_component>
      <object_component id="oc-480">
         <name>.text:TimerP_construct</name>
         <load_address>0xf00</load_address>
         <run_address>0xf00</run_address>
         <size>0xbc</size>
         <input_file_ref idref="fl-1a"/>
      </object_component>
      <object_component id="oc-2e7">
         <name>.text:ClockP_startup</name>
         <load_address>0xfbc</load_address>
         <run_address>0xfbc</run_address>
         <size>0xb4</size>
         <input_file_ref idref="fl-19"/>
      </object_component>
      <object_component id="oc-492">
         <name>.text:ClockP_workFuncDynamic</name>
         <load_address>0x1070</load_address>
         <run_address>0x1070</run_address>
         <size>0xac</size>
         <input_file_ref idref="fl-19"/>
      </object_component>
      <object_component id="oc-1c5">
         <name>.text:PIN_open</name>
         <load_address>0x111c</load_address>
         <run_address>0x111c</run_address>
         <size>0xac</size>
         <input_file_ref idref="fl-11"/>
      </object_component>
      <object_component id="oc-c2">
         <name>.text:TrimAfterColdResetWakeupFromShutDown</name>
         <load_address>0x11c8</load_address>
         <run_address>0x11c8</run_address>
         <size>0xac</size>
         <input_file_ref idref="fl-24"/>
      </object_component>
      <object_component id="oc-1e6">
         <name>.text:buttonCallbackFxn</name>
         <load_address>0x1274</load_address>
         <run_address>0x1274</run_address>
         <size>0xa4</size>
         <input_file_ref idref="fl-4"/>
      </object_component>
      <object_component id="oc-2d3">
         <name>.text:SemaphoreP_pend</name>
         <load_address>0x1318</load_address>
         <run_address>0x1318</run_address>
         <size>0xa0</size>
         <input_file_ref idref="fl-17"/>
      </object_component>
      <object_component id="oc-5a9">
         <name>.text:SwiP_dispatch</name>
         <load_address>0x13b8</load_address>
         <run_address>0x13b8</run_address>
         <size>0x9c</size>
         <input_file_ref idref="fl-18"/>
      </object_component>
      <object_component id="oc-58">
         <name>.text</name>
         <load_address>0x1454</load_address>
         <run_address>0x1454</run_address>
         <size>0x9c</size>
         <input_file_ref idref="fl-e6"/>
      </object_component>
      <object_component id="oc-76">
         <name>.text:NOROM_SetupTrimDevice</name>
         <load_address>0x14f0</load_address>
         <run_address>0x14f0</run_address>
         <size>0x98</size>
         <input_file_ref idref="fl-24"/>
      </object_component>
      <object_component id="oc-2ed">
         <name>.text</name>
         <load_address>0x1588</load_address>
         <run_address>0x1588</run_address>
         <size>0x96</size>
         <input_file_ref idref="fl-dd"/>
      </object_component>
      <object_component id="oc-4b0">
         <name>.text:SemaphoreP_destruct</name>
         <load_address>0x161e</load_address>
         <run_address>0x161e</run_address>
         <size>0x2</size>
         <input_file_ref idref="fl-17"/>
      </object_component>
      <object_component id="oc-550">
         <name>.text:NOROM_OSCHF_AttemptToSwitchToXosc</name>
         <load_address>0x1620</load_address>
         <run_address>0x1620</run_address>
         <size>0x88</size>
         <input_file_ref idref="fl-23"/>
      </object_component>
      <object_component id="oc-391">
         <name>.text:calibrateRcoscHf2</name>
         <load_address>0x16a8</load_address>
         <run_address>0x16a8</run_address>
         <size>0x88</size>
         <input_file_ref idref="fl-13"/>
      </object_component>
      <object_component id="oc-38a">
         <name>.text:disableLFClockQualifiers</name>
         <load_address>0x1730</load_address>
         <run_address>0x1730</run_address>
         <size>0x88</size>
         <input_file_ref idref="fl-12"/>
      </object_component>
      <object_component id="oc-39d">
         <name>.text:updateSubSecInc</name>
         <load_address>0x17b8</load_address>
         <run_address>0x17b8</run_address>
         <size>0x88</size>
         <input_file_ref idref="fl-13"/>
      </object_component>
      <object_component id="oc-42e">
         <name>.text:CC1352R1_LAUNCHXL_sendExtFlashByte</name>
         <load_address>0x1840</load_address>
         <run_address>0x1840</run_address>
         <size>0x84</size>
         <input_file_ref idref="fl-2"/>
      </object_component>
      <object_component id="oc-341">
         <name>.text:ClockP_start</name>
         <load_address>0x18c4</load_address>
         <run_address>0x18c4</run_address>
         <size>0x80</size>
         <input_file_ref idref="fl-19"/>
      </object_component>
      <object_component id="oc-21c">
         <name>.text:HwiP_construct</name>
         <load_address>0x1944</load_address>
         <run_address>0x1944</run_address>
         <size>0x80</size>
         <input_file_ref idref="fl-1b"/>
      </object_component>
      <object_component id="oc-5f8">
         <name>.text:ClockP_walkQueueDynamic</name>
         <load_address>0x19c4</load_address>
         <run_address>0x19c4</run_address>
         <size>0x78</size>
         <input_file_ref idref="fl-19"/>
      </object_component>
      <object_component id="oc-246">
         <name>.text:PowerCC26X2_auxISR</name>
         <load_address>0x1a3c</load_address>
         <run_address>0x1a3c</run_address>
         <size>0x74</size>
         <input_file_ref idref="fl-13"/>
      </object_component>
      <object_component id="oc-57c">
         <name>.text:NOROM_OSCHF_SwitchToRcOscTurnOffXosc</name>
         <load_address>0x1ab0</load_address>
         <run_address>0x1ab0</run_address>
         <size>0x68</size>
         <input_file_ref idref="fl-23"/>
      </object_component>
      <object_component id="oc-6c8">
         <name>.text:NOROM_SysCtrlSetRechargeBeforePowerDown</name>
         <load_address>0x1b18</load_address>
         <run_address>0x1b18</run_address>
         <size>0x68</size>
         <input_file_ref idref="fl-25"/>
      </object_component>
      <object_component id="oc-5b0">
         <name>.text:SwiP_post</name>
         <load_address>0x1b80</load_address>
         <run_address>0x1b80</run_address>
         <size>0x68</size>
         <input_file_ref idref="fl-18"/>
      </object_component>
      <object_component id="oc-69d">
         <name>.text:TimerP_start</name>
         <load_address>0x1be8</load_address>
         <run_address>0x1be8</run_address>
         <size>0x68</size>
         <input_file_ref idref="fl-1a"/>
      </object_component>
      <object_component id="oc-1c">
         <name>.text:decompress:lzss:__TI_decompress_lzss</name>
         <load_address>0x1c50</load_address>
         <run_address>0x1c50</run_address>
         <size>0x68</size>
         <input_file_ref idref="fl-e1"/>
      </object_component>
      <object_component id="oc-15e">
         <name>.text:mainThread</name>
         <load_address>0x1cb8</load_address>
         <run_address>0x1cb8</run_address>
         <size>0x60</size>
         <input_file_ref idref="fl-4"/>
      </object_component>
      <object_component id="oc-5bd">
         <name>.text:PIN_remove</name>
         <load_address>0x1d18</load_address>
         <run_address>0x1d18</run_address>
         <size>0x5c</size>
         <input_file_ref idref="fl-11"/>
      </object_component>
      <object_component id="oc-549">
         <name>.text:PowerCC26X2_initiateCalibration</name>
         <load_address>0x1d74</load_address>
         <run_address>0x1d74</run_address>
         <size>0x58</size>
         <input_file_ref idref="fl-13"/>
      </object_component>
      <object_component id="oc-25d">
         <name>.text:NOROM_ChipInfo_GetChipType</name>
         <load_address>0x1dcc</load_address>
         <run_address>0x1dcc</run_address>
         <size>0x54</size>
         <input_file_ref idref="fl-1f"/>
      </object_component>
      <object_component id="oc-3d2">
         <name>.text:SemaphoreP_construct</name>
         <load_address>0x1e20</load_address>
         <run_address>0x1e20</run_address>
         <size>0x50</size>
         <input_file_ref idref="fl-17"/>
      </object_component>
      <object_component id="oc-428">
         <name>.text:CC1352R1_LAUNCHXL_wakeUpExtFlash</name>
         <load_address>0x1e70</load_address>
         <run_address>0x1e70</run_address>
         <size>0x4c</size>
         <input_file_ref idref="fl-2"/>
      </object_component>
      <object_component id="oc-381">
         <name>.text:switchXOSCHF</name>
         <load_address>0x1ebc</load_address>
         <run_address>0x1ebc</run_address>
         <size>0x4c</size>
         <input_file_ref idref="fl-12"/>
      </object_component>
      <object_component id="oc-210">
         <name>.text:ClockP_construct</name>
         <load_address>0x1f08</load_address>
         <run_address>0x1f08</run_address>
         <size>0x48</size>
         <input_file_ref idref="fl-19"/>
      </object_component>
      <object_component id="oc-23a">
         <name>.text:PowerCC26X2_RCOSC_clockFunc</name>
         <load_address>0x1f50</load_address>
         <run_address>0x1f50</run_address>
         <size>0x48</size>
         <input_file_ref idref="fl-13"/>
      </object_component>
      <object_component id="oc-10f">
         <name>.text:NOROM_ChipInfo_GetHwRevision</name>
         <load_address>0x1f98</load_address>
         <run_address>0x1f98</run_address>
         <size>0x44</size>
         <input_file_ref idref="fl-1f"/>
      </object_component>
      <object_component id="oc-2b1">
         <name>.text:PIN_swi</name>
         <load_address>0x1fdc</load_address>
         <run_address>0x1fdc</run_address>
         <size>0x44</size>
         <input_file_ref idref="fl-11"/>
      </object_component>
      <object_component id="oc-2df">
         <name>.text:SemaphoreP_post</name>
         <load_address>0x2020</load_address>
         <run_address>0x2020</run_address>
         <size>0x44</size>
         <input_file_ref idref="fl-17"/>
      </object_component>
      <object_component id="oc-642">
         <name>.text:SwiP_restore</name>
         <load_address>0x2064</load_address>
         <run_address>0x2064</run_address>
         <size>0x44</size>
         <input_file_ref idref="fl-18"/>
      </object_component>
      <object_component id="oc-171">
         <name>.text:__TI_auto_init_nobinit_nopinit:__TI_auto_init_nobinit_nopinit</name>
         <load_address>0x20a8</load_address>
         <run_address>0x20a8</run_address>
         <size>0x44</size>
         <input_file_ref idref="fl-e7"/>
      </object_component>
      <object_component id="oc-2c8">
         <name>.text:CC1352R1_LAUNCHXL_shutDownExtFlash</name>
         <load_address>0x20ec</load_address>
         <run_address>0x20ec</run_address>
         <size>0x40</size>
         <input_file_ref idref="fl-2"/>
      </object_component>
      <object_component id="oc-311">
         <name>.text:PIN_setOutputValue</name>
         <load_address>0x212c</load_address>
         <run_address>0x212c</run_address>
         <size>0x3c</size>
         <input_file_ref idref="fl-11"/>
      </object_component>
      <object_component id="oc-567">
         <name>.text:NOROM_OSC_HPOSCRelativeFrequencyOffsetGet</name>
         <load_address>0x2168</load_address>
         <run_address>0x2168</run_address>
         <size>0x38</size>
         <input_file_ref idref="fl-23"/>
      </object_component>
      <object_component id="oc-2d9">
         <name>.text:PIN_setConfig</name>
         <load_address>0x21a0</load_address>
         <run_address>0x21a0</run_address>
         <size>0x38</size>
         <input_file_ref idref="fl-11"/>
      </object_component>
      <object_component id="oc-4dc">
         <name>.text:TimerP_getCurrentTick</name>
         <load_address>0x21d8</load_address>
         <run_address>0x21d8</run_address>
         <size>0x38</size>
         <input_file_ref idref="fl-1a"/>
      </object_component>
      <object_component id="oc-5da">
         <name>.text:TimerP_initDevice</name>
         <load_address>0x2210</load_address>
         <run_address>0x2210</run_address>
         <size>0x38</size>
         <input_file_ref idref="fl-1a"/>
      </object_component>
      <object_component id="oc-55c">
         <name>.text:notify</name>
         <load_address>0x2248</load_address>
         <run_address>0x2248</run_address>
         <size>0x38</size>
         <input_file_ref idref="fl-12"/>
      </object_component>
      <object_component id="oc-614">
         <name>.text:TimerP_setNextTick</name>
         <load_address>0x2280</load_address>
         <run_address>0x2280</run_address>
         <size>0x36</size>
         <input_file_ref idref="fl-1a"/>
      </object_component>
      <object_component id="oc-462">
         <name>.text:clkFxn</name>
         <load_address>0x22b6</load_address>
         <run_address>0x22b6</run_address>
         <size>0x2</size>
         <input_file_ref idref="fl-17"/>
      </object_component>
      <object_component id="oc-51e">
         <name>.text:ClockP_getTicksUntilInterrupt</name>
         <load_address>0x22b8</load_address>
         <run_address>0x22b8</run_address>
         <size>0x34</size>
         <input_file_ref idref="fl-19"/>
      </object_component>
      <object_component id="oc-116">
         <name>.text:NOROM_AUXSYSIFOpModeChange</name>
         <load_address>0x22ec</load_address>
         <run_address>0x22ec</run_address>
         <size>0x34</size>
         <input_file_ref idref="fl-26"/>
      </object_component>
      <object_component id="oc-34f">
         <name>.text:NOROM_IntRegister</name>
         <load_address>0x2320</load_address>
         <run_address>0x2320</run_address>
         <size>0x34</size>
         <input_file_ref idref="fl-22"/>
      </object_component>
      <object_component id="oc-53c">
         <name>.text:NOROM_SysCtrlIdle</name>
         <load_address>0x2354</load_address>
         <run_address>0x2354</run_address>
         <size>0x34</size>
         <input_file_ref idref="fl-25"/>
      </object_component>
      <object_component id="oc-556">
         <name>.text:Power_releaseConstraint</name>
         <load_address>0x2388</load_address>
         <run_address>0x2388</run_address>
         <size>0x30</size>
         <input_file_ref idref="fl-12"/>
      </object_component>
      <object_component id="oc-222">
         <name>.text:Power_setConstraint</name>
         <load_address>0x23b8</load_address>
         <run_address>0x23b8</run_address>
         <size>0x30</size>
         <input_file_ref idref="fl-12"/>
      </object_component>
      <object_component id="oc-db">
         <name>.text:_c_int00:_c_int00</name>
         <load_address>0x23e8</load_address>
         <run_address>0x23e8</run_address>
         <size>0x30</size>
         <input_file_ref idref="fl-e3"/>
      </object_component>
      <object_component id="oc-6ba">
         <name>.text:TimerP_setThreshold</name>
         <load_address>0x2418</load_address>
         <run_address>0x2418</run_address>
         <size>0x2c</size>
         <input_file_ref idref="fl-1a"/>
      </object_component>
      <object_component id="oc-1d1">
         <name>.text:ClockP_sleep</name>
         <load_address>0x2444</load_address>
         <run_address>0x2444</run_address>
         <size>0x28</size>
         <input_file_ref idref="fl-19"/>
      </object_component>
      <object_component id="oc-576">
         <name>.text:NOROM_OSCHF_TurnOnXosc</name>
         <load_address>0x246c</load_address>
         <run_address>0x246c</run_address>
         <size>0x28</size>
         <input_file_ref idref="fl-23"/>
      </object_component>
      <object_component id="oc-240">
         <name>.text:oscillatorISR</name>
         <load_address>0x2494</load_address>
         <run_address>0x2494</run_address>
         <size>0x28</size>
         <input_file_ref idref="fl-12"/>
      </object_component>
      <object_component id="oc-4e8">
         <name>.text:ClockP_getTicks</name>
         <load_address>0x24bc</load_address>
         <run_address>0x24bc</run_address>
         <size>0x24</size>
         <input_file_ref idref="fl-19"/>
      </object_component>
      <object_component id="oc-4e2">
         <name>.text:ClockP_scheduleNextTick</name>
         <load_address>0x24e0</load_address>
         <run_address>0x24e0</run_address>
         <size>0x24</size>
         <input_file_ref idref="fl-19"/>
      </object_component>
      <object_component id="oc-355">
         <name>.text:HwiP_dispatch</name>
         <load_address>0x2504</load_address>
         <run_address>0x2504</run_address>
         <size>0x24</size>
         <input_file_ref idref="fl-1b"/>
      </object_component>
      <object_component id="oc-486">
         <name>.text:TimerP_getMaxTicks</name>
         <load_address>0x2528</load_address>
         <run_address>0x2528</run_address>
         <size>0x24</size>
         <input_file_ref idref="fl-1a"/>
      </object_component>
      <object_component id="oc-64d">
         <name>.text:getTdcSemaphore</name>
         <load_address>0x254c</load_address>
         <run_address>0x254c</run_address>
         <size>0x24</size>
         <input_file_ref idref="fl-13"/>
      </object_component>
      <object_component id="oc-2f2">
         <name>.text:sleepTicks</name>
         <load_address>0x2570</load_address>
         <run_address>0x2570</run_address>
         <size>0x24</size>
         <input_file_ref idref="fl-19"/>
      </object_component>
      <object_component id="oc-44a">
         <name>.text:ClockP_add</name>
         <load_address>0x2594</load_address>
         <run_address>0x2594</run_address>
         <size>0x20</size>
         <input_file_ref idref="fl-19"/>
      </object_component>
      <object_component id="oc-281">
         <name>.text:PINCC26XX_setIoCfgMux</name>
         <load_address>0x25b4</load_address>
         <run_address>0x25b4</run_address>
         <size>0x20</size>
         <input_file_ref idref="fl-11"/>
      </object_component>
      <object_component id="oc-33b">
         <name>.text:QueueP_put</name>
         <load_address>0x25d4</load_address>
         <run_address>0x25d4</run_address>
         <size>0x20</size>
         <input_file_ref idref="fl-1e"/>
      </object_component>
      <object_component id="oc-5ec">
         <name>.text:TimerP_dynamicStub</name>
         <load_address>0x25f4</load_address>
         <run_address>0x25f4</run_address>
         <size>0x20</size>
         <input_file_ref idref="fl-1a"/>
      </object_component>
      <object_component id="oc-434">
         <name>.text:PIN_close</name>
         <load_address>0x2614</load_address>
         <run_address>0x2614</run_address>
         <size>0x1e</size>
         <input_file_ref idref="fl-11"/>
      </object_component>
      <object_component id="oc-524">
         <name>.text:Power_getTransitionLatency</name>
         <load_address>0x2632</load_address>
         <run_address>0x2632</run_address>
         <size>0x1e</size>
         <input_file_ref idref="fl-12"/>
      </object_component>
      <object_component id="oc-275">
         <name>.text:SemaphoreP_constructBinary</name>
         <load_address>0x2650</load_address>
         <run_address>0x2650</run_address>
         <size>0x1e</size>
         <input_file_ref idref="fl-17"/>
      </object_component>
      <object_component id="oc-40a">
         <name>.text:SwiP_or</name>
         <load_address>0x266e</load_address>
         <run_address>0x266e</run_address>
         <size>0x1e</size>
         <input_file_ref idref="fl-18"/>
      </object_component>
      <object_component id="oc-152">
         <name>.text:Board_init</name>
         <load_address>0x268c</load_address>
         <run_address>0x268c</run_address>
         <size>0x1c</size>
         <input_file_ref idref="fl-6"/>
      </object_component>
      <object_component id="oc-109">
         <name>.text:NOROM_ChipInfo_GetChipFamily</name>
         <load_address>0x26a8</load_address>
         <run_address>0x26a8</run_address>
         <size>0x1c</size>
         <input_file_ref idref="fl-1f"/>
      </object_component>
      <object_component id="oc-2a8">
         <name>.text:PIN_hwi</name>
         <load_address>0x26c4</load_address>
         <run_address>0x26c4</run_address>
         <size>0x1c</size>
         <input_file_ref idref="fl-11"/>
      </object_component>
      <object_component id="oc-630">
         <name>.text:SwiP_disable</name>
         <load_address>0x26e0</load_address>
         <run_address>0x26e0</run_address>
         <size>0x1c</size>
         <input_file_ref idref="fl-18"/>
      </object_component>
      <object_component id="oc-64">
         <name>.text:decompress:ZI:__TI_zero_init_nomemset:__TI_zero_init_nomemset</name>
         <load_address>0x26fc</load_address>
         <run_address>0x26fc</run_address>
         <size>0x1c</size>
         <input_file_ref idref="fl-df"/>
      </object_component>
      <object_component id="oc-377">
         <name>.text:PowerCC26XX_calibrate</name>
         <load_address>0x2718</load_address>
         <run_address>0x2718</run_address>
         <size>0x1a</size>
         <input_file_ref idref="fl-12"/>
      </object_component>
      <object_component id="oc-67b">
         <name>.text:QueueP_get</name>
         <load_address>0x2732</load_address>
         <run_address>0x2732</run_address>
         <size>0x1a</size>
         <input_file_ref idref="fl-1e"/>
      </object_component>
      <object_component id="oc-45c">
         <name>.text:ClockP_destruct</name>
         <load_address>0x274c</load_address>
         <run_address>0x274c</run_address>
         <size>0x18</size>
         <input_file_ref idref="fl-19"/>
      </object_component>
      <object_component id="oc-46d">
         <name>.text:HwiP_inISR</name>
         <load_address>0x2764</load_address>
         <run_address>0x2764</run_address>
         <size>0x18</size>
         <input_file_ref idref="fl-1b"/>
      </object_component>
      <object_component id="oc-263">
         <name>.text:NOROM_ChipInfo_GetPackageType</name>
         <load_address>0x277c</load_address>
         <run_address>0x277c</run_address>
         <size>0x18</size>
         <input_file_ref idref="fl-1f"/>
      </object_component>
      <object_component id="oc-66d">
         <name>.text:Power_idleFunc</name>
         <load_address>0x2794</load_address>
         <run_address>0x2794</run_address>
         <size>0x18</size>
         <input_file_ref idref="fl-12"/>
      </object_component>
      <object_component id="oc-5e0">
         <name>.text:TimerP_startup</name>
         <load_address>0x27ac</load_address>
         <run_address>0x27ac</run_address>
         <size>0x18</size>
         <input_file_ref idref="fl-1a"/>
      </object_component>
      <object_component id="oc-12e">
         <name>.text:_args_main</name>
         <load_address>0x27c4</load_address>
         <run_address>0x27c4</run_address>
         <size>0x18</size>
         <input_file_ref idref="fl-ec"/>
      </object_component>
      <object_component id="oc-60e">
         <name>.text</name>
         <load_address>0x27dc</load_address>
         <run_address>0x27dc</run_address>
         <size>0x18</size>
         <input_file_ref idref="fl-de"/>
      </object_component>
      <object_component id="oc-bc">
         <name>.text:NOROM_ThisLibraryIsFor_CC13x2_CC26x2_HwRev20AndLater_HaltIfViolated</name>
         <load_address>0x27f4</load_address>
         <run_address>0x27f4</run_address>
         <size>0x16</size>
         <input_file_ref idref="fl-1f"/>
      </object_component>
      <object_component id="oc-675">
         <name>.text:maxbit</name>
         <load_address>0x280a</load_address>
         <run_address>0x280a</run_address>
         <size>0x16</size>
         <input_file_ref idref="fl-18"/>
      </object_component>
      <object_component id="oc-305">
         <name>.text:PINCC26XX_getInputValue</name>
         <load_address>0x2820</load_address>
         <run_address>0x2820</run_address>
         <size>0x14</size>
         <input_file_ref idref="fl-11"/>
      </object_component>
      <object_component id="oc-30b">
         <name>.text:PINCC26XX_getOutputValue</name>
         <load_address>0x2834</load_address>
         <run_address>0x2834</run_address>
         <size>0x14</size>
         <input_file_ref idref="fl-11"/>
      </object_component>
      <object_component id="oc-3a3">
         <name>.text:PowerCC26X2_calibrate</name>
         <load_address>0x2848</load_address>
         <run_address>0x2848</run_address>
         <size>0x14</size>
         <input_file_ref idref="fl-13"/>
      </object_component>
      <object_component id="oc-473">
         <name>.text:Power_disablePolicy</name>
         <load_address>0x285c</load_address>
         <run_address>0x285c</run_address>
         <size>0x14</size>
         <input_file_ref idref="fl-12"/>
      </object_component>
      <object_component id="oc-3f9">
         <name>.text:SwiP_handleHwi</name>
         <load_address>0x2870</load_address>
         <run_address>0x2870</run_address>
         <size>0x14</size>
         <input_file_ref idref="fl-18"/>
      </object_component>
      <object_component id="oc-608">
         <name>.text:TimerP_getCount64</name>
         <load_address>0x2884</load_address>
         <run_address>0x2884</run_address>
         <size>0x14</size>
         <input_file_ref idref="fl-1a"/>
      </object_component>
      <object_component id="oc-29">
         <name>.text:resetISR</name>
         <load_address>0x2898</load_address>
         <run_address>0x2898</run_address>
         <size>0x14</size>
         <input_file_ref idref="fl-1d"/>
      </object_component>
      <object_component id="oc-22e">
         <name>.text:switchToTCXO</name>
         <load_address>0x28ac</load_address>
         <run_address>0x28ac</run_address>
         <size>0x14</size>
         <input_file_ref idref="fl-12"/>
      </object_component>
      <object_component id="oc-287">
         <name>.text:HwiP_Params_init</name>
         <load_address>0x28c0</load_address>
         <run_address>0x28c0</run_address>
         <size>0x12</size>
         <input_file_ref idref="fl-1b"/>
      </object_component>
      <object_component id="oc-124">
         <name>.text:main</name>
         <load_address>0x28d2</load_address>
         <run_address>0x28d2</run_address>
         <size>0x12</size>
         <input_file_ref idref="fl-3"/>
      </object_component>
      <object_component id="oc-216">
         <name>.text:ClockP_Params_init</name>
         <load_address>0x28e4</load_address>
         <run_address>0x28e4</run_address>
         <size>0x10</size>
         <input_file_ref idref="fl-19"/>
      </object_component>
      <object_component id="oc-363">
         <name>.text:HwiP_disable</name>
         <load_address>0x28f4</load_address>
         <run_address>0x28f4</run_address>
         <size>0x10</size>
         <input_file_ref idref="fl-1b"/>
      </object_component>
      <object_component id="oc-688">
         <name>.text:HwiP_post</name>
         <load_address>0x2904</load_address>
         <run_address>0x2904</run_address>
         <size>0x10</size>
         <input_file_ref idref="fl-1b"/>
      </object_component>
      <object_component id="oc-269">
         <name>.text:PINCC26XX_getPinCount</name>
         <load_address>0x2914</load_address>
         <run_address>0x2914</run_address>
         <size>0x10</size>
         <input_file_ref idref="fl-11"/>
      </object_component>
      <object_component id="oc-624">
         <name>.text:PowerCC26XX_schedulerDisable</name>
         <load_address>0x2924</load_address>
         <run_address>0x2924</run_address>
         <size>0x10</size>
         <input_file_ref idref="fl-1c"/>
      </object_component>
      <object_component id="oc-450">
         <name>.text:Power_enablePolicy</name>
         <load_address>0x2934</load_address>
         <run_address>0x2934</run_address>
         <size>0x10</size>
         <input_file_ref idref="fl-12"/>
      </object_component>
      <object_component id="oc-3cc">
         <name>.text:SemaphoreP_Params_init</name>
         <load_address>0x2944</load_address>
         <run_address>0x2944</run_address>
         <size>0x10</size>
         <input_file_ref idref="fl-17"/>
      </object_component>
      <object_component id="oc-28d">
         <name>.text:SwiP_Params_init</name>
         <load_address>0x2954</load_address>
         <run_address>0x2954</run_address>
         <size>0x10</size>
         <input_file_ref idref="fl-18"/>
      </object_component>
      <object_component id="oc-47a">
         <name>.text:TimerP_Params_init</name>
         <load_address>0x2964</load_address>
         <run_address>0x2964</run_address>
         <size>0x10</size>
         <input_file_ref idref="fl-1a"/>
      </object_component>
      <object_component id="oc-681">
         <name>.text:QueueP_empty</name>
         <load_address>0x2974</load_address>
         <run_address>0x2974</run_address>
         <size>0xe</size>
         <input_file_ref idref="fl-1e"/>
      </object_component>
      <object_component id="oc-5c9">
         <name>.text:QueueP_remove</name>
         <load_address>0x2982</load_address>
         <run_address>0x2982</run_address>
         <size>0xe</size>
         <input_file_ref idref="fl-1e"/>
      </object_component>
      <object_component id="oc-22">
         <name>.text:decompress:none:__TI_decompress_none</name>
         <load_address>0x2990</load_address>
         <run_address>0x2990</run_address>
         <size>0xe</size>
         <input_file_ref idref="fl-e0"/>
      </object_component>
      <object_component id="oc-234">
         <name>.text:emptyClockFunc</name>
         <load_address>0x299e</load_address>
         <run_address>0x299e</run_address>
         <size>0x2</size>
         <input_file_ref idref="fl-12"/>
      </object_component>
      <object_component id="oc-498">
         <name>.text:ClockP_doTick</name>
         <load_address>0x29a0</load_address>
         <run_address>0x29a0</run_address>
         <size>0xc</size>
         <input_file_ref idref="fl-19"/>
      </object_component>
      <object_component id="oc-70">
         <name>.text:NOROM_CPUcpsid</name>
         <load_address>0x29ac</load_address>
         <run_address>0x29ac</run_address>
         <size>0xc</size>
         <input_file_ref idref="fl-20"/>
      </object_component>
      <object_component id="oc-1be">
         <name>.text:NOROM_CPUcpsie</name>
         <load_address>0x29b8</load_address>
         <run_address>0x29b8</run_address>
         <size>0xc</size>
         <input_file_ref idref="fl-20"/>
      </object_component>
      <object_component id="oc-1cb">
         <name>.text:PIN_registerIntCb</name>
         <load_address>0x29c4</load_address>
         <run_address>0x29c4</run_address>
         <size>0xc</size>
         <input_file_ref idref="fl-11"/>
      </object_component>
      <object_component id="oc-62a">
         <name>.text:PowerCC26XX_schedulerRestore</name>
         <load_address>0x29d0</load_address>
         <run_address>0x29d0</run_address>
         <size>0xc</size>
         <input_file_ref idref="fl-1c"/>
      </object_component>
      <object_component id="oc-518">
         <name>.text:Power_getConstraintMask</name>
         <load_address>0x29dc</load_address>
         <run_address>0x29dc</run_address>
         <size>0xc</size>
         <input_file_ref idref="fl-12"/>
      </object_component>
      <object_component id="oc-636">
         <name>.text:Power_getDependencyCount</name>
         <load_address>0x29e8</load_address>
         <run_address>0x29e8</run_address>
         <size>0xc</size>
         <input_file_ref idref="fl-12"/>
      </object_component>
      <object_component id="oc-413">
         <name>.text:SwiP_getTrigger</name>
         <load_address>0x29f4</load_address>
         <run_address>0x29f4</run_address>
         <size>0xc</size>
         <input_file_ref idref="fl-18"/>
      </object_component>
      <object_component id="oc-48c">
         <name>.text:TimerP_getFreq</name>
         <load_address>0x2a00</load_address>
         <run_address>0x2a00</run_address>
         <size>0xc</size>
         <input_file_ref idref="fl-1a"/>
      </object_component>
      <object_component id="oc-1b4">
         <name>.text:Board_initHook</name>
         <load_address>0x2a0c</load_address>
         <run_address>0x2a0c</run_address>
         <size>0x8</size>
         <input_file_ref idref="fl-2"/>
      </object_component>
      <object_component id="oc-369">
         <name>.text:HwiP_restore</name>
         <load_address>0x2a14</load_address>
         <run_address>0x2a14</run_address>
         <size>0x8</size>
         <input_file_ref idref="fl-1b"/>
      </object_component>
      <object_component id="oc-536">
         <name>.text:ClockP_stop</name>
         <load_address>0x2a1c</load_address>
         <run_address>0x2a1c</run_address>
         <size>0x6</size>
         <input_file_ref idref="fl-19"/>
      </object_component>
      <object_component id="oc-304">
         <name>.text:NOROM_CPUdelay</name>
         <load_address>0x2a22</load_address>
         <run_address>0x2a22</run_address>
         <size>0x6</size>
         <input_file_ref idref="fl-20"/>
      </object_component>
      <object_component id="oc-3e7">
         <name>.text:QueueP_init</name>
         <load_address>0x2a28</load_address>
         <run_address>0x2a28</run_address>
         <size>0x6</size>
         <input_file_ref idref="fl-1e"/>
      </object_component>
      <object_component id="oc-542">
         <name>.text:CPUwfi</name>
         <load_address>0x2a2e</load_address>
         <run_address>0x2a2e</run_address>
         <size>0x4</size>
         <input_file_ref idref="fl-1c"/>
      </object_component>
      <object_component id="oc-456">
         <name>.text:ClockP_isActive</name>
         <load_address>0x2a32</load_address>
         <run_address>0x2a32</run_address>
         <size>0x4</size>
         <input_file_ref idref="fl-19"/>
      </object_component>
      <object_component id="oc-52a">
         <name>.text:ClockP_setTimeout</name>
         <load_address>0x2a36</load_address>
         <run_address>0x2a36</run_address>
         <size>0x4</size>
         <input_file_ref idref="fl-19"/>
      </object_component>
      <object_component id="oc-158">
         <name>.text:HwiP_enable</name>
         <load_address>0x2a3a</load_address>
         <run_address>0x2a3a</run_address>
         <size>0x4</size>
         <input_file_ref idref="fl-1b"/>
      </object_component>
      <object_component id="oc-6ab">
         <name>.text:QueueP_head</name>
         <load_address>0x2a3e</load_address>
         <run_address>0x2a3e</run_address>
         <size>0x4</size>
         <input_file_ref idref="fl-1e"/>
      </object_component>
      <object_component id="oc-6b1">
         <name>.text:QueueP_next</name>
         <load_address>0x2a42</load_address>
         <run_address>0x2a42</run_address>
         <size>0x4</size>
         <input_file_ref idref="fl-1e"/>
      </object_component>
      <object_component id="oc-11e">
         <name>.text:_system_pre_init</name>
         <load_address>0x2a46</load_address>
         <run_address>0x2a46</run_address>
         <size>0x4</size>
         <input_file_ref idref="fl-e8"/>
      </object_component>
      <object_component id="oc-165">
         <name>.text:abort:abort</name>
         <load_address>0x2a4a</load_address>
         <run_address>0x2a4a</run_address>
         <size>0x4</size>
         <input_file_ref idref="fl-ea"/>
      </object_component>
      <object_component id="oc-3ac">
         <name>.text:configureRFCoreClocks</name>
         <load_address>0x2a4e</load_address>
         <run_address>0x2a4e</run_address>
         <size>0x4</size>
         <input_file_ref idref="fl-12"/>
      </object_component>
      <object_component id="oc-3b8">
         <name>.text:nopResourceHandler</name>
         <load_address>0x2a52</load_address>
         <run_address>0x2a52</run_address>
         <size>0x4</size>
         <input_file_ref idref="fl-12"/>
      </object_component>
      <object_component id="oc-3e">
         <name>.text:faultISR</name>
         <load_address>0x2a56</load_address>
         <run_address>0x2a56</run_address>
         <size>0x2</size>
         <input_file_ref idref="fl-1d"/>
      </object_component>
      <object_component id="oc-44">
         <name>.text:intDefaultHandler</name>
         <load_address>0x2a58</load_address>
         <run_address>0x2a58</run_address>
         <size>0x2</size>
         <input_file_ref idref="fl-1d"/>
      </object_component>
      <object_component id="oc-38">
         <name>.text:nmiISR</name>
         <load_address>0x2a5a</load_address>
         <run_address>0x2a5a</run_address>
         <size>0x2</size>
         <input_file_ref idref="fl-1d"/>
      </object_component>
      <object_component id="oc-4aa">
         <name>.text</name>
         <load_address>0x2a5c</load_address>
         <run_address>0x2a5c</run_address>
         <size>0x2</size>
         <input_file_ref idref="fl-e4"/>
      </object_component>
      <object_component id="oc-3c8">
         <name>.const:resourceDB</name>
         <load_address>0x2a60</load_address>
         <run_address>0x2a60</run_address>
         <size>0x54</size>
         <input_file_ref idref="fl-12"/>
      </object_component>
      <object_component id="oc-1ba">
         <name>.const:BoardGpioInitTable</name>
         <load_address>0x2ab4</load_address>
         <run_address>0x2ab4</run_address>
         <size>0x18</size>
         <input_file_ref idref="fl-6"/>
      </object_component>
      <object_component id="oc-43a">
         <name>.const:$P$T1$2</name>
         <load_address>0x2acc</load_address>
         <run_address>0x2acc</run_address>
         <size>0x14</size>
         <input_file_ref idref="fl-2"/>
      </object_component>
      <object_component id="oc-228">
         <name>.const:PowerCC26X2_config</name>
         <load_address>0x2ae0</load_address>
         <run_address>0x2ae0</run_address>
         <size>0x14</size>
         <input_file_ref idref="fl-6"/>
      </object_component>
      <object_component id="oc-3e2">
         <name>.const:SwiP_defaultParams</name>
         <load_address>0x2af4</load_address>
         <run_address>0x2af4</run_address>
         <size>0x10</size>
         <input_file_ref idref="fl-18"/>
      </object_component>
      <object_component id="oc-144">
         <name>.const:$O1$$</name>
         <load_address>0x2b04</load_address>
         <run_address>0x2b04</run_address>
         <size>0x8</size>
         <input_file_ref idref="fl-26"/>
      </object_component>
      <object_component id="oc-5b8">
         <name>.const:$P$T0$1</name>
         <load_address>0x2b0c</load_address>
         <run_address>0x2b0c</run_address>
         <size>0x8</size>
         <input_file_ref idref="fl-2"/>
      </object_component>
      <object_component id="oc-2a2">
         <name>.const:PINCC26XX_hwAttrs</name>
         <load_address>0x2b14</load_address>
         <run_address>0x2b14</run_address>
         <size>0x8</size>
         <input_file_ref idref="fl-6"/>
      </object_component>
      <object_component id="oc-6f0">
         <name>.binit</name>
         <load_address>0x0</load_address>
         <run_address>0x0</run_address>
         <size>0x0</size>
      </object_component>
      <object_component id="oc-723">
         <name>.cinit..data.load</name>
         <load_address>0x2b28</load_address>
         <run_address>0x2b28</run_address>
         <size>0x4b</size>
      </object_component>
      <object_component id="oc-720">
         <name>__TI_handler_table</name>
         <load_address>0x2b74</load_address>
         <run_address>0x2b74</run_address>
         <size>0xc</size>
      </object_component>
      <object_component id="oc-724">
         <name>.cinit..bss.load</name>
         <load_address>0x2b80</load_address>
         <run_address>0x2b80</run_address>
         <size>0x8</size>
      </object_component>
      <object_component id="oc-722">
         <name>.cinit..vtable_ram.load</name>
         <load_address>0x2b88</load_address>
         <run_address>0x2b88</run_address>
         <size>0x8</size>
      </object_component>
      <object_component id="oc-721">
         <name>__TI_cinit_table</name>
         <load_address>0x2b90</load_address>
         <run_address>0x2b90</run_address>
         <size>0x18</size>
      </object_component>
      <object_component id="oc-2f">
         <name>.ccfg:retain</name>
         <load_address>0x57fa8</load_address>
         <run_address>0x57fa8</run_address>
         <size>0x58</size>
         <input_file_ref idref="fl-5"/>
      </object_component>
      <object_component id="oc-4f3">
         <name>.vtable_ram</name>
         <uninitialized>true</uninitialized>
         <run_address>0x20000600</run_address>
         <size>0xd8</size>
         <input_file_ref idref="fl-22"/>
      </object_component>
      <object_component id="oc-1dd">
         <name>.data:ledPinTable</name>
         <load_address>0x20000474</load_address>
         <run_address>0x20000474</run_address>
         <size>0xc</size>
         <input_file_ref idref="fl-4"/>
      </object_component>
      <object_component id="oc-1e3">
         <name>.data:buttonPinTable</name>
         <load_address>0x2000044c</load_address>
         <run_address>0x2000044c</run_address>
         <size>0x10</size>
         <input_file_ref idref="fl-4"/>
      </object_component>
      <object_component id="oc-299">
         <name>.data</name>
         <load_address>0x20000488</load_address>
         <run_address>0x20000488</run_address>
         <size>0x8</size>
         <input_file_ref idref="fl-11"/>
      </object_component>
      <object_component id="oc-24f">
         <name>.data:PowerCC26X2_module</name>
         <load_address>0x20000264</load_address>
         <run_address>0x20000264</run_address>
         <size>0x110</size>
         <input_file_ref idref="fl-12"/>
      </object_component>
      <object_component id="oc-468">
         <name>.data</name>
         <load_address>0x2000049c</load_address>
         <run_address>0x2000049c</run_address>
         <size>0x3</size>
         <input_file_ref idref="fl-17"/>
      </object_component>
      <object_component id="oc-586">
         <name>.data:SemaphoreP_defaultParams</name>
         <load_address>0x20000480</load_address>
         <run_address>0x20000480</run_address>
         <size>0x8</size>
         <input_file_ref idref="fl-17"/>
      </object_component>
      <object_component id="oc-3ed">
         <name>.data</name>
         <load_address>0x2000049f</load_address>
         <run_address>0x2000049f</run_address>
         <size>0x1</size>
         <input_file_ref idref="fl-18"/>
      </object_component>
      <object_component id="oc-22b">
         <name>.data</name>
         <load_address>0x20000490</load_address>
         <run_address>0x20000490</run_address>
         <size>0x8</size>
         <input_file_ref idref="fl-19"/>
      </object_component>
      <object_component id="oc-347">
         <name>.data:ClockP_defaultParams</name>
         <load_address>0x2000045c</load_address>
         <run_address>0x2000045c</run_address>
         <size>0xc</size>
         <input_file_ref idref="fl-19"/>
      </object_component>
      <object_component id="oc-5e6">
         <name>.data</name>
         <load_address>0x200004a0</load_address>
         <run_address>0x200004a0</run_address>
         <size>0x1</size>
         <input_file_ref idref="fl-1a"/>
      </object_component>
      <object_component id="oc-5d5">
         <name>.data:TimerP_defaultParams</name>
         <load_address>0x20000468</load_address>
         <run_address>0x20000468</run_address>
         <size>0xc</size>
         <input_file_ref idref="fl-1a"/>
      </object_component>
      <object_component id="oc-35e">
         <name>.data:HwiP_dispatchTable</name>
         <load_address>0x20000374</load_address>
         <run_address>0x20000374</run_address>
         <size>0xd8</size>
         <input_file_ref idref="fl-1b"/>
      </object_component>
      <object_component id="oc-35b">
         <name>.data</name>
         <load_address>0x20000498</load_address>
         <run_address>0x20000498</run_address>
         <size>0x4</size>
         <input_file_ref idref="fl-1b"/>
      </object_component>
      <object_component id="oc-1d7">
         <name>.bss</name>
         <uninitialized>true</uninitialized>
         <run_address>0x20000244</run_address>
         <size>0x8</size>
         <input_file_ref idref="fl-4"/>
      </object_component>
      <object_component id="oc-1e0">
         <name>.bss:buttonPinState</name>
         <uninitialized>true</uninitialized>
         <run_address>0x2000022c</run_address>
         <size>0xc</size>
         <input_file_ref idref="fl-4"/>
      </object_component>
      <object_component id="oc-1da">
         <name>.bss:ledPinState</name>
         <uninitialized>true</uninitialized>
         <run_address>0x20000238</run_address>
         <size>0xc</size>
         <input_file_ref idref="fl-4"/>
      </object_component>
      <object_component id="oc-29f">
         <name>.bss</name>
         <uninitialized>true</uninitialized>
         <run_address>0x20000254</run_address>
         <size>0x4</size>
         <input_file_ref idref="fl-11"/>
      </object_component>
      <object_component id="oc-29c">
         <name>.bss:pinGpioConfigTable</name>
         <uninitialized>true</uninitialized>
         <run_address>0x20000170</run_address>
         <size>0x20</size>
         <input_file_ref idref="fl-11"/>
      </object_component>
      <object_component id="oc-2a5">
         <name>.bss:pinHwi</name>
         <uninitialized>true</uninitialized>
         <run_address>0x200001e4</run_address>
         <size>0x1c</size>
         <input_file_ref idref="fl-11"/>
      </object_component>
      <object_component id="oc-2ae">
         <name>.bss:pinSwi</name>
         <uninitialized>true</uninitialized>
         <run_address>0x2000011c</run_address>
         <size>0x34</size>
         <input_file_ref idref="fl-11"/>
      </object_component>
      <object_component id="oc-2b7">
         <name>.bss:pinSemaphore</name>
         <uninitialized>true</uninitialized>
         <run_address>0x20000200</run_address>
         <size>0x1c</size>
         <input_file_ref idref="fl-11"/>
      </object_component>
      <object_component id="oc-3f3">
         <name>.bss</name>
         <uninitialized>true</uninitialized>
         <run_address>0x2000021c</run_address>
         <size>0xd</size>
         <input_file_ref idref="fl-18"/>
      </object_component>
      <object_component id="oc-3f6">
         <name>.bss:SwiP_hwiStruct</name>
         <uninitialized>true</uninitialized>
         <run_address>0x200001ac</run_address>
         <size>0x1c</size>
         <input_file_ref idref="fl-18"/>
      </object_component>
      <object_component id="oc-3f0">
         <name>.bss:SwiP_readyList</name>
         <uninitialized>true</uninitialized>
         <run_address>0x20000150</run_address>
         <size>0x20</size>
         <input_file_ref idref="fl-18"/>
      </object_component>
      <object_component id="oc-34a">
         <name>.bss:ClockP_module</name>
         <uninitialized>true</uninitialized>
         <run_address>0x20000000</run_address>
         <size>0xa0</size>
         <input_file_ref idref="fl-19"/>
      </object_component>
      <object_component id="oc-49e">
         <name>.bss:timerFreq</name>
         <uninitialized>true</uninitialized>
         <run_address>0x2000024c</run_address>
         <size>0x8</size>
         <input_file_ref idref="fl-19"/>
      </object_component>
      <object_component id="oc-4a1">
         <name>.bss</name>
         <uninitialized>true</uninitialized>
         <run_address>0x20000258</run_address>
         <size>0x4</size>
         <input_file_ref idref="fl-19"/>
      </object_component>
      <object_component id="oc-5f2">
         <name>.bss</name>
         <uninitialized>true</uninitialized>
         <run_address>0x20000260</run_address>
         <size>0x4</size>
         <input_file_ref idref="fl-1a"/>
      </object_component>
      <object_component id="oc-5e9">
         <name>.bss:TimerP_hwiStruct</name>
         <uninitialized>true</uninitialized>
         <run_address>0x200001c8</run_address>
         <size>0x1c</size>
         <input_file_ref idref="fl-1a"/>
      </object_component>
      <object_component id="oc-6c1">
         <name>.bss</name>
         <uninitialized>true</uninitialized>
         <run_address>0x2000025c</run_address>
         <size>0x4</size>
         <input_file_ref idref="fl-1c"/>
      </object_component>
      <object_component id="oc-654">
         <name>.bss:$O1$$</name>
         <uninitialized>true</uninitialized>
         <run_address>0x20000190</run_address>
         <size>0x1c</size>
         <input_file_ref idref="fl-23"/>
      </object_component>
      <object_component id="oc-2ba">
         <name>.common:pinHandleTable</name>
         <uninitialized>true</uninitialized>
         <run_address>0x200000a0</run_address>
         <size>0x7c</size>
      </object_component>
      <object_component id="oc-24c">
         <name>.common:driverlib_release_0_55938</name>
         <uninitialized>true</uninitialized>
         <run_address>0x20000229</run_address>
         <size>0x1</size>
      </object_component>
      <object_component id="oc-32">
         <name>.sysmem</name>
         <uninitialized>true</uninitialized>
         <run_address>0x200004a8</run_address>
         <size>0x10</size>
         <input_file_ref idref="fl-e2"/>
      </object_component>
      <object_component id="oc-726">
         <name>.sysmem</name>
         <uninitialized>true</uninitialized>
         <run_address>0x200004a8</run_address>
         <size>0x0</size>
      </object_component>
      <object_component id="oc-35">
         <name>.stack</name>
         <uninitialized>true</uninitialized>
         <run_address>0x20013c00</run_address>
         <size>0x4</size>
         <input_file_ref idref="fl-e3"/>
      </object_component>
      <object_component id="oc-725">
         <name>.stack</name>
         <uninitialized>true</uninitialized>
         <run_address>0x20013c00</run_address>
         <size>0x0</size>
      </object_component>
      <object_component id="oc-f9">
         <name>.debug_info</name>
         <load_address>0x0</load_address>
         <run_address>0x0</run_address>
         <size>0x48b</size>
         <input_file_ref idref="fl-2"/>
      </object_component>
      <object_component id="oc-5b9">
         <name>.debug_info</name>
         <load_address>0x48b</load_address>
         <run_address>0x48b</run_address>
         <size>0xfe</size>
         <input_file_ref idref="fl-2"/>
      </object_component>
      <object_component id="oc-43b">
         <name>.debug_info</name>
         <load_address>0x589</load_address>
         <run_address>0x589</run_address>
         <size>0xfe</size>
         <input_file_ref idref="fl-2"/>
      </object_component>
      <object_component id="oc-42f">
         <name>.debug_info</name>
         <load_address>0x687</load_address>
         <run_address>0x687</run_address>
         <size>0x2a9</size>
         <input_file_ref idref="fl-2"/>
      </object_component>
      <object_component id="oc-429">
         <name>.debug_info</name>
         <load_address>0x930</load_address>
         <run_address>0x930</run_address>
         <size>0x27a</size>
         <input_file_ref idref="fl-2"/>
      </object_component>
      <object_component id="oc-2c9">
         <name>.debug_info</name>
         <load_address>0xbaa</load_address>
         <run_address>0xbaa</run_address>
         <size>0x29c</size>
         <input_file_ref idref="fl-2"/>
      </object_component>
      <object_component id="oc-1b5">
         <name>.debug_info</name>
         <load_address>0xe46</load_address>
         <run_address>0xe46</run_address>
         <size>0x184</size>
         <input_file_ref idref="fl-2"/>
      </object_component>
      <object_component id="oc-138">
         <name>.debug_info</name>
         <load_address>0xfca</load_address>
         <run_address>0xfca</run_address>
         <size>0xf4</size>
         <input_file_ref idref="fl-2"/>
      </object_component>
      <object_component id="oc-2c3">
         <name>.debug_info</name>
         <load_address>0x10be</load_address>
         <run_address>0x10be</run_address>
         <size>0xf8</size>
         <input_file_ref idref="fl-2"/>
      </object_component>
      <object_component id="oc-96">
         <name>.debug_info</name>
         <load_address>0x11b6</load_address>
         <run_address>0x11b6</run_address>
         <size>0x26b</size>
         <input_file_ref idref="fl-2"/>
      </object_component>
      <object_component id="oc-41e">
         <name>.debug_info</name>
         <load_address>0x1421</load_address>
         <run_address>0x1421</run_address>
         <size>0x62</size>
         <input_file_ref idref="fl-2"/>
      </object_component>
      <object_component id="oc-91">
         <name>.debug_info</name>
         <load_address>0x1483</load_address>
         <run_address>0x1483</run_address>
         <size>0x8b</size>
         <input_file_ref idref="fl-2"/>
      </object_component>
      <object_component id="oc-f4">
         <name>.debug_info</name>
         <load_address>0x150e</load_address>
         <run_address>0x150e</run_address>
         <size>0x297</size>
         <input_file_ref idref="fl-2"/>
      </object_component>
      <object_component id="oc-253">
         <name>.debug_info</name>
         <load_address>0x17a5</load_address>
         <run_address>0x17a5</run_address>
         <size>0xef</size>
         <input_file_ref idref="fl-2"/>
      </object_component>
      <object_component id="oc-8c">
         <name>.debug_info</name>
         <load_address>0x1894</load_address>
         <run_address>0x1894</run_address>
         <size>0xbb</size>
         <input_file_ref idref="fl-2"/>
      </object_component>
      <object_component id="oc-596">
         <name>.debug_info</name>
         <load_address>0x194f</load_address>
         <run_address>0x194f</run_address>
         <size>0x53</size>
         <input_file_ref idref="fl-2"/>
      </object_component>
      <object_component id="oc-125">
         <name>.debug_info</name>
         <load_address>0x19a2</load_address>
         <run_address>0x19a2</run_address>
         <size>0x159</size>
         <input_file_ref idref="fl-3"/>
      </object_component>
      <object_component id="oc-53">
         <name>.debug_info</name>
         <load_address>0x1afb</load_address>
         <run_address>0x1afb</run_address>
         <size>0x84</size>
         <input_file_ref idref="fl-3"/>
      </object_component>
      <object_component id="oc-1ed">
         <name>.debug_info</name>
         <load_address>0x1b7f</load_address>
         <run_address>0x1b7f</run_address>
         <size>0x4f2</size>
         <input_file_ref idref="fl-4"/>
      </object_component>
      <object_component id="oc-1d8">
         <name>.debug_info</name>
         <load_address>0x2071</load_address>
         <run_address>0x2071</run_address>
         <size>0x12c</size>
         <input_file_ref idref="fl-4"/>
      </object_component>
      <object_component id="oc-1e1">
         <name>.debug_info</name>
         <load_address>0x219d</load_address>
         <run_address>0x219d</run_address>
         <size>0x102</size>
         <input_file_ref idref="fl-4"/>
      </object_component>
      <object_component id="oc-1db">
         <name>.debug_info</name>
         <load_address>0x229f</load_address>
         <run_address>0x229f</run_address>
         <size>0xfc</size>
         <input_file_ref idref="fl-4"/>
      </object_component>
      <object_component id="oc-1de">
         <name>.debug_info</name>
         <load_address>0x239b</load_address>
         <run_address>0x239b</run_address>
         <size>0xfd</size>
         <input_file_ref idref="fl-4"/>
      </object_component>
      <object_component id="oc-1e4">
         <name>.debug_info</name>
         <load_address>0x2498</load_address>
         <run_address>0x2498</run_address>
         <size>0x103</size>
         <input_file_ref idref="fl-4"/>
      </object_component>
      <object_component id="oc-1e7">
         <name>.debug_info</name>
         <load_address>0x259b</load_address>
         <run_address>0x259b</run_address>
         <size>0x270</size>
         <input_file_ref idref="fl-4"/>
      </object_component>
      <object_component id="oc-15f">
         <name>.debug_info</name>
         <load_address>0x280b</load_address>
         <run_address>0x280b</run_address>
         <size>0x198</size>
         <input_file_ref idref="fl-4"/>
      </object_component>
      <object_component id="oc-80">
         <name>.debug_info</name>
         <load_address>0x29a3</load_address>
         <run_address>0x29a3</run_address>
         <size>0x110</size>
         <input_file_ref idref="fl-5"/>
      </object_component>
      <object_component id="oc-30">
         <name>.debug_info</name>
         <load_address>0x2ab3</load_address>
         <run_address>0x2ab3</run_address>
         <size>0xfd</size>
         <input_file_ref idref="fl-5"/>
      </object_component>
      <object_component id="oc-e3">
         <name>.debug_info</name>
         <load_address>0x2bb0</load_address>
         <run_address>0x2bb0</run_address>
         <size>0x1ee</size>
         <input_file_ref idref="fl-5"/>
      </object_component>
      <object_component id="oc-2d1">
         <name>.debug_info</name>
         <load_address>0x2d9e</load_address>
         <run_address>0x2d9e</run_address>
         <size>0x559</size>
         <input_file_ref idref="fl-6"/>
      </object_component>
      <object_component id="oc-1bb">
         <name>.debug_info</name>
         <load_address>0x32f7</load_address>
         <run_address>0x32f7</run_address>
         <size>0x114</size>
         <input_file_ref idref="fl-6"/>
      </object_component>
      <object_component id="oc-2a3">
         <name>.debug_info</name>
         <load_address>0x340b</load_address>
         <run_address>0x340b</run_address>
         <size>0x112</size>
         <input_file_ref idref="fl-6"/>
      </object_component>
      <object_component id="oc-229">
         <name>.debug_info</name>
         <load_address>0x351d</load_address>
         <run_address>0x351d</run_address>
         <size>0x114</size>
         <input_file_ref idref="fl-6"/>
      </object_component>
      <object_component id="oc-153">
         <name>.debug_info</name>
         <load_address>0x3631</load_address>
         <run_address>0x3631</run_address>
         <size>0x185</size>
         <input_file_ref idref="fl-6"/>
      </object_component>
      <object_component id="oc-258">
         <name>.debug_info</name>
         <load_address>0x37b6</load_address>
         <run_address>0x37b6</run_address>
         <size>0x137</size>
         <input_file_ref idref="fl-6"/>
      </object_component>
      <object_component id="oc-440">
         <name>.debug_info</name>
         <load_address>0x38ed</load_address>
         <run_address>0x38ed</run_address>
         <size>0x9a</size>
         <input_file_ref idref="fl-6"/>
      </object_component>
      <object_component id="oc-3c0">
         <name>.debug_info</name>
         <load_address>0x3987</load_address>
         <run_address>0x3987</run_address>
         <size>0x335</size>
         <input_file_ref idref="fl-6"/>
      </object_component>
      <object_component id="oc-423">
         <name>.debug_info</name>
         <load_address>0x3cbc</load_address>
         <run_address>0x3cbc</run_address>
         <size>0xa1</size>
         <input_file_ref idref="fl-6"/>
      </object_component>
      <object_component id="oc-50e">
         <name>.debug_info</name>
         <load_address>0x3d5d</load_address>
         <run_address>0x3d5d</run_address>
         <size>0xb6</size>
         <input_file_ref idref="fl-6"/>
      </object_component>
      <object_component id="oc-513">
         <name>.debug_info</name>
         <load_address>0x3e13</load_address>
         <run_address>0x3e13</run_address>
         <size>0x3d7</size>
         <input_file_ref idref="fl-6"/>
      </object_component>
      <object_component id="oc-445">
         <name>.debug_info</name>
         <load_address>0x41ea</load_address>
         <run_address>0x41ea</run_address>
         <size>0x3b</size>
         <input_file_ref idref="fl-6"/>
      </object_component>
      <object_component id="oc-2bb">
         <name>.debug_info</name>
         <load_address>0x4225</load_address>
         <run_address>0x4225</run_address>
         <size>0x874</size>
         <input_file_ref idref="fl-11"/>
      </object_component>
      <object_component id="oc-29a">
         <name>.debug_info</name>
         <load_address>0x4a99</load_address>
         <run_address>0x4a99</run_address>
         <size>0x145</size>
         <input_file_ref idref="fl-11"/>
      </object_component>
      <object_component id="oc-2a0">
         <name>.debug_info</name>
         <load_address>0x4bde</load_address>
         <run_address>0x4bde</run_address>
         <size>0x11f</size>
         <input_file_ref idref="fl-11"/>
      </object_component>
      <object_component id="oc-29d">
         <name>.debug_info</name>
         <load_address>0x4cfd</load_address>
         <run_address>0x4cfd</run_address>
         <size>0x123</size>
         <input_file_ref idref="fl-11"/>
      </object_component>
      <object_component id="oc-2a6">
         <name>.debug_info</name>
         <load_address>0x4e20</load_address>
         <run_address>0x4e20</run_address>
         <size>0x10b</size>
         <input_file_ref idref="fl-11"/>
      </object_component>
      <object_component id="oc-2af">
         <name>.debug_info</name>
         <load_address>0x4f2b</load_address>
         <run_address>0x4f2b</run_address>
         <size>0x10b</size>
         <input_file_ref idref="fl-11"/>
      </object_component>
      <object_component id="oc-2b8">
         <name>.debug_info</name>
         <load_address>0x5036</load_address>
         <run_address>0x5036</run_address>
         <size>0x117</size>
         <input_file_ref idref="fl-11"/>
      </object_component>
      <object_component id="oc-2a9">
         <name>.debug_info</name>
         <load_address>0x514d</load_address>
         <run_address>0x514d</run_address>
         <size>0x176</size>
         <input_file_ref idref="fl-11"/>
      </object_component>
      <object_component id="oc-2b2">
         <name>.debug_info</name>
         <load_address>0x52c3</load_address>
         <run_address>0x52c3</run_address>
         <size>0x1be</size>
         <input_file_ref idref="fl-11"/>
      </object_component>
      <object_component id="oc-312">
         <name>.debug_info</name>
         <load_address>0x5481</load_address>
         <run_address>0x5481</run_address>
         <size>0x1d5</size>
         <input_file_ref idref="fl-11"/>
      </object_component>
      <object_component id="oc-27c">
         <name>.debug_info</name>
         <load_address>0x5656</load_address>
         <run_address>0x5656</run_address>
         <size>0x257</size>
         <input_file_ref idref="fl-11"/>
      </object_component>
      <object_component id="oc-2da">
         <name>.debug_info</name>
         <load_address>0x58ad</load_address>
         <run_address>0x58ad</run_address>
         <size>0x204</size>
         <input_file_ref idref="fl-11"/>
      </object_component>
      <object_component id="oc-282">
         <name>.debug_info</name>
         <load_address>0x5ab1</load_address>
         <run_address>0x5ab1</run_address>
         <size>0x1be</size>
         <input_file_ref idref="fl-11"/>
      </object_component>
      <object_component id="oc-5be">
         <name>.debug_info</name>
         <load_address>0x5c6f</load_address>
         <run_address>0x5c6f</run_address>
         <size>0x1dc</size>
         <input_file_ref idref="fl-11"/>
      </object_component>
      <object_component id="oc-1cc">
[...]
         <object_component_ref idref="oc-556"/>
      </symbol>
      <symbol id="sm-3bf">
         <name>Power_idleFunc</name>
         <value>0x2795</value>
         <object_component_ref idref="oc-66d"/>
      </symbol>
      <symbol id="sm-3c0">
         <name>Power_getConstraintMask</name>
         <value>0x29dd</value>
         <object_component_ref idref="oc-518"/>
      </symbol>
      <symbol id="sm-3c1">
         <name>Power_disablePolicy</name>
         <value>0x285d</value>
         <object_component_ref idref="oc-473"/>
      </symbol>
      <symbol id="sm-3c2">
         <name>Power_init</name>
         <value>0x5c5</value>
         <object_component_ref idref="oc-1a8"/>
      </symbol>
      <symbol id="sm-3c3">
         <name>PowerCC26X2_module</name>
         <value>0x20000264</value>
         <object_component_ref idref="oc-24f"/>
      </symbol>
      <symbol id="sm-3c4">
         <name>Power_getDependencyCount</name>
         <value>0x29e9</value>
         <object_component_ref idref="oc-636"/>
      </symbol>
      <symbol id="sm-3c5">
         <name>Power_enablePolicy</name>
         <value>0x2935</value>
         <object_component_ref idref="oc-450"/>
      </symbol>
      <symbol id="sm-3c6">
         <name>Power_setConstraint</name>
         <value>0x23b9</value>
         <object_component_ref idref="oc-222"/>
      </symbol>
      <symbol id="sm-3c7">
         <name>Power_getTransitionLatency</name>
         <value>0x2633</value>
         <object_component_ref idref="oc-524"/>
      </symbol>
      <symbol id="sm-3c8">
         <name>Power_setDependency</name>
         <value>0xe3d</value>
         <object_component_ref idref="oc-26f"/>
      </symbol>
      <symbol id="sm-3c9">
         <name>resourceDB</name>
         <value>0x2a60</value>
         <object_component_ref idref="oc-3c8"/>
      </symbol>
      <symbol id="sm-476">
         <name>PowerCC26X2_RCOSC_clockFunc</name>
         <value>0x1f51</value>
         <object_component_ref idref="oc-23a"/>
      </symbol>
      <symbol id="sm-477">
         <name>PowerCC26X2_calibrate</name>
         <value>0x2849</value>
         <object_component_ref idref="oc-3a3"/>
      </symbol>
      <symbol id="sm-478">
         <name>PowerCC26X2_auxISR</name>
         <value>0x1a3d</value>
         <object_component_ref idref="oc-246"/>
      </symbol>
      <symbol id="sm-479">
         <name>PowerCC26X2_initiateCalibration</name>
         <value>0x1d75</value>
         <object_component_ref idref="oc-549"/>
      </symbol>
      <symbol id="sm-4ee">
         <name>SemaphoreP_defaultParams</name>
         <value>0x20000480</value>
         <object_component_ref idref="oc-586"/>
      </symbol>
      <symbol id="sm-4ef">
         <name>SemaphoreP_construct</name>
         <value>0x1e21</value>
         <object_component_ref idref="oc-3d2"/>
      </symbol>
      <symbol id="sm-4f0">
         <name>SemaphoreP_destruct</name>
         <value>0x161f</value>
         <object_component_ref idref="oc-4b0"/>
      </symbol>
      <symbol id="sm-4f1">
         <name>SemaphoreP_post</name>
         <value>0x2021</value>
         <object_component_ref idref="oc-2df"/>
      </symbol>
      <symbol id="sm-4f2">
         <name>SemaphoreP_pend</name>
         <value>0x1319</value>
         <object_component_ref idref="oc-2d3"/>
      </symbol>
      <symbol id="sm-4f3">
         <name>SemaphoreP_constructBinary</name>
         <value>0x2651</value>
         <object_component_ref idref="oc-275"/>
      </symbol>
      <symbol id="sm-4f4">
         <name>SemaphoreP_Params_init</name>
         <value>0x2945</value>
         <object_component_ref idref="oc-3cc"/>
      </symbol>
      <symbol id="sm-4f5">
         <name>clkFxn</name>
         <value>0x22b7</value>
         <object_component_ref idref="oc-462"/>
      </symbol>
      <symbol id="sm-5ab">
         <name>SwiP_disable</name>
         <value>0x26e1</value>
         <object_component_ref idref="oc-630"/>
      </symbol>
      <symbol id="sm-5ac">
         <name>SwiP_restore</name>
         <value>0x2065</value>
         <object_component_ref idref="oc-642"/>
      </symbol>
      <symbol id="sm-5ad">
         <name>SwiP_or</name>
         <value>0x266f</value>
         <object_component_ref idref="oc-40a"/>
      </symbol>
      <symbol id="sm-5ae">
         <name>SwiP_getTrigger</name>
         <value>0x29f5</value>
         <object_component_ref idref="oc-413"/>
      </symbol>
      <symbol id="sm-5af">
         <name>SwiP_construct</name>
         <value>0xbd1</value>
         <object_component_ref idref="oc-293"/>
      </symbol>
      <symbol id="sm-5b0">
         <name>SwiP_Params_init</name>
         <value>0x2955</value>
         <object_component_ref idref="oc-28d"/>
      </symbol>
      <symbol id="sm-5b1">
         <name>SwiP_post</name>
         <value>0x1b81</value>
         <object_component_ref idref="oc-5b0"/>
      </symbol>
      <symbol id="sm-5b2">
         <name>SwiP_dispatch</name>
         <value>0x13b9</value>
         <object_component_ref idref="oc-5a9"/>
      </symbol>
      <symbol id="sm-6a2">
         <name>ClockP_doTick</name>
         <value>0x29a1</value>
         <object_component_ref idref="oc-498"/>
      </symbol>
      <symbol id="sm-6a3">
         <name>ClockP_setTimeout</name>
         <value>0x2a37</value>
         <object_component_ref idref="oc-52a"/>
      </symbol>
      <symbol id="sm-6a4">
         <name>ClockP_startup</name>
         <value>0xfbd</value>
         <object_component_ref idref="oc-2e7"/>
      </symbol>
      <symbol id="sm-6a5">
         <name>ClockP_stop</name>
         <value>0x2a1d</value>
         <object_component_ref idref="oc-536"/>
      </symbol>
      <symbol id="sm-6a6">
         <name>ClockP_construct</name>
         <value>0x1f09</value>
         <object_component_ref idref="oc-210"/>
      </symbol>
      <symbol id="sm-6a7">
         <name>ClockP_scheduleNextTick</name>
         <value>0x24e1</value>
         <object_component_ref idref="oc-4e2"/>
      </symbol>
      <symbol id="sm-6a8">
         <name>ClockP_getTicksUntilInterrupt</name>
         <value>0x22b9</value>
         <object_component_ref idref="oc-51e"/>
      </symbol>
      <symbol id="sm-6a9">
         <name>ClockP_tickPeriod</name>
         <value>0x20000494</value>
         <object_component_ref idref="oc-22b"/>
      </symbol>
      <symbol id="sm-6aa">
         <name>ClockP_Params_init</name>
         <value>0x28e5</value>
         <object_component_ref idref="oc-216"/>
      </symbol>
      <symbol id="sm-6ab">
         <name>ClockP_workFuncDynamic</name>
         <value>0x1071</value>
         <object_component_ref idref="oc-492"/>
      </symbol>
      <symbol id="sm-6ac">
         <name>ClockP_walkQueueDynamic</name>
         <value>0x19c5</value>
         <object_component_ref idref="oc-5f8"/>
      </symbol>
      <symbol id="sm-6ad">
         <name>ClockP_destruct</name>
         <value>0x274d</value>
         <object_component_ref idref="oc-45c"/>
      </symbol>
      <symbol id="sm-6ae">
         <name>ClockP_start</name>
         <value>0x18c5</value>
         <object_component_ref idref="oc-341"/>
      </symbol>
      <symbol id="sm-6af">
         <name>ClockP_isActive</name>
         <value>0x2a33</value>
         <object_component_ref idref="oc-456"/>
      </symbol>
      <symbol id="sm-6b0">
         <name>ClockP_sleep</name>
         <value>0x2445</value>
         <object_component_ref idref="oc-1d1"/>
      </symbol>
      <symbol id="sm-6b1">
         <name>ClockP_getTicks</name>
         <value>0x24bd</value>
         <object_component_ref idref="oc-4e8"/>
      </symbol>
      <symbol id="sm-6b2">
         <name>ClockP_add</name>
         <value>0x2595</value>
         <object_component_ref idref="oc-44a"/>
      </symbol>
      <symbol id="sm-759">
         <name>TimerP_setNextTick</name>
         <value>0x2281</value>
         <object_component_ref idref="oc-614"/>
      </symbol>
      <symbol id="sm-75a">
         <name>TimerP_getCurrentTick</name>
         <value>0x21d9</value>
         <object_component_ref idref="oc-4dc"/>
      </symbol>
      <symbol id="sm-75b">
         <name>TimerP_getCount64</name>
         <value>0x2885</value>
         <object_component_ref idref="oc-608"/>
      </symbol>
      <symbol id="sm-75c">
         <name>TimerP_setThreshold</name>
         <value>0x2419</value>
         <object_component_ref idref="oc-6ba"/>
      </symbol>
      <symbol id="sm-75d">
         <name>TimerP_dynamicStub</name>
         <value>0x25f5</value>
         <object_component_ref idref="oc-5ec"/>
      </symbol>
      <symbol id="sm-75e">
         <name>TimerP_getMaxTicks</name>
         <value>0x2529</value>
         <object_component_ref idref="oc-486"/>
      </symbol>
      <symbol id="sm-75f">
         <name>TimerP_construct</name>
         <value>0xf01</value>
         <object_component_ref idref="oc-480"/>
      </symbol>
      <symbol id="sm-760">
         <name>TimerP_getFreq</name>
         <value>0x2a01</value>
         <object_component_ref idref="oc-48c"/>
      </symbol>
      <symbol id="sm-761">
         <name>TimerP_initDevice</name>
         <value>0x2211</value>
         <object_component_ref idref="oc-5da"/>
      </symbol>
      <symbol id="sm-762">
         <name>TimerP_startup</name>
         <value>0x27ad</value>
         <object_component_ref idref="oc-5e0"/>
      </symbol>
      <symbol id="sm-763">
         <name>TimerP_start</name>
         <value>0x1be9</value>
         <object_component_ref idref="oc-69d"/>
      </symbol>
      <symbol id="sm-764">
         <name>TimerP_Params_init</name>
         <value>0x2965</value>
         <object_component_ref idref="oc-47a"/>
      </symbol>
      <symbol id="sm-7cf">
         <name>HwiP_construct</name>
         <value>0x1945</value>
         <object_component_ref idref="oc-21c"/>
      </symbol>
      <symbol id="sm-7d0">
         <name>HwiP_inISR</name>
         <value>0x2765</value>
         <object_component_ref idref="oc-46d"/>
      </symbol>
      <symbol id="sm-7d1">
         <name>HwiP_swiPIntNum</name>
         <value>0x20000498</value>
         <object_component_ref idref="oc-35b"/>
      </symbol>
      <symbol id="sm-7d2">
         <name>HwiP_Params_init</name>
         <value>0x28c1</value>
         <object_component_ref idref="oc-287"/>
      </symbol>
      <symbol id="sm-7d3">
         <name>HwiP_disable</name>
         <value>0x28f5</value>
         <object_component_ref idref="oc-363"/>
      </symbol>
      <symbol id="sm-7d4">
         <name>HwiP_post</name>
         <value>0x2905</value>
         <object_component_ref idref="oc-688"/>
      </symbol>
      <symbol id="sm-7d5">
         <name>HwiP_enable</name>
         <value>0x2a3b</value>
         <object_component_ref idref="oc-158"/>
      </symbol>
      <symbol id="sm-7d6">
         <name>HwiP_restore</name>
         <value>0x2a15</value>
         <object_component_ref idref="oc-369"/>
      </symbol>
      <symbol id="sm-80e">
         <name>PowerCC26XX_schedulerDisable</name>
         <value>0x2925</value>
         <object_component_ref idref="oc-624"/>
      </symbol>
      <symbol id="sm-80f">
         <name>PowerCC26XX_schedulerRestore</name>
         <value>0x29d1</value>
         <object_component_ref idref="oc-62a"/>
      </symbol>
      <symbol id="sm-810">
         <name>PowerCC26XX_standbyPolicy</name>
         <value>0xca9</value>
         <object_component_ref idref="oc-371"/>
      </symbol>
      <symbol id="sm-841">
         <name>resetISR</name>
         <value>0x2899</value>
         <object_component_ref idref="oc-29"/>
      </symbol>
      <symbol id="sm-842">
         <name>g_pfnVectors</name>
         <value>0x0</value>
         <object_component_ref idref="oc-19"/>
      </symbol>
      <symbol id="sm-87f">
         <name>QueueP_next</name>
         <value>0x2a43</value>
         <object_component_ref idref="oc-6b1"/>
      </symbol>
      <symbol id="sm-880">
         <name>QueueP_put</name>
         <value>0x25d5</value>
         <object_component_ref idref="oc-33b"/>
      </symbol>
      <symbol id="sm-881">
         <name>QueueP_remove</name>
         <value>0x2983</value>
         <object_component_ref idref="oc-5c9"/>
      </symbol>
      <symbol id="sm-882">
         <name>QueueP_head</name>
         <value>0x2a3f</value>
         <object_component_ref idref="oc-6ab"/>
      </symbol>
      <symbol id="sm-883">
         <name>QueueP_init</name>
         <value>0x2a29</value>
         <object_component_ref idref="oc-3e7"/>
      </symbol>
      <symbol id="sm-884">
         <name>QueueP_empty</name>
         <value>0x2975</value>
         <object_component_ref idref="oc-681"/>
      </symbol>
      <symbol id="sm-885">
         <name>QueueP_get</name>
         <value>0x2733</value>
         <object_component_ref idref="oc-67b"/>
      </symbol>
      <symbol id="sm-8ce">
         <name>NOROM_ChipInfo_GetChipType</name>
         <value>0x1dcd</value>
         <object_component_ref idref="oc-25d"/>
      </symbol>
      <symbol id="sm-8cf">
         <name>NOROM_ChipInfo_GetHwRevision</name>
         <value>0x1f99</value>
         <object_component_ref idref="oc-10f"/>
      </symbol>
      <symbol id="sm-8d0">
         <name>NOROM_ChipInfo_GetChipFamily</name>
         <value>0x26a9</value>
         <object_component_ref idref="oc-109"/>
      </symbol>
      <symbol id="sm-8d1">
         <name>NOROM_ChipInfo_GetPackageType</name>
         <value>0x277d</value>
         <object_component_ref idref="oc-263"/>
      </symbol>
      <symbol id="sm-8d2">
         <name>NOROM_ThisLibraryIsFor_CC13x2_CC26x2_HwRev20AndLater_HaltIfViolated</name>
         <value>0x27f5</value>
         <object_component_ref idref="oc-bc"/>
      </symbol>
      <symbol id="sm-8e6">
         <name>NOROM_CPUdelay</name>
         <value>0x2a23</value>
         <object_component_ref idref="oc-304"/>
      </symbol>
      <symbol id="sm-8e7">
         <name>NOROM_CPUcpsie</name>
         <value>0x29b9</value>
         <object_component_ref idref="oc-1be"/>
      </symbol>
      <symbol id="sm-8e8">
         <name>NOROM_CPUcpsid</name>
         <value>0x29ad</value>
         <object_component_ref idref="oc-70"/>
      </symbol>
      <symbol id="sm-8ee">
         <name>driverlib_release_0_55938</name>
         <value>0x20000229</value>
      </symbol>
      <symbol id="sm-906">
         <name>NOROM_IntRegister</name>
         <value>0x2321</value>
         <object_component_ref idref="oc-34f"/>
      </symbol>
      <symbol id="sm-907">
         <name>g_pfnRAMVectors</name>
         <value>0x20000600</value>
         <object_component_ref idref="oc-4f3"/>
      </symbol>
      <symbol id="sm-955">
         <name>NOROM_OSCHF_TurnOnXosc</name>
         <value>0x246d</value>
         <object_component_ref idref="oc-576"/>
      </symbol>
      <symbol id="sm-956">
         <name>NOROM_OSCHF_AttemptToSwitchToXosc</name>
         <value>0x1621</value>
         <object_component_ref idref="oc-550"/>
      </symbol>
      <symbol id="sm-957">
         <name>NOROM_OSCHF_SwitchToRcOscTurnOffXosc</name>
         <value>0x1ab1</value>
         <object_component_ref idref="oc-57c"/>
      </symbol>
      <symbol id="sm-958">
         <name>NOROM_OSC_HPOSCRelativeFrequencyOffsetGet</name>
         <value>0x2169</value>
         <object_component_ref idref="oc-567"/>
      </symbol>
      <symbol id="sm-986">
         <name>NOROM_SetupTrimDevice</name>
         <value>0x14f1</value>
         <object_component_ref idref="oc-76"/>
      </symbol>
      <symbol id="sm-9be">
         <name>NOROM_SysCtrlSetRechargeBeforePowerDown</name>
         <value>0x1b19</value>
         <object_component_ref idref="oc-6c8"/>
      </symbol>
      <symbol id="sm-9bf">
         <name>NOROM_SysCtrlIdle</name>
         <value>0x2355</value>
         <object_component_ref idref="oc-53c"/>
      </symbol>
      <symbol id="sm-9c0">
         <name>NOROM_SysCtrlStandby</name>
         <value>0x9dd</value>
         <object_component_ref idref="oc-63c"/>
      </symbol>
      <symbol id="sm-9dd">
         <name>NOROM_AUXSYSIFOpModeChange</name>
         <value>0x22ed</value>
         <object_component_ref idref="oc-116"/>
      </symbol>
      <symbol id="sm-9eb">
         <name>__aeabi_uldivmod</name>
         <value>0x1589</value>
         <object_component_ref idref="oc-2ed"/>
      </symbol>
      <symbol id="sm-9f4">
         <name>__aeabi_lmul</name>
         <value>0x27dd</value>
         <object_component_ref idref="oc-60e"/>
      </symbol>
      <symbol id="sm-a0d">
         <name>__TI_zero_init_nomemset</name>
         <value>0x26fd</value>
         <object_component_ref idref="oc-64"/>
      </symbol>
      <symbol id="sm-a24">
         <name>__TI_decompress_none</name>
         <value>0x2991</value>
         <object_component_ref idref="oc-22"/>
      </symbol>
      <symbol id="sm-a47">
         <name>__TI_decompress_lzss</name>
         <value>0x1c51</value>
         <object_component_ref idref="oc-1c"/>
      </symbol>
      <symbol id="sm-a5c">
         <name>_sys_memory</name>
         <value>0x200004a8</value>
         <object_component_ref idref="oc-32"/>
      </symbol>
      <symbol id="sm-a6f">
         <name>__stack</name>
         <value>0x20013c00</value>
         <object_component_ref idref="oc-35"/>
      </symbol>
      <symbol id="sm-a70">
         <name>_c_int00</name>
         <value>0x23e9</value>
         <object_component_ref idref="oc-db"/>
      </symbol>
      <symbol id="sm-a7a">
         <name>__aeabi_idiv0</name>
         <value>0x2a5d</value>
         <object_component_ref idref="oc-4aa"/>
      </symbol>
      <symbol id="sm-a7b">
         <name>__aeabi_ldiv0</name>
         <value>0x2a5d</value>
         <object_component_ref idref="oc-4aa"/>
      </symbol>
      <symbol id="sm-a97">
         <name>memcpy</name>
         <value>0x1455</value>
         <object_component_ref idref="oc-58"/>
      </symbol>
      <symbol id="sm-a98">
         <name>__aeabi_memcpy</name>
         <value>0x1455</value>
         <object_component_ref idref="oc-58"/>
      </symbol>
      <symbol id="sm-a99">
         <name>__aeabi_memcpy8</name>
         <value>0x1455</value>
         <object_component_ref idref="oc-58"/>
      </symbol>
      <symbol id="sm-a9a">
         <name>__aeabi_memcpy4</name>
         <value>0x1455</value>
         <object_component_ref idref="oc-58"/>
      </symbol>
      <symbol id="sm-ac2">
         <name>__TI_auto_init_nobinit_nopinit</name>
         <value>0x20a9</value>
         <object_component_ref idref="oc-171"/>
      </symbol>
      <symbol id="sm-acc">
         <name>_system_pre_init</name>
         <value>0x2a47</value>
         <object_component_ref idref="oc-11e"/>
      </symbol>
      <symbol id="sm-ad8">
         <name>C$$EXIT</name>
         <value>0x2a4b</value>
         <object_component_ref idref="oc-165"/>
      </symbol>
      <symbol id="sm-ad9">
         <name>abort</name>
         <value>0x2a4b</value>
         <object_component_ref idref="oc-165"/>
      </symbol>
      <symbol id="sm-aee">
         <name>_args_main</name>
         <value>0x27c5</value>
         <object_component_ref idref="oc-12e"/>
      </symbol>
      <symbol id="sm-aef">
         <name>__TI_static_base__</name>
         <value>0x0</value>
      </symbol>
      <symbol id="sm-af2">
         <name>__mpu_init</name>
         <value>0x0</value>
      </symbol>
      <symbol id="sm-af3">
         <name>_system_post_cinit</name>
         <value>0x0</value>
      </symbol>
      <symbol id="sm-af4">
         <name>sleep</name>
         <value>0x2445</value>
      </symbol>
      <symbol id="sm-af5">
         <name>NoRTOS_start</name>
         <value>0x2a3b</value>
      </symbol>
   </symbol_table>
   <title>Link successful</title>
</link_info>
