<?xml version="1.0" encoding="ISO-8859-1" ?>
<link_info>
   <banner>TI ARM Linker Unix v18.12.3.LTS</banner>
   <copyright>Copyright (c) 1996-2018 Texas Instruments Incorporated</copyright>
   <link_time>0x5dc9e7d0</link_time>
   <link_errors>0x0</link_errors>
   <output_file>rfEasyLinkEchoTx_CC1352R1_LAUNCHXL_nortos_ccs.out</output_file>
   <entry_point>
      <name>resetISR</name>
      <address>0x6549</address>
   </entry_point>
   <input_file_list>
      <input_file id="fl-2">
         <path>./</path>
         <kind>object</kind>
         <file>CC1352R1_LAUNCHXL_fxns.obj</file>
         <name>CC1352R1_LAUNCHXL_fxns.obj</name>
      </input_file>
      <input_file id="fl-3">
         <path>./</path>
         <kind>object</kind>
         <file>main_nortos.obj</file>
         <name>main_nortos.obj</name>
      </input_file>
      <input_file id="fl-4">
         <path>./</path>
         <kind>object</kind>
         <file>rfEasyLinkEchoTx_nortos.obj</file>
         <name>rfEasyLinkEchoTx_nortos.obj</name>
      </input_file>
      <input_file id="fl-5">
         <path>./syscfg/</path>
         <kind>object</kind>
         <file>ti_easylink_config.obj</file>
         <name>ti_easylink_config.obj</name>
      </input_file>
      <input_file id="fl-6">
         <path>./syscfg/</path>
         <kind>object</kind>
         <file>ti_radio_config.obj</file>
         <name>ti_radio_config.obj</name>
      </input_file>
      <input_file id="fl-7">
         <path>./syscfg/</path>
         <kind>object</kind>
         <file>ti_devices_config.obj</file>
         <name>ti_devices_config.obj</name>
      </input_file>
      <input_file id="fl-8">
         <path>./syscfg/</path>
         <kind>object</kind>
         <file>ti_drivers_config.obj</file>
         <name>ti_drivers_config.obj</name>
      </input_file>
      <input_file id="fl-9">
         <path>./easylink/</path>
         <kind>object</kind>
         <file>EasyLink_nortos.obj</file>
         <name>EasyLink_nortos.obj</name>
      </input_file>
      <input_file id="fl-14">
         <kind>object</kind>
         <file>&lt;internal&gt;</file>
         <name>&lt;internal&gt;</name>
      </input_file>
      <input_file id="fl-15">
         <path>/home/popi/ti/simplelink_cc13x2_26x2_sdk_3_30_00_03/source/ti/drivers/rf/lib/</path>
         <kind>archive</kind>
         <file>rf_multiMode_cc13x2.aem4f</file>
         <name>RFCC26X2_multiMode.c.cc13x2.ccs.o</name>
      </input_file>
      <input_file id="fl-16">
         <path>/home/popi/ti/simplelink_cc13x2_26x2_sdk_3_30_00_03/source/ti/drivers/rf/lib/</path>
         <kind>archive</kind>
         <file>rf_multiMode_cc13x2.aem4f</file>
         <name>rfc.c.cc13x2.ccs.o</name>
      </input_file>
      <input_file id="fl-17">
         <path>/home/popi/ti/simplelink_cc13x2_26x2_sdk_3_30_00_03/source/ti/drivers/rf/lib/</path>
         <kind>archive</kind>
         <file>rf_multiMode_cc13x2.aem4f</file>
         <name>rf_patch_cpe_multi_protocol.c.cc13x2.ccs.o</name>
      </input_file>
      <input_file id="fl-18">
         <path>/home/popi/ti/simplelink_cc13x2_26x2_sdk_3_30_00_03/source/ti/drivers/lib/</path>
         <kind>archive</kind>
         <file>drivers_cc13x2.aem4f</file>
         <name>List.oem4f</name>
      </input_file>
      <input_file id="fl-19">
         <path>/home/popi/ti/simplelink_cc13x2_26x2_sdk_3_30_00_03/source/ti/drivers/lib/</path>
         <kind>archive</kind>
         <file>drivers_cc13x2.aem4f</file>
         <name>PINCC26XX.oem4f</name>
      </input_file>
      <input_file id="fl-1a">
         <path>/home/popi/ti/simplelink_cc13x2_26x2_sdk_3_30_00_03/source/ti/drivers/lib/</path>
         <kind>archive</kind>
         <file>drivers_cc13x2.aem4f</file>
         <name>PowerCC26X2.oem4f</name>
      </input_file>
      <input_file id="fl-1b">
         <path>/home/popi/ti/simplelink_cc13x2_26x2_sdk_3_30_00_03/source/ti/drivers/lib/</path>
         <kind>archive</kind>
         <file>drivers_cc13x2.aem4f</file>
         <name>PowerCC26X2_calibrateRCOSC.oem4f</name>
      </input_file>
      <input_file id="fl-1c">
         <path>/home/popi/ti/simplelink_cc13x2_26x2_sdk_3_30_00_03/source/ti/drivers/lib/</path>
         <kind>archive</kind>
         <file>drivers_cc13x2.aem4f</file>
         <name>TimerCC26XX.oem4f</name>
      </input_file>
      <input_file id="fl-1d">
         <path>/home/popi/ti/simplelink_cc13x2_26x2_sdk_3_30_00_03/source/ti/drivers/lib/</path>
         <kind>archive</kind>
         <file>drivers_cc13x2.aem4f</file>
         <name>GPTimerCC26XX.oem4f</name>
      </input_file>
      <input_file id="fl-1e">
         <path>/home/popi/ti/simplelink_cc13x2_26x2_sdk_3_30_00_03/source/ti/drivers/lib/</path>
         <kind>archive</kind>
         <file>drivers_cc13x2.aem4f</file>
         <name>Timer.oem4f</name>
      </input_file>
      <input_file id="fl-1f">
         <path>/home/popi/ti/simplelink_cc13x2_26x2_sdk_3_30_00_03/kernel/nortos/lib/</path>
         <kind>archive</kind>
         <file>nortos_cc13x2.aem4f</file>
         <name>NoRTOS.oem4f</name>
      </input_file>
      <input_file id="fl-20">
         <path>/home/popi/ti/simplelink_cc13x2_26x2_sdk_3_30_00_03/kernel/nortos/lib/</path>
         <kind>archive</kind>
         <file>nortos_cc13x2.aem4f</file>
         <name>SemaphoreP_nortos.oem4f</name>
      </input_file>
      <input_file id="fl-21">
         <path>/home/popi/ti/simplelink_cc13x2_26x2_sdk_3_30_00_03/kernel/nortos/lib/</path>
         <kind>archive</kind>
         <file>nortos_cc13x2.aem4f</file>
         <name>SwiP_nortos.oem4f</name>
      </input_file>
      <input_file id="fl-22">
         <path>/home/popi/ti/simplelink_cc13x2_26x2_sdk_3_30_00_03/kernel/nortos/lib/</path>
         <kind>archive</kind>
         <file>nortos_cc13x2.aem4f</file>
         <name>ClockPTimer_nortos.oem4f</name>
      </input_file>
      <input_file id="fl-23">
         <path>/home/popi/ti/simplelink_cc13x2_26x2_sdk_3_30_00_03/kernel/nortos/lib/</path>
         <kind>archive</kind>
         <file>nortos_cc13x2.aem4f</file>
         <name>TimerPCC26XX_nortos.oem4f</name>
      </input_file>
      <input_file id="fl-24">
         <path>/home/popi/ti/simplelink_cc13x2_26x2_sdk_3_30_00_03/kernel/nortos/lib/</path>
         <kind>archive</kind>
         <file>nortos_cc13x2.aem4f</file>
         <name>HwiPCC26XX_nortos.oem4f</name>
      </input_file>
      <input_file id="fl-25">
         <path>/home/popi/ti/simplelink_cc13x2_26x2_sdk_3_30_00_03/kernel/nortos/lib/</path>
         <kind>archive</kind>
         <file>nortos_cc13x2.aem4f</file>
         <name>PowerCC26X2_nortos.oem4f</name>
      </input_file>
      <input_file id="fl-26">
         <path>/home/popi/ti/simplelink_cc13x2_26x2_sdk_3_30_00_03/kernel/nortos/lib/</path>
         <kind>archive</kind>
         <file>nortos_cc13x2.aem4f</file>
         <name>startup_cc13xx_cc26xx_ccs.oem4f</name>
      </input_file>
      <input_file id="fl-27">
         <path>/home/popi/ti/simplelink_cc13x2_26x2_sdk_3_30_00_03/kernel/nortos/lib/</path>
         <kind>archive</kind>
         <file>nortos_cc13x2.aem4f</file>
         <name>QueueP_nortos.oem4f</name>
      </input_file>
      <input_file id="fl-28">
         <path>/home/popi/ti/simplelink_cc13x2_26x2_sdk_3_30_00_03/source/ti/devices/cc13x2_cc26x2/driverlib/bin/ccs/</path>
         <kind>archive</kind>
         <file>driverlib.lib</file>
         <name>chipinfo.obj</name>
      </input_file>
      <input_file id="fl-29">
         <path>/home/popi/ti/simplelink_cc13x2_26x2_sdk_3_30_00_03/source/ti/devices/cc13x2_cc26x2/driverlib/bin/ccs/</path>
         <kind>archive</kind>
         <file>driverlib.lib</file>
         <name>cpu.obj</name>
      </input_file>
      <input_file id="fl-2a">
         <path>/home/popi/ti/simplelink_cc13x2_26x2_sdk_3_30_00_03/source/ti/devices/cc13x2_cc26x2/driverlib/bin/ccs/</path>
         <kind>archive</kind>
         <file>driverlib.lib</file>
         <name>driverlib_release.obj</name>
      </input_file>
      <input_file id="fl-2b">
         <path>/home/popi/ti/simplelink_cc13x2_26x2_sdk_3_30_00_03/source/ti/devices/cc13x2_cc26x2/driverlib/bin/ccs/</path>
         <kind>archive</kind>
         <file>driverlib.lib</file>
         <name>interrupt.obj</name>
      </input_file>
      <input_file id="fl-2c">
         <path>/home/popi/ti/simplelink_cc13x2_26x2_sdk_3_30_00_03/source/ti/devices/cc13x2_cc26x2/driverlib/bin/ccs/</path>
         <kind>archive</kind>
         <file>driverlib.lib</file>
         <name>osc.obj</name>
      </input_file>
      <input_file id="fl-2d">
         <path>/home/popi/ti/simplelink_cc13x2_26x2_sdk_3_30_00_03/source/ti/devices/cc13x2_cc26x2/driverlib/bin/ccs/</path>
         <kind>archive</kind>
         <file>driverlib.lib</file>
         <name>setup.obj</name>
      </input_file>
      <input_file id="fl-2e">
         <path>/home/popi/ti/simplelink_cc13x2_26x2_sdk_3_30_00_03/source/ti/devices/cc13x2_cc26x2/driverlib/bin/ccs/</path>
         <kind>archive</kind>
         <file>driverlib.lib</file>
         <name>sys_ctrl.obj</name>
      </input_file>
      <input_file id="fl-2f">
         <path>/home/popi/ti/simplelink_cc13x2_26x2_sdk_3_30_00_03/source/ti/devices/cc13x2_cc26x2/driverlib/bin/ccs/</path>
         <kind>archive</kind>
         <file>driverlib.lib</file>
         <name>aux_sysif.obj</name>
      </input_file>
      <input_file id="fl-e5">
         <path>/home/popi/ti/ccs920/ccs/tools/compiler/ti-cgt-arm_18.12.3.LTS/lib/</path>
         <kind>archive</kind>
         <file>rtsv7M4_T_le_v4SPD16_eabi.lib</file>
         <name>ll_div_t2.asm.obj</name>
      </input_file>
      <input_file id="fl-e6">
         <path>/home/popi/ti/ccs920/ccs/tools/compiler/ti-cgt-arm_18.12.3.LTS/lib/</path>
         <kind>archive</kind>
         <file>rtsv7M4_T_le_v4SPD16_eabi.lib</file>
         <name>ull_div_t2.asm.obj</name>
      </input_file>
      <input_file id="fl-e7">
         <path>/home/popi/ti/ccs920/ccs/tools/compiler/ti-cgt-arm_18.12.3.LTS/lib/</path>
         <kind>archive</kind>
         <file>rtsv7M4_T_le_v4SPD16_eabi.lib</file>
         <name>memset_t2.asm.obj</name>
      </input_file>
      <input_file id="fl-e8">
         <path>/home/popi/ti/ccs920/ccs/tools/compiler/ti-cgt-arm_18.12.3.LTS/lib/</path>
         <kind>archive</kind>
         <file>rtsv7M4_T_le_v4SPD16_eabi.lib</file>
         <name>ll_mul_t2.asm.obj</name>
      </input_file>
      <input_file id="fl-e9">
         <path>/home/popi/ti/ccs920/ccs/tools/compiler/ti-cgt-arm_18.12.3.LTS/lib/</path>
         <kind>archive</kind>
         <file>rtsv7M4_T_le_v4SPD16_eabi.lib</file>
         <name>memcpy_t2.asm.obj</name>
      </input_file>
      <input_file id="fl-ea">
         <path>/home/popi/ti/ccs920/ccs/tools/compiler/ti-cgt-arm_18.12.3.LTS/lib/</path>
         <kind>archive</kind>
         <file>rtsv7M4_T_le_v4SPD16_eabi.lib</file>
         <name>copy_zero_init.c.obj</name>
      </input_file>
      <input_file id="fl-eb">
         <path>/home/popi/ti/ccs920/ccs/tools/compiler/ti-cgt-arm_18.12.3.LTS/lib/</path>
         <kind>archive</kind>
         <file>rtsv7M4_T_le_v4SPD16_eabi.lib</file>
         <name>copy_decompress_none.c.obj</name>
      </input_file>
      <input_file id="fl-ec">
         <path>/home/popi/ti/ccs920/ccs/tools/compiler/ti-cgt-arm_18.12.3.LTS/lib/</path>
         <kind>archive</kind>
         <file>rtsv7M4_T_le_v4SPD16_eabi.lib</file>
         <name>copy_decompress_lzss.c.obj</name>
      </input_file>
      <input_file id="fl-ed">
         <path>/home/popi/ti/ccs920/ccs/tools/compiler/ti-cgt-arm_18.12.3.LTS/lib/</path>
         <kind>archive</kind>
         <file>rtsv7M4_T_le_v4SPD16_eabi.lib</file>
         <name>memory.c.obj</name>
      </input_file>
      <input_file id="fl-ee">
         <path>/home/popi/ti/ccs920/ccs/tools/compiler/ti-cgt-arm_18.12.3.LTS/lib/</path>
         <kind>archive</kind>
         <file>rtsv7M4_T_le_v4SPD16_eabi.lib</file>
         <name>rand.c.obj</name>
      </input_file>
      <input_file id="fl-ef">
         <path>/home/popi/ti/ccs920/ccs/tools/compiler/ti-cgt-arm_18.12.3.LTS/lib/</path>
         <kind>archive</kind>
         <file>rtsv7M4_T_le_v4SPD16_eabi.lib</file>
         <name>boot_cortex_m.c.obj</name>
      </input_file>
      <input_file id="fl-f0">
         <path>/home/popi/ti/ccs920/ccs/tools/compiler/ti-cgt-arm_18.12.3.LTS/lib/</path>
         <kind>archive</kind>
         <file>rtsv7M4_T_le_v4SPD16_eabi.lib</file>
         <name>div0.asm.obj</name>
      </input_file>
      <input_file id="fl-f1">
         <path>/home/popi/ti/ccs920/ccs/tools/compiler/ti-cgt-arm_18.12.3.LTS/lib/</path>
         <kind>archive</kind>
         <file>rtsv7M4_T_le_v4SPD16_eabi.lib</file>
         <name>autoinit.c.obj</name>
      </input_file>
      <input_file id="fl-f2">
         <path>/home/popi/ti/ccs920/ccs/tools/compiler/ti-cgt-arm_18.12.3.LTS/lib/</path>
         <kind>archive</kind>
         <file>rtsv7M4_T_le_v4SPD16_eabi.lib</file>
         <name>pre_init.c.obj</name>
      </input_file>
      <input_file id="fl-f3">
         <path>/home/popi/ti/ccs920/ccs/tools/compiler/ti-cgt-arm_18.12.3.LTS/lib/</path>
         <kind>archive</kind>
         <file>rtsv7M4_T_le_v4SPD16_eabi.lib</file>
         <name>cpy_tbl.c.obj</name>
      </input_file>
      <input_file id="fl-f4">
         <path>/home/popi/ti/ccs920/ccs/tools/compiler/ti-cgt-arm_18.12.3.LTS/lib/</path>
         <kind>archive</kind>
         <file>rtsv7M4_T_le_v4SPD16_eabi.lib</file>
         <name>exit.c.obj</name>
      </input_file>
      <input_file id="fl-f5">
         <path>/home/popi/ti/ccs920/ccs/tools/compiler/ti-cgt-arm_18.12.3.LTS/lib/</path>
         <kind>archive</kind>
         <file>rtsv7M4_T_le_v4SPD16_eabi.lib</file>
         <name>_lock.c.obj</name>
      </input_file>
      <input_file id="fl-f6">
         <path>/home/popi/ti/ccs920/ccs/tools/compiler/ti-cgt-arm_18.12.3.LTS/lib/</path>
         <kind>archive</kind>
         <file>rtsv7M4_T_le_v4SPD16_eabi.lib</file>
         <name>args_main.c.obj</name>
      </input_file>
   </input_file_list>
   <object_component_list>
      <object_component id="oc-19">
         <name>.intvecs</name>
         <load_address>0x0</load_address>
         <run_address>0x0</run_address>
         <size>0xc8</size>
         <input_file_ref idref="fl-26"/>
      </object_component>
      <object_component id="oc-1f5">
         <name>.text:EasyLink_init</name>
         <load_address>0xc8</load_address>
         <run_address>0xc8</run_address>
         <size>0x660</size>
         <input_file_ref idref="fl-9"/>
      </object_component>
      <object_component id="oc-8f3">
         <name>.text:RF_fsmActiveState</name>
         <load_address>0x728</load_address>
         <run_address>0x728</run_address>
         <size>0x494</size>
         <input_file_ref idref="fl-15"/>
      </object_component>
      <object_component id="oc-207">
         <name>.text:EasyLink_transmitAsync</name>
         <load_address>0xbbc</load_address>
         <run_address>0xbbc</run_address>
         <size>0x28c</size>
         <input_file_ref idref="fl-9"/>
      </object_component>
      <object_component id="oc-20d">
         <name>.text:EasyLink_receiveAsync</name>
         <load_address>0xe48</load_address>
         <run_address>0xe48</run_address>
         <size>0x238</size>
         <input_file_ref idref="fl-9"/>
      </object_component>
      <object_component id="oc-40e">
         <name>.text:RF_scheduleCmd</name>
         <load_address>0x1080</load_address>
         <run_address>0x1080</run_address>
         <size>0x204</size>
         <input_file_ref idref="fl-15"/>
      </object_component>
      <object_component id="oc-3cc">
         <name>.text:RF_open</name>
         <load_address>0x1284</load_address>
         <run_address>0x1284</run_address>
         <size>0x200</size>
         <input_file_ref idref="fl-15"/>
      </object_component>
      <object_component id="oc-15e">
         <name>.text:mainThread</name>
         <load_address>0x1484</load_address>
         <run_address>0x1484</run_address>
         <size>0x1dc</size>
         <input_file_ref idref="fl-4"/>
      </object_component>
      <object_component id="oc-427">
         <name>.text:rxDoneCallback</name>
         <load_address>0x1660</load_address>
         <run_address>0x1660</run_address>
         <size>0x1cc</size>
         <input_file_ref idref="fl-9"/>
      </object_component>
      <object_component id="oc-1ae">
         <name>.text:PIN_init</name>
         <load_address>0x182c</load_address>
         <run_address>0x182c</run_address>
         <size>0x1c4</size>
         <input_file_ref idref="fl-19"/>
      </object_component>
      <object_component id="oc-801">
         <name>.text:Power_sleep</name>
         <load_address>0x19f0</load_address>
         <run_address>0x19f0</run_address>
         <size>0x1a8</size>
         <input_file_ref idref="fl-1a"/>
      </object_component>
      <object_component id="oc-8ed">
         <name>.text:RF_dispatchNextCmd</name>
         <load_address>0x1b98</load_address>
         <run_address>0x1b98</run_address>
         <size>0x190</size>
         <input_file_ref idref="fl-15"/>
      </object_component>
      <object_component id="oc-4fd">
         <name>.text:calibrateRcoscHf1</name>
         <load_address>0x1d28</load_address>
         <run_address>0x1d28</run_address>
         <size>0x190</size>
         <input_file_ref idref="fl-1b"/>
      </object_component>
      <object_component id="oc-1a8">
         <name>.text:Power_init</name>
         <load_address>0x1eb8</load_address>
         <run_address>0x1eb8</run_address>
         <size>0x18c</size>
         <input_file_ref idref="fl-1a"/>
      </object_component>
      <object_component id="oc-833">
         <name>.text:runCalibrateFsm</name>
         <load_address>0x2044</load_address>
         <run_address>0x2044</run_address>
         <size>0x18c</size>
         <input_file_ref idref="fl-1b"/>
      </object_component>
      <object_component id="oc-92a">
         <name>.text:RF_fsmSetupState</name>
         <load_address>0x21d0</load_address>
         <run_address>0x21d0</run_address>
         <size>0x148</size>
         <input_file_ref idref="fl-15"/>
      </object_component>
      <object_component id="oc-72d">
         <name>.text:RF_abortCmd</name>
         <load_address>0x2318</load_address>
         <run_address>0x2318</run_address>
         <size>0x134</size>
         <input_file_ref idref="fl-15"/>
      </object_component>
      <object_component id="oc-a6d">
         <name>.text:RF_initRadioSetup</name>
         <load_address>0x244c</load_address>
         <run_address>0x244c</run_address>
         <size>0x130</size>
         <input_file_ref idref="fl-15"/>
      </object_component>
      <object_component id="oc-924">
         <name>.text:RF_radioOpDoneCb</name>
         <load_address>0x257c</load_address>
         <run_address>0x257c</run_address>
         <size>0x11c</size>
         <input_file_ref idref="fl-15"/>
      </object_component>
      <object_component id="oc-b3a">
         <name>.text:RF_decodeOverridePointers</name>
         <load_address>0x2698</load_address>
         <run_address>0x2698</run_address>
         <size>0x112</size>
         <input_file_ref idref="fl-15"/>
      </object_component>
      <object_component id="oc-a24">
         <name>.text:IntDefaultHandler</name>
         <load_address>0x27aa</load_address>
         <run_address>0x27aa</run_address>
         <size>0x2</size>
         <input_file_ref idref="fl-2b"/>
      </object_component>
      <object_component id="oc-38d">
         <name>.text:RF_close</name>
         <load_address>0x27ac</load_address>
         <run_address>0x27ac</run_address>
         <size>0x110</size>
         <input_file_ref idref="fl-15"/>
      </object_component>
      <object_component id="oc-518">
         <name>.text:configureXOSCHF</name>
         <load_address>0x28bc</load_address>
         <run_address>0x28bc</run_address>
         <size>0x100</size>
         <input_file_ref idref="fl-1a"/>
      </object_component>
      <object_component id="oc-9ea">
         <name>.text:NOROM_SysCtrlStandby</name>
         <load_address>0x29bc</load_address>
         <run_address>0x29bc</run_address>
         <size>0xfc</size>
         <input_file_ref idref="fl-2e"/>
      </object_component>
      <object_component id="oc-8f9">
         <name>.text:RF_hwiCpe0Active</name>
         <load_address>0x2ab8</load_address>
         <run_address>0x2ab8</run_address>
         <size>0xfc</size>
         <input_file_ref idref="fl-15"/>
      </object_component>
      <object_component id="oc-2eb">
         <name>.text:PINCC26XX_setIoCfg</name>
         <load_address>0x2bb4</load_address>
         <run_address>0x2bb4</run_address>
         <size>0xf8</size>
         <input_file_ref idref="fl-19"/>
      </object_component>
      <object_component id="oc-6b5">
         <name>.text:RF_fsmPowerUpState</name>
         <load_address>0x2cac</load_address>
         <run_address>0x2cac</run_address>
         <size>0xf0</size>
         <input_file_ref idref="fl-15"/>
      </object_component>
      <object_component id="oc-24d">
         <name>.text:echoRxDoneCb</name>
         <load_address>0x2d9c</load_address>
         <run_address>0x2d9c</run_address>
         <size>0xe0</size>
         <input_file_ref idref="fl-4"/>
      </object_component>
      <object_component id="oc-414">
         <name>.text:RF_postCmd</name>
         <load_address>0x2e7c</load_address>
         <run_address>0x2e7c</run_address>
         <size>0xd8</size>
         <input_file_ref idref="fl-15"/>
      </object_component>
      <object_component id="oc-303">
         <name>.text:SwiP_construct</name>
         <load_address>0x2f54</load_address>
         <run_address>0x2f54</run_address>
         <size>0xd8</size>
         <input_file_ref idref="fl-21"/>
      </object_component>
      <object_component id="oc-43b">
         <name>.text:RF_pendCmd</name>
         <load_address>0x302c</load_address>
         <run_address>0x302c</run_address>
         <size>0xd4</size>
         <input_file_ref idref="fl-15"/>
      </object_component>
      <object_component id="oc-a7a">
         <name>.text:RF_updatePaConfiguration</name>
         <load_address>0x3100</load_address>
         <run_address>0x3100</run_address>
         <size>0xd2</size>
         <input_file_ref idref="fl-15"/>
      </object_component>
      <object_component id="oc-b33">
         <name>.text:NOROM_RFCCpePatchReset</name>
         <load_address>0x31d2</load_address>
         <run_address>0x31d2</run_address>
         <size>0x2</size>
         <input_file_ref idref="fl-16"/>
      </object_component>
      <object_component id="oc-68e">
         <name>.text:RF_swiHw</name>
         <load_address>0x31d4</load_address>
         <run_address>0x31d4</run_address>
         <size>0xd0</size>
         <input_file_ref idref="fl-15"/>
      </object_component>
      <object_component id="oc-4d7">
         <name>.text:PowerCC26XX_standbyPolicy</name>
         <load_address>0x32a4</load_address>
         <run_address>0x32a4</run_address>
         <size>0xcc</size>
         <input_file_ref idref="fl-25"/>
      </object_component>
      <object_component id="oc-646">
         <name>.text:Power_releaseDependency</name>
         <load_address>0x3370</load_address>
         <run_address>0x3370</run_address>
         <size>0xc8</size>
         <input_file_ref idref="fl-1a"/>
      </object_component>
      <object_component id="oc-41d">
         <name>.text:txDoneCallback</name>
         <load_address>0x3438</load_address>
         <run_address>0x3438</run_address>
         <size>0xc8</size>
         <input_file_ref idref="fl-9"/>
      </object_component>
      <object_component id="oc-2df">
         <name>.text:Power_setDependency</name>
         <load_address>0x3500</load_address>
         <run_address>0x3500</run_address>
         <size>0xc4</size>
         <input_file_ref idref="fl-1a"/>
      </object_component>
      <object_component id="oc-772">
         <name>.text:TimerP_construct</name>
         <load_address>0x35c4</load_address>
         <run_address>0x35c4</run_address>
         <size>0xbc</size>
         <input_file_ref idref="fl-23"/>
      </object_component>
      <object_component id="oc-4a6">
         <name>.text:ClockP_startup</name>
         <load_address>0x3680</load_address>
         <run_address>0x3680</run_address>
         <size>0xb4</size>
         <input_file_ref idref="fl-22"/>
      </object_component>
      <object_component id="oc-784">
         <name>.text:ClockP_workFuncDynamic</name>
         <load_address>0x3734</load_address>
         <run_address>0x3734</run_address>
         <size>0xac</size>
         <input_file_ref idref="fl-22"/>
      </object_component>
      <object_component id="oc-1c5">
         <name>.text:PIN_open</name>
         <load_address>0x37e0</load_address>
         <run_address>0x37e0</run_address>
         <size>0xac</size>
         <input_file_ref idref="fl-19"/>
      </object_component>
      <object_component id="oc-c2">
         <name>.text:TrimAfterColdResetWakeupFromShutDown</name>
         <load_address>0x388c</load_address>
         <run_address>0x388c</run_address>
         <size>0xac</size>
         <input_file_ref idref="fl-2d"/>
      </object_component>
      <object_component id="oc-22b">
         <name>.text:EasyLink_abort</name>
         <load_address>0x3938</load_address>
         <run_address>0x3938</run_address>
         <size>0xa4</size>
         <input_file_ref idref="fl-9"/>
      </object_component>
      <object_component id="oc-8e7">
         <name>.text:RF_ratRestartChannels</name>
         <load_address>0x39dc</load_address>
         <run_address>0x39dc</run_address>
         <size>0xa4</size>
         <input_file_ref idref="fl-15"/>
      </object_component>
      <object_component id="oc-344">
         <name>.text:SemaphoreP_pend</name>
         <load_address>0x3a80</load_address>
         <run_address>0x3a80</run_address>
         <size>0xa0</size>
         <input_file_ref idref="fl-20"/>
      </object_component>
      <object_component id="oc-956">
         <name>.text:RF_calculateDispatchTime</name>
         <load_address>0x3b20</load_address>
         <run_address>0x3b20</run_address>
         <size>0x9c</size>
         <input_file_ref idref="fl-15"/>
      </object_component>
      <object_component id="oc-869">
         <name>.text:SwiP_dispatch</name>
         <load_address>0x3bbc</load_address>
         <run_address>0x3bbc</run_address>
         <size>0x9c</size>
         <input_file_ref idref="fl-21"/>
      </object_component>
      <object_component id="oc-58">
         <name>.text</name>
         <load_address>0x3c58</load_address>
         <run_address>0x3c58</run_address>
         <size>0x9c</size>
         <input_file_ref idref="fl-e9"/>
      </object_component>
      <object_component id="oc-76">
         <name>.text:NOROM_SetupTrimDevice</name>
         <load_address>0x3cf4</load_address>
         <run_address>0x3cf4</run_address>
         <size>0x98</size>
         <input_file_ref idref="fl-2d"/>
      </object_component>
      <object_component id="oc-996">
         <name>.text</name>
         <load_address>0x3d8c</load_address>
         <run_address>0x3d8c</run_address>
         <size>0x96</size>
         <input_file_ref idref="fl-e6"/>
      </object_component>
      <object_component id="oc-6bb">
         <name>.text:RF_defaultCallback</name>
         <load_address>0x3e22</load_address>
         <run_address>0x3e22</run_address>
         <size>0x2</size>
         <input_file_ref idref="fl-15"/>
      </object_component>
      <object_component id="oc-978">
         <name>.text:RF_discardPendCmd</name>
         <load_address>0x3e24</load_address>
         <run_address>0x3e24</run_address>
         <size>0x90</size>
         <input_file_ref idref="fl-15"/>
      </object_component>
      <object_component id="oc-1d7">
         <name>.text:GPTimerCC26XX_open</name>
         <load_address>0x3eb4</load_address>
         <run_address>0x3eb4</run_address>
         <size>0x88</size>
         <input_file_ref idref="fl-1d"/>
      </object_component>
      <object_component id="oc-81b">
         <name>.text:NOROM_OSCHF_AttemptToSwitchToXosc</name>
         <load_address>0x3f3c</load_address>
         <run_address>0x3f3c</run_address>
         <size>0x88</size>
         <input_file_ref idref="fl-2c"/>
      </object_component>
      <object_component id="oc-a48">
         <name>.text:RF_cmdDispatchTime</name>
         <load_address>0x3fc4</load_address>
         <run_address>0x3fc4</run_address>
         <size>0x88</size>
         <input_file_ref idref="fl-15"/>
      </object_component>
      <object_component id="oc-4f7">
         <name>.text:calibrateRcoscHf2</name>
         <load_address>0x404c</load_address>
         <run_address>0x404c</run_address>
         <size>0x88</size>
         <input_file_ref idref="fl-1b"/>
      </object_component>
      <object_component id="oc-4f0">
         <name>.text:disableLFClockQualifiers</name>
         <load_address>0x40d4</load_address>
         <run_address>0x40d4</run_address>
         <size>0x88</size>
         <input_file_ref idref="fl-1a"/>
      </object_component>
      <object_component id="oc-503">
         <name>.text:updateSubSecInc</name>
         <load_address>0x415c</load_address>
         <run_address>0x415c</run_address>
         <size>0x88</size>
         <input_file_ref idref="fl-1b"/>
      </object_component>
      <object_component id="oc-591">
         <name>.text:CC1352R1_LAUNCHXL_sendExtFlashByte</name>
         <load_address>0x41e4</load_address>
         <run_address>0x41e4</run_address>
         <size>0x84</size>
         <input_file_ref idref="fl-2"/>
      </object_component>
      <object_component id="oc-932">
         <name>.text:RF_issueRadioFreeCb</name>
         <load_address>0x4268</load_address>
         <run_address>0x4268</run_address>
         <size>0x84</size>
         <input_file_ref idref="fl-15"/>
      </object_component>
      <object_component id="oc-b6e">
         <name>.text:RF_verifyGap</name>
         <load_address>0x42ec</load_address>
         <run_address>0x42ec</run_address>
         <size>0x84</size>
         <input_file_ref idref="fl-15"/>
      </object_component>
      <object_component id="oc-4b2">
         <name>.text:ClockP_start</name>
         <load_address>0x4370</load_address>
         <run_address>0x4370</run_address>
         <size>0x80</size>
         <input_file_ref idref="fl-22"/>
      </object_component>
      <object_component id="oc-28c">
         <name>.text:HwiP_construct</name>
         <load_address>0x43f0</load_address>
         <run_address>0x43f0</run_address>
         <size>0x80</size>
         <input_file_ref idref="fl-24"/>
      </object_component>
      <object_component id="oc-8ce">
         <name>.text:RF_ratFreeChannel</name>
         <load_address>0x4470</load_address>
         <run_address>0x4470</run_address>
         <size>0x7c</size>
         <input_file_ref idref="fl-15"/>
      </object_component>
      <object_component id="oc-b0">
         <name>.text</name>
         <load_address>0x44ec</load_address>
         <run_address>0x44ec</run_address>
         <size>0x7a</size>
         <input_file_ref idref="fl-e7"/>
      </object_component>
      <object_component id="oc-64c">
         <name>.text:SemaphoreP_destruct</name>
         <load_address>0x4566</load_address>
         <run_address>0x4566</run_address>
         <size>0x2</size>
         <input_file_ref idref="fl-20"/>
      </object_component>
      <object_component id="oc-9b3">
         <name>.text:ClockP_walkQueueDynamic</name>
         <load_address>0x4568</load_address>
         <run_address>0x4568</run_address>
         <size>0x78</size>
         <input_file_ref idref="fl-22"/>
      </object_component>
      <object_component id="oc-2b6">
         <name>.text:PowerCC26X2_auxISR</name>
         <load_address>0x45e0</load_address>
         <run_address>0x45e0</run_address>
         <size>0x74</size>
         <input_file_ref idref="fl-1b"/>
      </object_component>
      <object_component id="oc-b46">
         <name>.text:RF_detachOverrides</name>
         <load_address>0x4654</load_address>
         <run_address>0x4654</run_address>
         <size>0x72</size>
         <input_file_ref idref="fl-15"/>
      </object_component>
      <object_component id="oc-b80">
         <name>.text:NOROM_RFCAnaDivTxOverride</name>
         <load_address>0x46c6</load_address>
         <run_address>0x46c6</run_address>
         <size>0x70</size>
         <input_file_ref idref="fl-16"/>
      </object_component>
      <object_component id="oc-487">
         <name>.text:_nop</name>
         <load_address>0x4736</load_address>
         <run_address>0x4736</run_address>
         <size>0x2</size>
         <input_file_ref idref="fl-f5"/>
      </object_component>
      <object_component id="oc-69a">
         <name>.text:RF_hwiHw</name>
         <load_address>0x4738</load_address>
         <run_address>0x4738</run_address>
         <size>0x70</size>
         <input_file_ref idref="fl-15"/>
      </object_component>
      <object_component id="oc-b40">
         <name>.text:RF_attachOverrides</name>
         <load_address>0x47a8</load_address>
         <run_address>0x47a8</run_address>
         <size>0x6e</size>
         <input_file_ref idref="fl-15"/>
      </object_component>
      <object_component id="oc-ac1">
         <name>.text:RF_howToSchedule</name>
         <load_address>0x4816</load_address>
         <run_address>0x4816</run_address>
         <size>0x6e</size>
         <input_file_ref idref="fl-15"/>
      </object_component>
      <object_component id="oc-b8a">
         <name>.text</name>
         <load_address>0x4884</load_address>
         <run_address>0x4884</run_address>
         <size>0x6e</size>
         <input_file_ref idref="fl-e5"/>
      </object_component>
      <object_component id="oc-5cf">
         <name>.text:clkFxn</name>
         <load_address>0x48f2</load_address>
         <run_address>0x48f2</run_address>
         <size>0x2</size>
         <input_file_ref idref="fl-20"/>
      </object_component>
      <object_component id="oc-841">
         <name>.text:NOROM_OSCHF_SwitchToRcOscTurnOffXosc</name>
         <load_address>0x48f4</load_address>
         <run_address>0x48f4</run_address>
         <size>0x68</size>
         <input_file_ref idref="fl-2c"/>
      </object_component>
      <object_component id="oc-b10">
         <name>.text:NOROM_SysCtrlSetRechargeBeforePowerDown</name>
         <load_address>0x495c</load_address>
         <run_address>0x495c</run_address>
         <size>0x68</size>
         <input_file_ref idref="fl-2e"/>
      </object_component>
      <object_component id="oc-3fb">
         <name>.text:RF_getCurrentTime</name>
         <load_address>0x49c4</load_address>
         <run_address>0x49c4</run_address>
         <size>0x68</size>
         <input_file_ref idref="fl-15"/>
      </object_component>
      <object_component id="oc-870">
         <name>.text:SwiP_post</name>
         <load_address>0x4a2c</load_address>
         <run_address>0x4a2c</run_address>
         <size>0x68</size>
         <input_file_ref idref="fl-21"/>
      </object_component>
      <object_component id="oc-ae7">
         <name>.text:TimerP_start</name>
         <load_address>0x4a94</load_address>
         <run_address>0x4a94</run_address>
         <size>0x68</size>
         <input_file_ref idref="fl-23"/>
      </object_component>
      <object_component id="oc-1c">
         <name>.text:decompress:lzss:__TI_decompress_lzss</name>
         <load_address>0x4afc</load_address>
         <run_address>0x4afc</run_address>
         <size>0x68</size>
         <input_file_ref idref="fl-ec"/>
      </object_component>
      <object_component id="oc-b52">
         <name>.text:NOROM_OSC_HPOSCRtcCompensate</name>
         <load_address>0x4b64</load_address>
         <run_address>0x4b64</run_address>
         <size>0x64</size>
         <input_file_ref idref="fl-2c"/>
      </object_component>
      <object_component id="oc-713">
         <name>.text:RF_dispatchNextEvent</name>
         <load_address>0x4bc8</load_address>
         <run_address>0x4bc8</run_address>
         <size>0x64</size>
         <input_file_ref idref="fl-15"/>
      </object_component>
      <object_component id="oc-a67">
         <name>.text:RF_applyRfCorePatch</name>
         <load_address>0x4c2c</load_address>
         <run_address>0x4c2c</run_address>
         <size>0x60</size>
         <input_file_ref idref="fl-15"/>
      </object_component>
      <object_component id="oc-408">
         <name>.text:calculateCmdTime</name>
         <load_address>0x4c8c</load_address>
         <run_address>0x4c8c</run_address>
         <size>0x60</size>
         <input_file_ref idref="fl-9"/>
      </object_component>
      <object_component id="oc-aa7">
         <name>.text:configureMultiProtocolPatch</name>
         <load_address>0x4cec</load_address>
         <run_address>0x4cec</run_address>
         <size>0x60</size>
         <input_file_ref idref="fl-17"/>
      </object_component>
      <object_component id="oc-3c0">
         <name>.text:createTxAdvFromTx</name>
         <load_address>0x4d4c</load_address>
         <run_address>0x4d4c</run_address>
         <size>0x60</size>
         <input_file_ref idref="fl-9"/>
      </object_component>
      <object_component id="oc-247">
         <name>.text:echoTxDoneCb</name>
         <load_address>0x4dac</load_address>
         <run_address>0x4dac</run_address>
         <size>0x60</size>
         <input_file_ref idref="fl-4"/>
      </object_component>
      <object_component id="oc-880">
         <name>.text:PIN_remove</name>
         <load_address>0x4e0c</load_address>
         <run_address>0x4e0c</run_address>
         <size>0x5c</size>
         <input_file_ref idref="fl-19"/>
      </object_component>
      <object_component id="oc-746">
         <name>.text:RF_syncCb</name>
         <load_address>0x4e68</load_address>
         <run_address>0x4e68</run_address>
         <size>0x5c</size>
         <input_file_ref idref="fl-15"/>
      </object_component>
      <object_component id="oc-478">
         <name>.text:GPTimerCC26XX_stop</name>
         <load_address>0x4ec4</load_address>
         <run_address>0x4ec4</run_address>
         <size>0x58</size>
         <input_file_ref idref="fl-1d"/>
      </object_component>
      <object_component id="oc-814">
         <name>.text:PowerCC26X2_initiateCalibration</name>
         <load_address>0x4f1c</load_address>
         <run_address>0x4f1c</run_address>
         <size>0x58</size>
         <input_file_ref idref="fl-1b"/>
      </object_component>
      <object_component id="oc-a99">
         <name>.text:RF_fsmXOSCState</name>
         <load_address>0x4f74</load_address>
         <run_address>0x4f74</run_address>
         <size>0x58</size>
         <input_file_ref idref="fl-15"/>
      </object_component>
      <object_component id="oc-694">
         <name>.text:RF_hwiCpe0PowerFsm</name>
         <load_address>0x4fcc</load_address>
         <run_address>0x4fcc</run_address>
         <size>0x58</size>
         <input_file_ref idref="fl-15"/>
      </object_component>
      <object_component id="oc-969">
         <name>.text:RF_defaultSubmitPolicy</name>
         <load_address>0x5024</load_address>
         <run_address>0x5024</run_address>
         <size>0x56</size>
         <input_file_ref idref="fl-15"/>
      </object_component>
      <object_component id="oc-2a4">
         <name>.text:emptyClockFunc</name>
         <load_address>0x507a</load_address>
         <run_address>0x507a</run_address>
         <size>0x2</size>
         <input_file_ref idref="fl-1a"/>
      </object_component>
      <object_component id="oc-2cd">
         <name>.text:NOROM_ChipInfo_GetChipType</name>
         <load_address>0x507c</load_address>
         <run_address>0x507c</run_address>
         <size>0x54</size>
         <input_file_ref idref="fl-28"/>
      </object_component>
      <object_component id="oc-472">
         <name>.text:isPacketCorrect</name>
         <load_address>0x50d0</load_address>
         <run_address>0x50d0</run_address>
         <size>0x54</size>
         <input_file_ref idref="fl-4"/>
      </object_component>
      <object_component id="oc-1e9">
         <name>.text:GPTimerCC26XX_registerInterrupt</name>
         <load_address>0x5124</load_address>
         <run_address>0x5124</run_address>
         <size>0x50</size>
         <input_file_ref idref="fl-1d"/>
      </object_component>
      <object_component id="oc-6ac">
         <name>.text:RF_wakeupNotification</name>
         <load_address>0x5174</load_address>
         <run_address>0x5174</run_address>
         <size>0x50</size>
         <input_file_ref idref="fl-15"/>
      </object_component>
      <object_component id="oc-538">
         <name>.text:SemaphoreP_construct</name>
         <load_address>0x51c4</load_address>
         <run_address>0x51c4</run_address>
         <size>0x50</size>
         <input_file_ref idref="fl-20"/>
      </object_component>
      <object_component id="oc-58b">
         <name>.text:CC1352R1_LAUNCHXL_wakeUpExtFlash</name>
         <load_address>0x5214</load_address>
         <run_address>0x5214</run_address>
         <size>0x4c</size>
         <input_file_ref idref="fl-2"/>
      </object_component>
      <object_component id="oc-366">
         <name>.text:GPTimerCC26XX_initHw</name>
         <load_address>0x5260</load_address>
         <run_address>0x5260</run_address>
         <size>0x4c</size>
         <input_file_ref idref="fl-1d"/>
      </object_component>
      <object_component id="oc-213">
         <name>.text:GPTimerCC26XX_start</name>
         <load_address>0x52ac</load_address>
         <run_address>0x52ac</run_address>
         <size>0x4c</size>
         <input_file_ref idref="fl-1d"/>
      </object_component>
      <object_component id="oc-4e7">
         <name>.text:switchXOSCHF</name>
         <load_address>0x52f8</load_address>
         <run_address>0x52f8</run_address>
         <size>0x4c</size>
         <input_file_ref idref="fl-1a"/>
      </object_component>
      <object_component id="oc-280">
         <name>.text:ClockP_construct</name>
         <load_address>0x5344</load_address>
         <run_address>0x5344</run_address>
         <size>0x48</size>
         <input_file_ref idref="fl-22"/>
      </object_component>
      <object_component id="oc-381">
         <name>.text:GPTimerCC26XXHwiFxn</name>
         <load_address>0x538c</load_address>
         <run_address>0x538c</run_address>
         <size>0x48</size>
         <input_file_ref idref="fl-1d"/>
      </object_component>
      <object_component id="oc-a61">
         <name>.text:NOROM_RFCSynthPowerDown</name>
         <load_address>0x53d4</load_address>
         <run_address>0x53d4</run_address>
         <size>0x48</size>
         <input_file_ref idref="fl-16"/>
      </object_component>
      <object_component id="oc-2aa">
         <name>.text:PowerCC26X2_RCOSC_clockFunc</name>
         <load_address>0x541c</load_address>
         <run_address>0x541c</run_address>
         <size>0x48</size>
         <input_file_ref idref="fl-1b"/>
      </object_component>
      <object_component id="oc-a93">
         <name>.text:PowerCC26XX_switchXOSC_HF</name>
         <load_address>0x5464</load_address>
         <run_address>0x5464</run_address>
         <size>0x48</size>
         <input_file_ref idref="fl-1a"/>
      </object_component>
      <object_component id="oc-10f">
         <name>.text:NOROM_ChipInfo_GetHwRevision</name>
         <load_address>0x54ac</load_address>
         <run_address>0x54ac</run_address>
         <size>0x44</size>
         <input_file_ref idref="fl-28"/>
      </object_component>
      <object_component id="oc-321">
         <name>.text:PIN_swi</name>
         <load_address>0x54f0</load_address>
         <run_address>0x54f0</run_address>
         <size>0x44</size>
         <input_file_ref idref="fl-19"/>
      </object_component>
      <object_component id="oc-350">
         <name>.text:SemaphoreP_post</name>
         <load_address>0x5534</load_address>
         <run_address>0x5534</run_address>
         <size>0x44</size>
         <input_file_ref idref="fl-20"/>
      </object_component>
      <object_component id="oc-740">
         <name>.text:SwiP_restore</name>
         <load_address>0x5578</load_address>
         <run_address>0x5578</run_address>
         <size>0x44</size>
         <input_file_ref idref="fl-21"/>
      </object_component>
      <object_component id="oc-171">
         <name>.text:__TI_auto_init_nobinit_nopinit:__TI_auto_init_nobinit_nopinit</name>
         <load_address>0x55bc</load_address>
         <run_address>0x55bc</run_address>
         <size>0x44</size>
         <input_file_ref idref="fl-f1"/>
      </object_component>
      <object_component id="oc-338">
         <name>.text:CC1352R1_LAUNCHXL_shutDownExtFlash</name>
         <load_address>0x5600</load_address>
         <run_address>0x5600</run_address>
         <size>0x40</size>
         <input_file_ref idref="fl-2"/>
      </object_component>
      <object_component id="oc-a8d">
         <name>.text:PowerCC26XX_isStableXOSC_HF</name>
         <load_address>0x5640</load_address>
         <run_address>0x5640</run_address>
         <size>0x40</size>
         <input_file_ref idref="fl-1a"/>
      </object_component>
      <object_component id="oc-1cb">
         <name>.text:PIN_setOutputValue</name>
         <load_address>0x5680</load_address>
         <run_address>0x5680</run_address>
         <size>0x3c</size>
         <input_file_ref idref="fl-19"/>
      </object_component>
      <object_component id="oc-73a">
         <name>.text:RF_cmdGet</name>
         <load_address>0x56bc</load_address>
         <run_address>0x56bc</run_address>
         <size>0x3c</size>
         <input_file_ref idref="fl-15"/>
      </object_component>
      <object_component id="oc-906">
         <name>.text:RF_cmdStoreEvents</name>
         <load_address>0x56f8</load_address>
         <run_address>0x56f8</run_address>
         <size>0x3c</size>
         <input_file_ref idref="fl-15"/>
      </object_component>
      <object_component id="oc-82c">
         <name>.text:NOROM_OSC_HPOSCRelativeFrequencyOffsetGet</name>
         <load_address>0x5734</load_address>
         <run_address>0x5734</run_address>
         <size>0x38</size>
         <input_file_ref idref="fl-2c"/>
      </object_component>
      <object_component id="oc-34a">
         <name>.text:PIN_setConfig</name>
         <load_address>0x576c</load_address>
         <run_address>0x576c</run_address>
         <size>0x38</size>
         <input_file_ref idref="fl-19"/>
      </object_component>
      <object_component id="oc-8e1">
         <name>.text:RF_checkCmdFsError</name>
         <load_address>0x57a4</load_address>
         <run_address>0x57a4</run_address>
         <size>0x38</size>
         <input_file_ref idref="fl-15"/>
      </object_component>
      <object_component id="oc-62e">
         <name>.text:RF_powerConstraintRelease</name>
         <load_address>0x57dc</load_address>
         <run_address>0x57dc</run_address>
         <size>0x38</size>
         <input_file_ref idref="fl-15"/>
      </object_component>
      <object_component id="oc-79e">
         <name>.text:TimerP_getCurrentTick</name>
         <load_address>0x5814</load_address>
         <run_address>0x5814</run_address>
         <size>0x38</size>
         <input_file_ref idref="fl-23"/>
      </object_component>
      <object_component id="oc-990">
         <name>.text:TimerP_initDevice</name>
         <load_address>0x584c</load_address>
         <run_address>0x584c</run_address>
         <size>0x38</size>
         <input_file_ref idref="fl-23"/>
      </object_component>
      <object_component id="oc-821">
         <name>.text:notify</name>
         <load_address>0x5884</load_address>
         <run_address>0x5884</run_address>
         <size>0x38</size>
         <input_file_ref idref="fl-1a"/>
      </object_component>
      <object_component id="oc-9c8">
         <name>.text:TimerP_setNextTick</name>
         <load_address>0x58bc</load_address>
         <run_address>0x58bc</run_address>
         <size>0x36</size>
         <input_file_ref idref="fl-23"/>
      </object_component>
      <object_component id="oc-3e">
         <name>.text:faultISR</name>
         <load_address>0x58f2</load_address>
         <run_address>0x58f2</run_address>
         <size>0x2</size>
         <input_file_ref idref="fl-26"/>
      </object_component>
      <object_component id="oc-7ef">
         <name>.text:ClockP_getTicksUntilInterrupt</name>
         <load_address>0x58f4</load_address>
         <run_address>0x58f4</run_address>
         <size>0x34</size>
         <input_file_ref idref="fl-22"/>
      </object_component>
      <object_component id="oc-374">
         <name>.text:GPTimerCC26XXSetLoadMatch</name>
         <load_address>0x5928</load_address>
         <run_address>0x5928</run_address>
         <size>0x34</size>
         <input_file_ref idref="fl-1d"/>
      </object_component>
      <object_component id="oc-5f0">
         <name>.text:GPTimerCC26XX_configureDebugStall</name>
         <load_address>0x595c</load_address>
         <run_address>0x595c</run_address>
         <size>0x34</size>
         <input_file_ref idref="fl-1d"/>
      </object_component>
      <object_component id="oc-116">
         <name>.text:NOROM_AUXSYSIFOpModeChange</name>
         <load_address>0x5990</load_address>
         <run_address>0x5990</run_address>
         <size>0x34</size>
         <input_file_ref idref="fl-2f"/>
      </object_component>
      <object_component id="oc-4c1">
         <name>.text:NOROM_IntRegister</name>
         <load_address>0x59c4</load_address>
         <run_address>0x59c4</run_address>
         <size>0x34</size>
         <input_file_ref idref="fl-2b"/>
      </object_component>
      <object_component id="oc-807">
         <name>.text:NOROM_SysCtrlIdle</name>
         <load_address>0x59f8</load_address>
         <run_address>0x59f8</run_address>
         <size>0x34</size>
         <input_file_ref idref="fl-2e"/>
      </object_component>
      <object_component id="oc-634">
         <name>.text:SwiP_destruct</name>
         <load_address>0x5a2c</load_address>
         <run_address>0x5a2c</run_address>
         <size>0x34</size>
         <input_file_ref idref="fl-21"/>
      </object_component>
      <object_component id="oc-60e">
         <name>.text:rand</name>
         <load_address>0x5a60</load_address>
         <run_address>0x5a60</run_address>
         <size>0x34</size>
         <input_file_ref idref="fl-ee"/>
      </object_component>
      <object_component id="oc-74f">
         <name>.text:Power_releaseConstraint</name>
         <load_address>0x5a94</load_address>
         <run_address>0x5a94</run_address>
         <size>0x30</size>
         <input_file_ref idref="fl-1a"/>
      </object_component>
      <object_component id="oc-292">
         <name>.text:Power_setConstraint</name>
         <load_address>0x5ac4</load_address>
         <run_address>0x5ac4</run_address>
         <size>0x30</size>
         <input_file_ref idref="fl-1a"/>
      </object_component>
      <object_component id="oc-db">
         <name>.text:_c_int00:_c_int00</name>
         <load_address>0x5af4</load_address>
         <run_address>0x5af4</run_address>
         <size>0x30</size>
         <input_file_ref idref="fl-ef"/>
      </object_component>
      <object_component id="oc-939">
         <name>.text:applyMultiProtocolPatch</name>
         <load_address>0x5b24</load_address>
         <run_address>0x5b24</run_address>
         <size>0x30</size>
         <input_file_ref idref="fl-17"/>
      </object_component>
      <object_component id="oc-622">
         <name>.text:RF_queueEnd</name>
         <load_address>0x5b54</load_address>
         <run_address>0x5b54</run_address>
         <size>0x2e</size>
         <input_file_ref idref="fl-15"/>
      </object_component>
      <object_component id="oc-44">
         <name>.text:intDefaultHandler</name>
         <load_address>0x5b82</load_address>
         <run_address>0x5b82</run_address>
         <size>0x2</size>
         <input_file_ref idref="fl-26"/>
      </object_component>
      <object_component id="oc-756">
         <name>.text:GPTimerCC26XX_getTimerValue</name>
         <load_address>0x5b84</load_address>
         <run_address>0x5b84</run_address>
         <size>0x2c</size>
         <input_file_ref idref="fl-1d"/>
      </object_component>
      <object_component id="oc-a41">
         <name>.text:RF_executeDirectImmediateCmd</name>
         <load_address>0x5bb0</load_address>
         <run_address>0x5bb0</run_address>
         <size>0x2c</size>
         <input_file_ref idref="fl-15"/>
      </object_component>
      <object_component id="oc-b03">
         <name>.text:TimerP_setThreshold</name>
         <load_address>0x5bdc</load_address>
         <run_address>0x5bdc</run_address>
         <size>0x2c</size>
         <input_file_ref idref="fl-23"/>
      </object_component>
      <object_component id="oc-acd">
         <name>.text:List_insert</name>
         <load_address>0x5c08</load_address>
         <run_address>0x5c08</run_address>
         <size>0x2a</size>
         <input_file_ref idref="fl-18"/>
      </object_component>
      <object_component id="oc-b5a">
         <name>.text:RF_searchAndReplacePAOverride</name>
         <load_address>0x5c32</load_address>
         <run_address>0x5c32</run_address>
         <size>0x2a</size>
         <input_file_ref idref="fl-15"/>
      </object_component>
      <object_component id="oc-201">
         <name>.text:EasyLink_getAbsTime</name>
         <load_address>0x5c5c</load_address>
         <run_address>0x5c5c</run_address>
         <size>0x28</size>
         <input_file_ref idref="fl-9"/>
      </object_component>
      <object_component id="oc-83b">
         <name>.text:NOROM_OSCHF_TurnOnXosc</name>
         <load_address>0x5c84</load_address>
         <run_address>0x5c84</run_address>
         <size>0x28</size>
         <input_file_ref idref="fl-2c"/>
      </object_component>
      <object_component id="oc-b4c">
         <name>.text:NOROM_RFCOverrideSearch</name>
         <load_address>0x5cac</load_address>
         <run_address>0x5cac</run_address>
         <size>0x28</size>
         <input_file_ref idref="fl-16"/>
      </object_component>
      <object_component id="oc-676">
         <name>.text:Power_registerNotify</name>
         <load_address>0x5cd4</load_address>
         <run_address>0x5cd4</run_address>
         <size>0x28</size>
         <input_file_ref idref="fl-1a"/>
      </object_component>
      <object_component id="oc-ab8">
         <name>.text:RF_calculateDeltaTimeUs</name>
         <load_address>0x5cfc</load_address>
         <run_address>0x5cfc</run_address>
         <size>0x28</size>
         <input_file_ref idref="fl-15"/>
      </object_component>
      <object_component id="oc-3d8">
         <name>.text:RF_runCmd</name>
         <load_address>0x5d24</load_address>
         <run_address>0x5d24</run_address>
         <size>0x28</size>
         <input_file_ref idref="fl-15"/>
      </object_component>
      <object_component id="oc-2b0">
         <name>.text:oscillatorISR</name>
         <load_address>0x5d4c</load_address>
         <run_address>0x5d4c</run_address>
         <size>0x28</size>
         <input_file_ref idref="fl-1a"/>
      </object_component>
      <object_component id="oc-23e">
         <name>.text:rxTimeoutCb</name>
         <load_address>0x5d74</load_address>
         <run_address>0x5d74</run_address>
         <size>0x28</size>
         <input_file_ref idref="fl-4"/>
      </object_component>
      <object_component id="oc-607">
         <name>.text:GPTimerCC26XXLookupMask</name>
         <load_address>0x5d9c</load_address>
         <run_address>0x5d9c</run_address>
         <size>0x26</size>
         <input_file_ref idref="fl-1d"/>
      </object_component>
      <object_component id="oc-71d">
         <name>.text:List_put</name>
         <load_address>0x5dc2</load_address>
         <run_address>0x5dc2</run_address>
         <size>0x26</size>
         <input_file_ref idref="fl-18"/>
      </object_component>
      <object_component id="oc-ac7">
         <name>.text:List_putHead</name>
         <load_address>0x5de8</load_address>
         <run_address>0x5de8</run_address>
         <size>0x26</size>
         <input_file_ref idref="fl-18"/>
      </object_component>
      <object_component id="oc-8b2">
         <name>.text:List_remove</name>
         <load_address>0x5e0e</load_address>
         <run_address>0x5e0e</run_address>
         <size>0x26</size>
         <input_file_ref idref="fl-18"/>
      </object_component>
      <object_component id="oc-7aa">
         <name>.text:ClockP_getTicks</name>
         <load_address>0x5e34</load_address>
         <run_address>0x5e34</run_address>
         <size>0x24</size>
         <input_file_ref idref="fl-22"/>
      </object_component>
      <object_component id="oc-7a4">
         <name>.text:ClockP_scheduleNextTick</name>
         <load_address>0x5e58</load_address>
         <run_address>0x5e58</run_address>
         <size>0x24</size>
         <input_file_ref idref="fl-22"/>
      </object_component>
      <object_component id="oc-37b">
         <name>.text:GPTimerCC26XX_enableInterrupt</name>
         <load_address>0x5e7c</load_address>
         <run_address>0x5e7c</run_address>
         <size>0x24</size>
         <input_file_ref idref="fl-1d"/>
      </object_component>
      <object_component id="oc-4c7">
         <name>.text:HwiP_dispatch</name>
         <load_address>0x5ea0</load_address>
         <run_address>0x5ea0</run_address>
         <size>0x24</size>
         <input_file_ref idref="fl-24"/>
      </object_component>
      <object_component id="oc-97e">
         <name>.text:NOROM_RFCDoorbellSendTo</name>
         <load_address>0x5ec4</load_address>
         <run_address>0x5ec4</run_address>
         <size>0x24</size>
         <input_file_ref idref="fl-16"/>
      </object_component>
      <object_component id="oc-707">
         <name>.text:RF_cmdAlloc</name>
         <load_address>0x5ee8</load_address>
         <run_address>0x5ee8</run_address>
         <size>0x24</size>
         <input_file_ref idref="fl-15"/>
      </object_component>
      <object_component id="oc-682">
         <name>.text:RF_invokeGlobalCallback</name>
         <load_address>0x5f0c</load_address>
         <run_address>0x5f0c</run_address>
         <size>0x24</size>
         <input_file_ref idref="fl-15"/>
      </object_component>
      <object_component id="oc-778">
         <name>.text:TimerP_getMaxTicks</name>
         <load_address>0x5f30</load_address>
         <run_address>0x5f30</run_address>
         <size>0x24</size>
         <input_file_ref idref="fl-23"/>
      </object_component>
      <object_component id="oc-9f4">
         <name>.text:getTdcSemaphore</name>
         <load_address>0x5f54</load_address>
         <run_address>0x5f54</run_address>
         <size>0x24</size>
         <input_file_ref idref="fl-1b"/>
      </object_component>
      <object_component id="oc-600">
         <name>.text:GPTimerCC26XXReverseLookupMask</name>
         <load_address>0x5f78</load_address>
         <run_address>0x5f78</run_address>
         <size>0x22</size>
         <input_file_ref idref="fl-1d"/>
      </object_component>
      <object_component id="oc-a4e">
         <name>.text:List_get</name>
         <load_address>0x5f9a</load_address>
         <run_address>0x5f9a</run_address>
         <size>0x22</size>
         <input_file_ref idref="fl-18"/>
      </object_component>
      <object_component id="oc-5b7">
         <name>.text:ClockP_add</name>
         <load_address>0x5fbc</load_address>
         <run_address>0x5fbc</run_address>
         <size>0x20</size>
         <input_file_ref idref="fl-22"/>
      </object_component>
      <object_component id="oc-2f1">
         <name>.text:PINCC26XX_setIoCfgMux</name>
         <load_address>0x5fdc</load_address>
         <run_address>0x5fdc</run_address>
         <size>0x20</size>
         <input_file_ref idref="fl-19"/>
      </object_component>
      <object_component id="oc-640">
         <name>.text:Power_unregisterNotify</name>
         <load_address>0x5ffc</load_address>
         <run_address>0x5ffc</run_address>
         <size>0x20</size>
         <input_file_ref idref="fl-1a"/>
      </object_component>
      <object_component id="oc-4ac">
         <name>.text:QueueP_put</name>
         <load_address>0x601c</load_address>
         <run_address>0x601c</run_address>
         <size>0x20</size>
         <input_file_ref idref="fl-27"/>
      </object_component>
      <object_component id="oc-6a0">
         <name>.text:RF_clkPowerUp</name>
         <load_address>0x603c</load_address>
         <run_address>0x603c</run_address>
         <size>0x20</size>
         <input_file_ref idref="fl-15"/>
      </object_component>
      <object_component id="oc-a73">
         <name>.text:RF_hwiCpe0ChangePhy</name>
         <load_address>0x605c</load_address>
         <run_address>0x605c</run_address>
         <size>0x20</size>
         <input_file_ref idref="fl-15"/>
      </object_component>
      <object_component id="oc-a55">
         <name>.text:RF_isStateTransitionAllowed</name>
         <load_address>0x607c</load_address>
         <run_address>0x607c</run_address>
         <size>0x20</size>
         <input_file_ref idref="fl-15"/>
      </object_component>
      <object_component id="oc-a31">
         <name>.text:RF_ratIsRunning</name>
         <load_address>0x609c</load_address>
         <run_address>0x609c</run_address>
         <size>0x20</size>
         <input_file_ref idref="fl-15"/>
      </object_component>
      <object_component id="oc-9a7">
         <name>.text:TimerP_dynamicStub</name>
         <load_address>0x60bc</load_address>
         <run_address>0x60bc</run_address>
         <size>0x20</size>
         <input_file_ref idref="fl-23"/>
      </object_component>
      <object_component id="oc-597">
         <name>.text:PIN_close</name>
         <load_address>0x60dc</load_address>
         <run_address>0x60dc</run_address>
         <size>0x1e</size>
         <input_file_ref idref="fl-19"/>
      </object_component>
      <object_component id="oc-7f5">
         <name>.text:Power_getTransitionLatency</name>
         <load_address>0x60fa</load_address>
         <run_address>0x60fa</run_address>
         <size>0x1e</size>
         <input_file_ref idref="fl-1a"/>
      </object_component>
      <object_component id="oc-2e5">
         <name>.text:SemaphoreP_constructBinary</name>
         <load_address>0x6118</load_address>
         <run_address>0x6118</run_address>
         <size>0x1e</size>
         <input_file_ref idref="fl-20"/>
      </object_component>
      <object_component id="oc-570">
         <name>.text:SwiP_or</name>
         <load_address>0x6136</load_address>
         <run_address>0x6136</run_address>
         <size>0x1e</size>
         <input_file_ref idref="fl-21"/>
      </object_component>
      <object_component id="oc-152">
         <name>.text:Board_init</name>
         <load_address>0x6154</load_address>
         <run_address>0x6154</run_address>
         <size>0x1c</size>
         <input_file_ref idref="fl-8"/>
      </object_component>
      <object_component id="oc-63a">
         <name>.text:HwiP_destruct</name>
         <load_address>0x6170</load_address>
         <run_address>0x6170</run_address>
         <size>0x1c</size>
         <input_file_ref idref="fl-24"/>
      </object_component>
      <object_component id="oc-109">
         <name>.text:NOROM_ChipInfo_GetChipFamily</name>
         <load_address>0x618c</load_address>
         <run_address>0x618c</run_address>
         <size>0x1c</size>
         <input_file_ref idref="fl-28"/>
      </object_component>
      <object_component id="oc-318">
         <name>.text:PIN_hwi</name>
         <load_address>0x61a8</load_address>
         <run_address>0x61a8</run_address>
         <size>0x1c</size>
         <input_file_ref idref="fl-19"/>
      </object_component>
      <object_component id="oc-6a6">
         <name>.text:RF_clkInactivityCallback</name>
         <load_address>0x61c4</load_address>
         <run_address>0x61c4</run_address>
         <size>0x1c</size>
         <input_file_ref idref="fl-15"/>
      </object_component>
      <object_component id="oc-b90">
         <name>.text:RF_getPAOverrideOffsetAndValue</name>
         <load_address>0x61e0</load_address>
         <run_address>0x61e0</run_address>
         <size>0x1c</size>
         <input_file_ref idref="fl-15"/>
      </object_component>
      <object_component id="oc-a3b">
         <name>.text:RF_powerConstraintSet</name>
         <load_address>0x61fc</load_address>
         <run_address>0x61fc</run_address>
         <size>0x1c</size>
         <input_file_ref idref="fl-15"/>
      </object_component>
      <object_component id="oc-734">
         <name>.text:SwiP_disable</name>
         <load_address>0x6218</load_address>
         <run_address>0x6218</run_address>
         <size>0x1c</size>
         <input_file_ref idref="fl-21"/>
      </object_component>
      <object_component id="oc-402">
         <name>.text:genActivityTableValue</name>
         <load_address>0x6234</load_address>
         <run_address>0x6234</run_address>
         <size>0x1c</size>
         <input_file_ref idref="fl-9"/>
      </object_component>
      <object_component id="oc-8db">
         <name>.text:HwiP_setFunc</name>
         <load_address>0x6250</load_address>
         <run_address>0x6250</run_address>
         <size>0x1a</size>
         <input_file_ref idref="fl-24"/>
      </object_component>
      <object_component id="oc-4dd">
         <name>.text:PowerCC26XX_calibrate</name>
         <load_address>0x626a</load_address>
         <run_address>0x626a</run_address>
         <size>0x1a</size>
         <input_file_ref idref="fl-1a"/>
      </object_component>
      <object_component id="oc-a15">
         <name>.text:QueueP_get</name>
         <load_address>0x6284</load_address>
         <run_address>0x6284</run_address>
         <size>0x1a</size>
         <input_file_ref idref="fl-27"/>
      </object_component>
      <object_component id="oc-3ab">
         <name>.text:ChipInfo_ChipFamilyIs_CC13x2_CC26x2</name>
         <load_address>0x629e</load_address>
         <run_address>0x629e</run_address>
         <size>0x18</size>
         <input_file_ref idref="fl-9"/>
      </object_component>
      <object_component id="oc-3a5">
         <name>.text:ChipInfo_ChipFamilyIs_CC26x0R2</name>
         <load_address>0x62b6</load_address>
         <run_address>0x62b6</run_address>
         <size>0x18</size>
         <input_file_ref idref="fl-9"/>
      </object_component>
      <object_component id="oc-5c9">
         <name>.text:ClockP_destruct</name>
         <load_address>0x62ce</load_address>
         <run_address>0x62ce</run_address>
         <size>0x18</size>
         <input_file_ref idref="fl-22"/>
      </object_component>
      <object_component id="oc-90f">
         <name>.text:ClockP_getTimeout</name>
         <load_address>0x62e6</load_address>
         <run_address>0x62e6</run_address>
         <size>0x18</size>
         <input_file_ref idref="fl-22"/>
      </object_component>
      <object_component id="oc-38">
         <name>.text:nmiISR</name>
         <load_address>0x62fe</load_address>
         <run_address>0x62fe</run_address>
         <size>0x2</size>
         <input_file_ref idref="fl-26"/>
      </object_component>
      <object_component id="oc-5da">
         <name>.text:HwiP_inISR</name>
         <load_address>0x6300</load_address>
         <run_address>0x6300</run_address>
         <size>0x18</size>
         <input_file_ref idref="fl-24"/>
      </object_component>
      <object_component id="oc-2d3">
         <name>.text:NOROM_ChipInfo_GetPackageType</name>
         <load_address>0x6318</load_address>
         <run_address>0x6318</run_address>
         <size>0x18</size>
         <input_file_ref idref="fl-28"/>
      </object_component>
      <object_component id="oc-225">
         <name>.text:Power_idleFunc</name>
         <load_address>0x6330</load_address>
         <run_address>0x6330</run_address>
         <size>0x18</size>
         <input_file_ref idref="fl-1a"/>
      </object_component>
      <object_component id="oc-399">
         <name>.text:RF_ScheduleCmdParams_init</name>
         <load_address>0x6348</load_address>
         <run_address>0x6348</run_address>
         <size>0x18</size>
         <input_file_ref idref="fl-15"/>
      </object_component>
      <object_component id="oc-435">
         <name>.text:RF_cancelCmd</name>
         <load_address>0x6360</load_address>
         <run_address>0x6360</run_address>
         <size>0x18</size>
         <input_file_ref idref="fl-15"/>
      </object_component>
      <object_component id="oc-688">
         <name>.text:RF_swiFsm</name>
         <load_address>0x6378</load_address>
         <run_address>0x6378</run_address>
         <size>0x18</size>
         <input_file_ref idref="fl-15"/>
      </object_component>
      <object_component id="oc-99b">
         <name>.text:TimerP_startup</name>
         <load_address>0x6390</load_address>
         <run_address>0x6390</run_address>
         <size>0x18</size>
         <input_file_ref idref="fl-23"/>
      </object_component>
      <object_component id="oc-12e">
         <name>.text:_args_main</name>
         <load_address>0x63a8</load_address>
         <run_address>0x63a8</run_address>
         <size>0x18</size>
         <input_file_ref idref="fl-f6"/>
      </object_component>
      <object_component id="oc-6fc">
         <name>.text</name>
         <load_address>0x63c0</load_address>
         <run_address>0x63c0</run_address>
         <size>0x18</size>
         <input_file_ref idref="fl-e8"/>
      </object_component>
      <object_component id="oc-39f">
         <name>.text:ChipInfo_ChipFamilyIs_CC26x0</name>
         <load_address>0x63d8</load_address>
         <run_address>0x63d8</run_address>
         <size>0x16</size>
         <input_file_ref idref="fl-9"/>
      </object_component>
      <object_component id="oc-bc">
         <name>.text:NOROM_ThisLibraryIsFor_CC13x2_CC26x2_HwRev20AndLater_HaltIfViolated</name>
         <load_address>0x63ee</load_address>
         <run_address>0x63ee</run_address>
         <size>0x16</size>
         <input_file_ref idref="fl-28"/>
      </object_component>
      <object_component id="oc-95c">
         <name>.text:RF_restartClockTimeout</name>
         <load_address>0x6404</load_address>
         <run_address>0x6404</run_address>
         <size>0x16</size>
         <input_file_ref idref="fl-15"/>
      </object_component>
      <object_component id="oc-a0f">
         <name>.text:maxbit</name>
         <load_address>0x641a</load_address>
         <run_address>0x641a</run_address>
         <size>0x16</size>
         <input_file_ref idref="fl-21"/>
      </object_component>
      <object_component id="oc-1ef">
         <name>.text:EasyLink_Params_init</name>
         <load_address>0x6430</load_address>
         <run_address>0x6430</run_address>
         <size>0x14</size>
         <input_file_ref idref="fl-9"/>
      </object_component>
      <object_component id="oc-67c">
         <name>.text:List_clearList</name>
         <load_address>0x6444</load_address>
         <run_address>0x6444</run_address>
         <size>0x14</size>
         <input_file_ref idref="fl-18"/>
      </object_component>
      <object_component id="oc-8ab">
         <name>.text:NOROM_IntUnregister</name>
         <load_address>0x6458</load_address>
         <run_address>0x6458</run_address>
         <size>0x14</size>
         <input_file_ref idref="fl-2b"/>
      </object_component>
      <object_component id="oc-8d5">
         <name>.text:NOROM_RFCCpeIntGetAndClear</name>
         <load_address>0x646c</load_address>
         <run_address>0x646c</run_address>
         <size>0x14</size>
         <input_file_ref idref="fl-16"/>
      </object_component>
      <object_component id="oc-1fb">
         <name>.text:PINCC26XX_getInputValue</name>
         <load_address>0x6480</load_address>
         <run_address>0x6480</run_address>
         <size>0x14</size>
         <input_file_ref idref="fl-19"/>
      </object_component>
      <object_component id="oc-46b">
         <name>.text:PINCC26XX_getOutputValue</name>
         <load_address>0x6494</load_address>
         <run_address>0x6494</run_address>
         <size>0x14</size>
         <input_file_ref idref="fl-19"/>
      </object_component>
      <object_component id="oc-509">
         <name>.text:PowerCC26X2_calibrate</name>
         <load_address>0x64a8</load_address>
         <run_address>0x64a8</run_address>
         <size>0x14</size>
         <input_file_ref idref="fl-1b"/>
      </object_component>
      <object_component id="oc-5e0">
         <name>.text:Power_disablePolicy</name>
         <load_address>0x64bc</load_address>
         <run_address>0x64bc</run_address>
         <size>0x14</size>
         <input_file_ref idref="fl-1a"/>
      </object_component>
      <object_component id="oc-393">
         <name>.text:RF_Params_init</name>
         <load_address>0x64d0</load_address>
         <run_address>0x64d0</run_address>
         <size>0x14</size>
         <input_file_ref idref="fl-15"/>
      </object_component>
      <object_component id="oc-a87">
         <name>.text:RF_dbellSyncOnAck</name>
         <load_address>0x64e4</load_address>
         <run_address>0x64e4</run_address>
         <size>0x14</size>
         <input_file_ref idref="fl-15"/>
      </object_component>
      <object_component id="oc-8c8">
         <name>.text:RF_ratGetChannel</name>
         <load_address>0x64f8</load_address>
         <run_address>0x64f8</run_address>
         <size>0x14</size>
         <input_file_ref idref="fl-15"/>
      </object_component>
      <object_component id="oc-55f">
         <name>.text:SwiP_handleHwi</name>
         <load_address>0x650c</load_address>
         <run_address>0x650c</run_address>
         <size>0x14</size>
         <input_file_ref idref="fl-21"/>
      </object_component>
      <object_component id="oc-9c1">
         <name>.text:TimerP_getCount64</name>
         <load_address>0x6520</load_address>
         <run_address>0x6520</run_address>
         <size>0x14</size>
         <input_file_ref idref="fl-23"/>
      </object_component>
      <object_component id="oc-aa1">
         <name>.text:enterMultiProtocolCpeHdPatch</name>
         <load_address>0x6534</load_address>
         <run_address>0x6534</run_address>
         <size>0x14</size>
         <input_file_ref idref="fl-17"/>
      </object_component>
      <object_component id="oc-29">
         <name>.text:resetISR</name>
         <load_address>0x6548</load_address>
         <run_address>0x6548</run_address>
         <size>0x14</size>
         <input_file_ref idref="fl-26"/>
      </object_component>
      <object_component id="oc-29e">
         <name>.text:switchToTCXO</name>
         <load_address>0x655c</load_address>
         <run_address>0x655c</run_address>
         <size>0x14</size>
         <input_file_ref idref="fl-1a"/>
      </object_component>
      <object_component id="oc-1d1">
         <name>.text:GPTimerCC26XX_Params_init</name>
         <load_address>0x6570</load_address>
         <run_address>0x6570</run_address>
         <size>0x12</size>
         <input_file_ref idref="fl-1d"/>
      </object_component>
      <object_component id="oc-2f7">
         <name>.text:HwiP_Params_init</name>
         <load_address>0x6582</load_address>
         <run_address>0x6582</run_address>
         <size>0x12</size>
         <input_file_ref idref="fl-24"/>
      </object_component>
      <object_component id="oc-124">
         <name>.text:main</name>
         <load_address>0x6594</load_address>
         <run_address>0x6594</run_address>
         <size>0x12</size>
         <input_file_ref idref="fl-3"/>
      </object_component>
      <object_component id="oc-ae1">
         <name>.text</name>
         <load_address>0x65a6</load_address>
         <run_address>0x65a6</run_address>
         <size>0x2</size>
         <input_file_ref idref="fl-f0"/>
      </object_component>
      <object_component id="oc-286">
         <name>.text:ClockP_Params_init</name>
         <load_address>0x65a8</load_address>
         <run_address>0x65a8</run_address>
         <size>0x10</size>
         <input_file_ref idref="fl-22"/>
      </object_component>
      <object_component id="oc-35a">
         <name>.text:HwiP_disable</name>
         <load_address>0x65b8</load_address>
         <run_address>0x65b8</run_address>
         <size>0x10</size>
         <input_file_ref idref="fl-24"/>
      </object_component>
      <object_component id="oc-91e">
         <name>.text:HwiP_enableInterrupt</name>
         <load_address>0x65c8</load_address>
         <run_address>0x65c8</run_address>
         <size>0x10</size>
         <input_file_ref idref="fl-24"/>
      </object_component>
      <object_component id="oc-962">
         <name>.text:HwiP_post</name>
         <load_address>0x65d8</load_address>
         <run_address>0x65d8</run_address>
         <size>0x10</size>
         <input_file_ref idref="fl-24"/>
      </object_component>
      <object_component id="oc-219">
         <name>.text:IntMasterDisable</name>
         <load_address>0x65e8</load_address>
         <run_address>0x65e8</run_address>
         <size>0x10</size>
         <input_file_ref idref="fl-4"/>
      </object_component>
      <object_component id="oc-21f">
         <name>.text:IntMasterEnable</name>
         <load_address>0x65f8</load_address>
         <run_address>0x65f8</run_address>
         <size>0x10</size>
         <input_file_ref idref="fl-4"/>
      </object_component>
      <object_component id="oc-900">
         <name>.text:NOROM_RFCHwIntGetAndClear</name>
         <load_address>0x6608</load_address>
         <run_address>0x6608</run_address>
         <size>0x10</size>
         <input_file_ref idref="fl-16"/>
      </object_component>
      <object_component id="oc-2d9">
         <name>.text:PINCC26XX_getPinCount</name>
         <load_address>0x6618</load_address>
         <run_address>0x6618</run_address>
         <size>0x10</size>
         <input_file_ref idref="fl-19"/>
      </object_component>
      <object_component id="oc-9d8">
         <name>.text:PowerCC26XX_schedulerDisable</name>
         <load_address>0x6628</load_address>
         <run_address>0x6628</run_address>
         <size>0x10</size>
         <input_file_ref idref="fl-25"/>
      </object_component>
      <object_component id="oc-5bd">
         <name>.text:Power_enablePolicy</name>
         <load_address>0x6638</load_address>
         <run_address>0x6638</run_address>
         <size>0x10</size>
         <input_file_ref idref="fl-1a"/>
      </object_component>
      <object_component id="oc-918">
         <name>.text:RF_dbellSubmitCmdAsync</name>
         <load_address>0x6648</load_address>
         <run_address>0x6648</run_address>
         <size>0x10</size>
         <input_file_ref idref="fl-15"/>
      </object_component>
      <object_component id="oc-628">
         <name>.text:RF_isClientOwner</name>
         <load_address>0x6658</load_address>
         <run_address>0x6658</run_address>
         <size>0x10</size>
[...]
      </symbol>
      <symbol id="sm-e50">
         <name>SemaphoreP_destruct</name>
         <value>0x4567</value>
         <object_component_ref idref="oc-64c"/>
      </symbol>
      <symbol id="sm-e51">
         <name>SemaphoreP_post</name>
         <value>0x5535</value>
         <object_component_ref idref="oc-350"/>
      </symbol>
      <symbol id="sm-e52">
         <name>SemaphoreP_pend</name>
         <value>0x3a81</value>
         <object_component_ref idref="oc-344"/>
      </symbol>
      <symbol id="sm-e53">
         <name>SemaphoreP_constructBinary</name>
         <value>0x6119</value>
         <object_component_ref idref="oc-2e5"/>
      </symbol>
      <symbol id="sm-e54">
         <name>SemaphoreP_Params_init</name>
         <value>0x6669</value>
         <object_component_ref idref="oc-532"/>
      </symbol>
      <symbol id="sm-e55">
         <name>clkFxn</name>
         <value>0x48f3</value>
         <object_component_ref idref="oc-5cf"/>
      </symbol>
      <symbol id="sm-f16">
         <name>SwiP_disable</name>
         <value>0x6219</value>
         <object_component_ref idref="oc-734"/>
      </symbol>
      <symbol id="sm-f17">
         <name>SwiP_restore</name>
         <value>0x5579</value>
         <object_component_ref idref="oc-740"/>
      </symbol>
      <symbol id="sm-f18">
         <name>SwiP_or</name>
         <value>0x6137</value>
         <object_component_ref idref="oc-570"/>
      </symbol>
      <symbol id="sm-f19">
         <name>SwiP_destruct</name>
         <value>0x5a2d</value>
         <object_component_ref idref="oc-634"/>
      </symbol>
      <symbol id="sm-f1a">
         <name>SwiP_getTrigger</name>
         <value>0x6725</value>
         <object_component_ref idref="oc-579"/>
      </symbol>
      <symbol id="sm-f1b">
         <name>SwiP_construct</name>
         <value>0x2f55</value>
         <object_component_ref idref="oc-303"/>
      </symbol>
      <symbol id="sm-f1c">
         <name>SwiP_Params_init</name>
         <value>0x6679</value>
         <object_component_ref idref="oc-2fd"/>
      </symbol>
      <symbol id="sm-f1d">
         <name>SwiP_post</name>
         <value>0x4a2d</value>
         <object_component_ref idref="oc-870"/>
      </symbol>
      <symbol id="sm-f1e">
         <name>SwiP_dispatch</name>
         <value>0x3bbd</value>
         <object_component_ref idref="oc-869"/>
      </symbol>
      <symbol id="sm-ffd">
         <name>ClockP_doTick</name>
         <value>0x66d1</value>
         <object_component_ref idref="oc-78a"/>
      </symbol>
      <symbol id="sm-ffe">
         <name>ClockP_setTimeout</name>
         <value>0x678f</value>
         <object_component_ref idref="oc-7fb"/>
      </symbol>
      <symbol id="sm-fff">
         <name>ClockP_getTimeout</name>
         <value>0x62e7</value>
         <object_component_ref idref="oc-90f"/>
      </symbol>
      <symbol id="sm-1000">
         <name>ClockP_startup</name>
         <value>0x3681</value>
         <object_component_ref idref="oc-4a6"/>
      </symbol>
      <symbol id="sm-1001">
         <name>ClockP_stop</name>
         <value>0x6769</value>
         <object_component_ref idref="oc-70d"/>
      </symbol>
      <symbol id="sm-1002">
         <name>ClockP_construct</name>
         <value>0x5345</value>
         <object_component_ref idref="oc-280"/>
      </symbol>
      <symbol id="sm-1003">
         <name>ClockP_scheduleNextTick</name>
         <value>0x5e59</value>
         <object_component_ref idref="oc-7a4"/>
      </symbol>
      <symbol id="sm-1004">
         <name>ClockP_getTicksUntilInterrupt</name>
         <value>0x58f5</value>
         <object_component_ref idref="oc-7ef"/>
      </symbol>
      <symbol id="sm-1005">
         <name>ClockP_tickPeriod</name>
         <value>0x20000f00</value>
         <object_component_ref idref="oc-29b"/>
      </symbol>
      <symbol id="sm-1006">
         <name>ClockP_Params_init</name>
         <value>0x65a9</value>
         <object_component_ref idref="oc-286"/>
      </symbol>
      <symbol id="sm-1007">
         <name>ClockP_workFuncDynamic</name>
         <value>0x3735</value>
         <object_component_ref idref="oc-784"/>
      </symbol>
      <symbol id="sm-1008">
         <name>ClockP_walkQueueDynamic</name>
         <value>0x4569</value>
         <object_component_ref idref="oc-9b3"/>
      </symbol>
      <symbol id="sm-1009">
         <name>ClockP_destruct</name>
         <value>0x62cf</value>
         <object_component_ref idref="oc-5c9"/>
      </symbol>
      <symbol id="sm-100a">
         <name>ClockP_start</name>
         <value>0x4371</value>
         <object_component_ref idref="oc-4b2"/>
      </symbol>
      <symbol id="sm-100b">
         <name>ClockP_isActive</name>
         <value>0x678b</value>
         <object_component_ref idref="oc-5c3"/>
      </symbol>
      <symbol id="sm-100c">
         <name>ClockP_getTicks</name>
         <value>0x5e35</value>
         <object_component_ref idref="oc-7aa"/>
      </symbol>
      <symbol id="sm-100d">
         <name>ClockP_add</name>
         <value>0x5fbd</value>
         <object_component_ref idref="oc-5b7"/>
      </symbol>
      <symbol id="sm-10b4">
         <name>TimerP_setNextTick</name>
         <value>0x58bd</value>
         <object_component_ref idref="oc-9c8"/>
      </symbol>
      <symbol id="sm-10b5">
         <name>TimerP_getCurrentTick</name>
         <value>0x5815</value>
         <object_component_ref idref="oc-79e"/>
      </symbol>
      <symbol id="sm-10b6">
         <name>TimerP_getCount64</name>
         <value>0x6521</value>
         <object_component_ref idref="oc-9c1"/>
      </symbol>
      <symbol id="sm-10b7">
         <name>TimerP_setThreshold</name>
         <value>0x5bdd</value>
         <object_component_ref idref="oc-b03"/>
      </symbol>
      <symbol id="sm-10b8">
         <name>TimerP_dynamicStub</name>
         <value>0x60bd</value>
         <object_component_ref idref="oc-9a7"/>
      </symbol>
      <symbol id="sm-10b9">
         <name>TimerP_getMaxTicks</name>
         <value>0x5f31</value>
         <object_component_ref idref="oc-778"/>
      </symbol>
      <symbol id="sm-10ba">
         <name>TimerP_construct</name>
         <value>0x35c5</value>
         <object_component_ref idref="oc-772"/>
      </symbol>
      <symbol id="sm-10bb">
         <name>TimerP_getFreq</name>
         <value>0x6731</value>
         <object_component_ref idref="oc-77e"/>
      </symbol>
      <symbol id="sm-10bc">
         <name>TimerP_initDevice</name>
         <value>0x584d</value>
         <object_component_ref idref="oc-990"/>
      </symbol>
      <symbol id="sm-10bd">
         <name>TimerP_startup</name>
         <value>0x6391</value>
         <object_component_ref idref="oc-99b"/>
      </symbol>
      <symbol id="sm-10be">
         <name>TimerP_start</name>
         <value>0x4a95</value>
         <object_component_ref idref="oc-ae7"/>
      </symbol>
      <symbol id="sm-10bf">
         <name>TimerP_Params_init</name>
         <value>0x6689</value>
         <object_component_ref idref="oc-76c"/>
      </symbol>
      <symbol id="sm-1146">
         <name>HwiP_construct</name>
         <value>0x43f1</value>
         <object_component_ref idref="oc-28c"/>
      </symbol>
      <symbol id="sm-1147">
         <name>HwiP_inISR</name>
         <value>0x6301</value>
         <object_component_ref idref="oc-5da"/>
      </symbol>
      <symbol id="sm-1148">
         <name>HwiP_destruct</name>
         <value>0x6171</value>
         <object_component_ref idref="oc-63a"/>
      </symbol>
      <symbol id="sm-1149">
         <name>HwiP_swiPIntNum</name>
         <value>0x20000f04</value>
         <object_component_ref idref="oc-4cd"/>
      </symbol>
      <symbol id="sm-114a">
         <name>HwiP_Params_init</name>
         <value>0x6583</value>
         <object_component_ref idref="oc-2f7"/>
      </symbol>
      <symbol id="sm-114b">
         <name>HwiP_disable</name>
         <value>0x65b9</value>
         <object_component_ref idref="oc-35a"/>
      </symbol>
      <symbol id="sm-114c">
         <name>HwiP_enableInterrupt</name>
         <value>0x65c9</value>
         <object_component_ref idref="oc-91e"/>
      </symbol>
      <symbol id="sm-114d">
         <name>HwiP_setFunc</name>
         <value>0x6251</value>
         <object_component_ref idref="oc-8db"/>
      </symbol>
      <symbol id="sm-114e">
         <name>HwiP_post</name>
         <value>0x65d9</value>
         <object_component_ref idref="oc-962"/>
      </symbol>
      <symbol id="sm-114f">
         <name>HwiP_enable</name>
         <value>0x6793</value>
         <object_component_ref idref="oc-158"/>
      </symbol>
      <symbol id="sm-1150">
         <name>HwiP_restore</name>
         <value>0x6759</value>
         <object_component_ref idref="oc-360"/>
      </symbol>
      <symbol id="sm-1188">
         <name>PowerCC26XX_schedulerDisable</name>
         <value>0x6629</value>
         <object_component_ref idref="oc-9d8"/>
      </symbol>
      <symbol id="sm-1189">
         <name>PowerCC26XX_schedulerRestore</name>
         <value>0x66f5</value>
         <object_component_ref idref="oc-9de"/>
      </symbol>
      <symbol id="sm-118a">
         <name>PowerCC26XX_standbyPolicy</name>
         <value>0x32a5</value>
         <object_component_ref idref="oc-4d7"/>
      </symbol>
      <symbol id="sm-11bb">
         <name>resetISR</name>
         <value>0x6549</value>
         <object_component_ref idref="oc-29"/>
      </symbol>
      <symbol id="sm-11bc">
         <name>g_pfnVectors</name>
         <value>0x0</value>
         <object_component_ref idref="oc-19"/>
      </symbol>
      <symbol id="sm-11f9">
         <name>QueueP_next</name>
         <value>0x679f</value>
         <object_component_ref idref="oc-afb"/>
      </symbol>
      <symbol id="sm-11fa">
         <name>QueueP_put</name>
         <value>0x601d</value>
         <object_component_ref idref="oc-4ac"/>
      </symbol>
      <symbol id="sm-11fb">
         <name>QueueP_remove</name>
         <value>0x66a7</value>
         <object_component_ref idref="oc-88c"/>
      </symbol>
      <symbol id="sm-11fc">
         <name>QueueP_head</name>
         <value>0x679b</value>
         <object_component_ref idref="oc-af5"/>
      </symbol>
      <symbol id="sm-11fd">
         <name>QueueP_init</name>
         <value>0x677b</value>
         <object_component_ref idref="oc-54d"/>
      </symbol>
      <symbol id="sm-11fe">
         <name>QueueP_empty</name>
         <value>0x6699</value>
         <object_component_ref idref="oc-8a4"/>
      </symbol>
      <symbol id="sm-11ff">
         <name>QueueP_get</name>
         <value>0x6285</value>
         <object_component_ref idref="oc-a15"/>
      </symbol>
      <symbol id="sm-1248">
         <name>NOROM_ChipInfo_GetChipType</name>
         <value>0x507d</value>
         <object_component_ref idref="oc-2cd"/>
      </symbol>
      <symbol id="sm-1249">
         <name>NOROM_ChipInfo_GetHwRevision</name>
         <value>0x54ad</value>
         <object_component_ref idref="oc-10f"/>
      </symbol>
      <symbol id="sm-124a">
         <name>NOROM_ChipInfo_GetChipFamily</name>
         <value>0x618d</value>
         <object_component_ref idref="oc-109"/>
      </symbol>
      <symbol id="sm-124b">
         <name>NOROM_ChipInfo_GetPackageType</name>
         <value>0x6319</value>
         <object_component_ref idref="oc-2d3"/>
      </symbol>
      <symbol id="sm-124c">
         <name>NOROM_ThisLibraryIsFor_CC13x2_CC26x2_HwRev20AndLater_HaltIfViolated</name>
         <value>0x63ef</value>
         <object_component_ref idref="oc-bc"/>
      </symbol>
      <symbol id="sm-1260">
         <name>NOROM_CPUdelay</name>
         <value>0x6775</value>
         <object_component_ref idref="oc-87a"/>
      </symbol>
      <symbol id="sm-1261">
         <name>NOROM_CPUcpsie</name>
         <value>0x66e9</value>
         <object_component_ref idref="oc-1be"/>
      </symbol>
      <symbol id="sm-1262">
         <name>NOROM_CPUcpsid</name>
         <value>0x66dd</value>
         <object_component_ref idref="oc-70"/>
      </symbol>
      <symbol id="sm-1268">
         <name>driverlib_release_0_55938</name>
         <value>0x20000a5a</value>
      </symbol>
      <symbol id="sm-1295">
         <name>NOROM_IntUnregister</name>
         <value>0x6459</value>
         <object_component_ref idref="oc-8ab"/>
      </symbol>
      <symbol id="sm-1296">
         <name>NOROM_IntRegister</name>
         <value>0x59c5</value>
         <object_component_ref idref="oc-4c1"/>
      </symbol>
      <symbol id="sm-1297">
         <name>g_pfnRAMVectors</name>
         <value>0x20001100</value>
         <object_component_ref idref="oc-7c6"/>
      </symbol>
      <symbol id="sm-12f2">
         <name>NOROM_OSCHF_TurnOnXosc</name>
         <value>0x5c85</value>
         <object_component_ref idref="oc-83b"/>
      </symbol>
      <symbol id="sm-12f3">
         <name>NOROM_OSC_HPOSCRtcCompensate</name>
         <value>0x4b65</value>
         <object_component_ref idref="oc-b52"/>
      </symbol>
      <symbol id="sm-12f4">
         <name>NOROM_OSCHF_AttemptToSwitchToXosc</name>
         <value>0x3f3d</value>
         <object_component_ref idref="oc-81b"/>
      </symbol>
      <symbol id="sm-12f5">
         <name>NOROM_OSCHF_SwitchToRcOscTurnOffXosc</name>
         <value>0x48f5</value>
         <object_component_ref idref="oc-841"/>
      </symbol>
      <symbol id="sm-12f6">
         <name>NOROM_OSC_HPOSCRelativeFrequencyOffsetGet</name>
         <value>0x5735</value>
         <object_component_ref idref="oc-82c"/>
      </symbol>
      <symbol id="sm-1324">
         <name>NOROM_SetupTrimDevice</name>
         <value>0x3cf5</value>
         <object_component_ref idref="oc-76"/>
      </symbol>
      <symbol id="sm-135c">
         <name>NOROM_SysCtrlSetRechargeBeforePowerDown</name>
         <value>0x495d</value>
         <object_component_ref idref="oc-b10"/>
      </symbol>
      <symbol id="sm-135d">
         <name>NOROM_SysCtrlIdle</name>
         <value>0x59f9</value>
         <object_component_ref idref="oc-807"/>
      </symbol>
      <symbol id="sm-135e">
         <name>NOROM_SysCtrlStandby</name>
         <value>0x29bd</value>
         <object_component_ref idref="oc-9ea"/>
      </symbol>
      <symbol id="sm-137b">
         <name>NOROM_AUXSYSIFOpModeChange</name>
         <value>0x5991</value>
         <object_component_ref idref="oc-116"/>
      </symbol>
      <symbol id="sm-1389">
         <name>__aeabi_ldivmod</name>
         <value>0x4885</value>
         <object_component_ref idref="oc-b8a"/>
      </symbol>
      <symbol id="sm-1396">
         <name>__aeabi_uldivmod</name>
         <value>0x3d8d</value>
         <object_component_ref idref="oc-996"/>
      </symbol>
      <symbol id="sm-13a5">
         <name>__aeabi_memset</name>
         <value>0x44ef</value>
         <object_component_ref idref="oc-b0"/>
      </symbol>
      <symbol id="sm-13a6">
         <name>memset</name>
         <value>0x44f5</value>
         <object_component_ref idref="oc-b0"/>
      </symbol>
      <symbol id="sm-13a7">
         <name>__aeabi_memset8</name>
         <value>0x44ef</value>
         <object_component_ref idref="oc-b0"/>
      </symbol>
      <symbol id="sm-13a8">
         <name>__aeabi_memset4</name>
         <value>0x44ef</value>
         <object_component_ref idref="oc-b0"/>
      </symbol>
      <symbol id="sm-13a9">
         <name>__aeabi_memclr8</name>
         <value>0x44ed</value>
         <object_component_ref idref="oc-b0"/>
      </symbol>
      <symbol id="sm-13aa">
         <name>__aeabi_memclr4</name>
         <value>0x44ed</value>
         <object_component_ref idref="oc-b0"/>
      </symbol>
      <symbol id="sm-13ab">
         <name>__aeabi_memclr</name>
         <value>0x44ed</value>
         <object_component_ref idref="oc-b0"/>
      </symbol>
      <symbol id="sm-13b4">
         <name>__aeabi_lmul</name>
         <value>0x63c1</value>
         <object_component_ref idref="oc-6fc"/>
      </symbol>
      <symbol id="sm-13cf">
         <name>memcpy</name>
         <value>0x3c59</value>
         <object_component_ref idref="oc-58"/>
      </symbol>
      <symbol id="sm-13d0">
         <name>__aeabi_memcpy</name>
         <value>0x3c59</value>
         <object_component_ref idref="oc-58"/>
      </symbol>
      <symbol id="sm-13d1">
         <name>__aeabi_memcpy8</name>
         <value>0x3c59</value>
         <object_component_ref idref="oc-58"/>
      </symbol>
      <symbol id="sm-13d2">
         <name>__aeabi_memcpy4</name>
         <value>0x3c59</value>
         <object_component_ref idref="oc-58"/>
      </symbol>
      <symbol id="sm-13e4">
         <name>__TI_zero_init</name>
         <value>0x673d</value>
         <object_component_ref idref="oc-6a"/>
      </symbol>
      <symbol id="sm-13fb">
         <name>__TI_decompress_none</name>
         <value>0x66c3</value>
         <object_component_ref idref="oc-22"/>
      </symbol>
      <symbol id="sm-141e">
         <name>__TI_decompress_lzss</name>
         <value>0x4afd</value>
         <object_component_ref idref="oc-1c"/>
      </symbol>
      <symbol id="sm-1433">
         <name>_sys_memory</name>
         <value>0x20000f10</value>
         <object_component_ref idref="oc-32"/>
      </symbol>
      <symbol id="sm-1449">
         <name>rand</name>
         <value>0x5a61</value>
         <object_component_ref idref="oc-60e"/>
      </symbol>
      <symbol id="sm-145c">
         <name>__stack</name>
         <value>0x20013c00</value>
         <object_component_ref idref="oc-35"/>
      </symbol>
      <symbol id="sm-145d">
         <name>_c_int00</name>
         <value>0x5af5</value>
         <object_component_ref idref="oc-db"/>
      </symbol>
      <symbol id="sm-1467">
         <name>__aeabi_idiv0</name>
         <value>0x65a7</value>
         <object_component_ref idref="oc-ae1"/>
      </symbol>
      <symbol id="sm-1468">
         <name>__aeabi_ldiv0</name>
         <value>0x65a7</value>
         <object_component_ref idref="oc-ae1"/>
      </symbol>
      <symbol id="sm-1490">
         <name>__TI_auto_init_nobinit_nopinit</name>
         <value>0x55bd</value>
         <object_component_ref idref="oc-171"/>
      </symbol>
      <symbol id="sm-149a">
         <name>_system_pre_init</name>
         <value>0x67a7</value>
         <object_component_ref idref="oc-11e"/>
      </symbol>
      <symbol id="sm-14a6">
         <name>C$$EXIT</name>
         <value>0x67ab</value>
         <object_component_ref idref="oc-165"/>
      </symbol>
      <symbol id="sm-14a7">
         <name>abort</name>
         <value>0x67ab</value>
         <object_component_ref idref="oc-165"/>
      </symbol>
      <symbol id="sm-14bc">
         <name>_nop</name>
         <value>0x4737</value>
         <object_component_ref idref="oc-487"/>
      </symbol>
      <symbol id="sm-14bd">
         <name>_lock</name>
         <value>0x20000ee4</value>
         <object_component_ref idref="oc-262"/>
      </symbol>
      <symbol id="sm-14be">
         <name>_unlock</name>
         <value>0x20000ee8</value>
         <object_component_ref idref="oc-262"/>
      </symbol>
      <symbol id="sm-14d2">
         <name>_args_main</name>
         <value>0x63a9</value>
         <object_component_ref idref="oc-12e"/>
      </symbol>
      <symbol id="sm-14d3">
         <name>__TI_static_base__</name>
         <value>0x0</value>
      </symbol>
      <symbol id="sm-14d6">
         <name>__mpu_init</name>
         <value>0x0</value>
      </symbol>
      <symbol id="sm-14d7">
         <name>_system_post_cinit</name>
         <value>0x0</value>
      </symbol>
      <symbol id="sm-14d8">
         <name>NoRTOS_start</name>
         <value>0x6793</value>
      </symbol>
   </symbol_table>
   <title>Link successful</title>
</link_info>
