<?xml version="1.0" encoding="ISO-8859-1" ?>
<link_info>
   <banner>TI ARM Linker Unix v18.12.3.LTS</banner>
   <copyright>Copyright (c) 1996-2018 Texas Instruments Incorporated</copyright>
   <link_time>0x5dc0aad7</link_time>
   <link_errors>0x0</link_errors>
   <output_file>rfEasyLinkEchoRx_CC2640R2_LAUNCHXL_nortos_ccs.out</output_file>
   <entry_point>
      <name>resetISR</name>
      <address>0x5cbd</address>
   </entry_point>
   <input_file_list>
      <input_file id="fl-2">
         <path>./</path>
         <kind>object</kind>
         <file>CC2640R2_LAUNCHXL.obj</file>
         <name>CC2640R2_LAUNCHXL.obj</name>
      </input_file>
      <input_file id="fl-3">
         <path>./</path>
         <kind>object</kind>
         <file>CC2640R2_LAUNCHXL_fxns.obj</file>
         <name>CC2640R2_LAUNCHXL_fxns.obj</name>
      </input_file>
      <input_file id="fl-4">
         <path>./</path>
         <kind>object</kind>
         <file>ccfg.obj</file>
         <name>ccfg.obj</name>
      </input_file>
      <input_file id="fl-5">
         <path>./</path>
         <kind>object</kind>
         <file>main_nortos.obj</file>
         <name>main_nortos.obj</name>
      </input_file>
      <input_file id="fl-6">
         <path>./</path>
         <kind>object</kind>
         <file>rfEasyLinkEchoRx_nortos.obj</file>
         <name>rfEasyLinkEchoRx_nortos.obj</name>
      </input_file>
      <input_file id="fl-7">
         <path>./easylink/</path>
         <kind>object</kind>
         <file>EasyLink_nortos.obj</file>
         <name>EasyLink_nortos.obj</name>
      </input_file>
      <input_file id="fl-8">
         <path>./easylink/</path>
         <kind>object</kind>
         <file>easylink_config.obj</file>
         <name>easylink_config.obj</name>
      </input_file>
      <input_file id="fl-9">
         <path>./smartrf_settings/</path>
         <kind>object</kind>
         <file>smartrf_settings.obj</file>
         <name>smartrf_settings.obj</name>
      </input_file>
      <input_file id="fl-a">
         <path>./smartrf_settings/</path>
         <kind>object</kind>
         <file>smartrf_settings_predefined.obj</file>
         <name>smartrf_settings_predefined.obj</name>
      </input_file>
      <input_file id="fl-15">
         <kind>object</kind>
         <file>&lt;internal&gt;</file>
         <name>&lt;internal&gt;</name>
      </input_file>
      <input_file id="fl-16">
         <path>/home/popi/ti/simplelink_cc2640r2_sdk_3_30_00_20/source/ti/display/lib/</path>
         <kind>archive</kind>
         <file>display.aem3</file>
         <name>DisplayUart.oem3</name>
      </input_file>
      <input_file id="fl-17">
         <path>/home/popi/ti/simplelink_cc2640r2_sdk_3_30_00_20/source/ti/drivers/rf/lib/</path>
         <kind>archive</kind>
         <file>rf_multiMode_cc26x0r2.aem3</file>
         <name>RFCC26XX_multiMode.oem3</name>
      </input_file>
      <input_file id="fl-18">
         <path>/home/popi/ti/simplelink_cc2640r2_sdk_3_30_00_20/source/ti/drivers/lib/</path>
         <kind>archive</kind>
         <file>drivers_cc26x0r2.aem3</file>
         <name>NVSSPI25X.oem3</name>
      </input_file>
      <input_file id="fl-19">
         <path>/home/popi/ti/simplelink_cc2640r2_sdk_3_30_00_20/source/ti/drivers/lib/</path>
         <kind>archive</kind>
         <file>drivers_cc26x0r2.aem3</file>
         <name>SDSPI.oem3</name>
      </input_file>
      <input_file id="fl-1a">
         <path>/home/popi/ti/simplelink_cc2640r2_sdk_3_30_00_20/source/ti/drivers/lib/</path>
         <kind>archive</kind>
         <file>drivers_cc26x0r2.aem3</file>
         <name>List.oem3</name>
      </input_file>
      <input_file id="fl-1b">
         <path>/home/popi/ti/simplelink_cc2640r2_sdk_3_30_00_20/source/ti/drivers/lib/</path>
         <kind>archive</kind>
         <file>drivers_cc26x0r2.aem3</file>
         <name>ADCCC26XX.oem3</name>
      </input_file>
      <input_file id="fl-1c">
         <path>/home/popi/ti/simplelink_cc2640r2_sdk_3_30_00_20/source/ti/drivers/lib/</path>
         <kind>archive</kind>
         <file>drivers_cc26x0r2.aem3</file>
         <name>ADCBufCC26XX.oem3</name>
      </input_file>
      <input_file id="fl-1d">
         <path>/home/popi/ti/simplelink_cc2640r2_sdk_3_30_00_20/source/ti/drivers/lib/</path>
         <kind>archive</kind>
         <file>drivers_cc26x0r2.aem3</file>
         <name>UDMACC26XX.oem3</name>
      </input_file>
      <input_file id="fl-1e">
         <path>/home/popi/ti/simplelink_cc2640r2_sdk_3_30_00_20/source/ti/drivers/lib/</path>
         <kind>archive</kind>
         <file>drivers_cc26x0r2.aem3</file>
         <name>GPIOCC26XX.oem3</name>
      </input_file>
      <input_file id="fl-1f">
         <path>/home/popi/ti/simplelink_cc2640r2_sdk_3_30_00_20/source/ti/drivers/lib/</path>
         <kind>archive</kind>
         <file>drivers_cc26x0r2.aem3</file>
         <name>I2CCC26XX.oem3</name>
      </input_file>
      <input_file id="fl-20">
         <path>/home/popi/ti/simplelink_cc2640r2_sdk_3_30_00_20/source/ti/drivers/lib/</path>
         <kind>archive</kind>
         <file>drivers_cc26x0r2.aem3</file>
         <name>NVSCC26XX.oem3</name>
      </input_file>
      <input_file id="fl-21">
         <path>/home/popi/ti/simplelink_cc2640r2_sdk_3_30_00_20/source/ti/drivers/lib/</path>
         <kind>archive</kind>
         <file>drivers_cc26x0r2.aem3</file>
         <name>PINCC26XX.oem3</name>
      </input_file>
      <input_file id="fl-22">
         <path>/home/popi/ti/simplelink_cc2640r2_sdk_3_30_00_20/source/ti/drivers/lib/</path>
         <kind>archive</kind>
         <file>drivers_cc26x0r2.aem3</file>
         <name>PowerCC26XX.oem3</name>
      </input_file>
      <input_file id="fl-23">
         <path>/home/popi/ti/simplelink_cc2640r2_sdk_3_30_00_20/source/ti/drivers/lib/</path>
         <kind>archive</kind>
         <file>drivers_cc26x0r2.aem3</file>
         <name>PowerCC26XX_calibrateRCOSC.oem3</name>
      </input_file>
      <input_file id="fl-24">
         <path>/home/popi/ti/simplelink_cc2640r2_sdk_3_30_00_20/source/ti/drivers/lib/</path>
         <kind>archive</kind>
         <file>drivers_cc26x0r2.aem3</file>
         <name>PWMTimerCC26XX.oem3</name>
      </input_file>
      <input_file id="fl-25">
         <path>/home/popi/ti/simplelink_cc2640r2_sdk_3_30_00_20/source/ti/drivers/lib/</path>
         <kind>archive</kind>
         <file>drivers_cc26x0r2.aem3</file>
         <name>SPI.oem3</name>
      </input_file>
      <input_file id="fl-26">
         <path>/home/popi/ti/simplelink_cc2640r2_sdk_3_30_00_20/source/ti/drivers/lib/</path>
         <kind>archive</kind>
         <file>drivers_cc26x0r2.aem3</file>
         <name>SPICC26XXDMA.oem3</name>
      </input_file>
      <input_file id="fl-27">
         <path>/home/popi/ti/simplelink_cc2640r2_sdk_3_30_00_20/source/ti/drivers/lib/</path>
         <kind>archive</kind>
         <file>drivers_cc26x0r2.aem3</file>
         <name>GPTimerCC26XX.oem3</name>
      </input_file>
      <input_file id="fl-28">
         <path>/home/popi/ti/simplelink_cc2640r2_sdk_3_30_00_20/source/ti/drivers/lib/</path>
         <kind>archive</kind>
         <file>drivers_cc26x0r2.aem3</file>
         <name>UART.oem3</name>
      </input_file>
      <input_file id="fl-29">
         <path>/home/popi/ti/simplelink_cc2640r2_sdk_3_30_00_20/source/ti/drivers/lib/</path>
         <kind>archive</kind>
         <file>drivers_cc26x0r2.aem3</file>
         <name>UARTCC26XX.oem3</name>
      </input_file>
      <input_file id="fl-2a">
         <path>/home/popi/ti/simplelink_cc2640r2_sdk_3_30_00_20/source/ti/drivers/lib/</path>
         <kind>archive</kind>
         <file>drivers_cc26x0r2.aem3</file>
         <name>WatchdogCC26XX.oem3</name>
      </input_file>
      <input_file id="fl-2b">
         <path>/home/popi/ti/simplelink_cc2640r2_sdk_3_30_00_20/source/ti/drivers/lib/</path>
         <kind>archive</kind>
         <file>drivers_cc26x0r2.aem3</file>
         <name>RingBuf.oem3</name>
      </input_file>
      <input_file id="fl-2c">
         <path>/home/popi/ti/simplelink_cc2640r2_sdk_3_30_00_20/source/ti/drivers/lib/</path>
         <kind>archive</kind>
         <file>drivers_cc26x0r2.aem3</file>
         <name>ADCBuf.oem3</name>
      </input_file>
      <input_file id="fl-2d">
         <path>/home/popi/ti/simplelink_cc2640r2_sdk_3_30_00_20/kernel/nortos/lib/</path>
         <kind>archive</kind>
         <file>nortos_cc26x0r2.aem3</file>
         <name>NoRTOS.oem3</name>
      </input_file>
      <input_file id="fl-2e">
         <path>/home/popi/ti/simplelink_cc2640r2_sdk_3_30_00_20/kernel/nortos/lib/</path>
         <kind>archive</kind>
         <file>nortos_cc26x0r2.aem3</file>
         <name>SemaphoreP_nortos.oem3</name>
      </input_file>
      <input_file id="fl-2f">
         <path>/home/popi/ti/simplelink_cc2640r2_sdk_3_30_00_20/kernel/nortos/lib/</path>
         <kind>archive</kind>
         <file>nortos_cc26x0r2.aem3</file>
         <name>SwiP_nortos.oem3</name>
      </input_file>
      <input_file id="fl-30">
         <path>/home/popi/ti/simplelink_cc2640r2_sdk_3_30_00_20/kernel/nortos/lib/</path>
         <kind>archive</kind>
         <file>nortos_cc26x0r2.aem3</file>
         <name>SystemP_nortos.oem3</name>
      </input_file>
      <input_file id="fl-31">
         <path>/home/popi/ti/simplelink_cc2640r2_sdk_3_30_00_20/kernel/nortos/lib/</path>
         <kind>archive</kind>
         <file>nortos_cc26x0r2.aem3</file>
         <name>ClockPTimer_nortos.oem3</name>
      </input_file>
      <input_file id="fl-32">
         <path>/home/popi/ti/simplelink_cc2640r2_sdk_3_30_00_20/kernel/nortos/lib/</path>
         <kind>archive</kind>
         <file>nortos_cc26x0r2.aem3</file>
         <name>TimerPCC26XX_nortos.oem3</name>
      </input_file>
      <input_file id="fl-33">
         <path>/home/popi/ti/simplelink_cc2640r2_sdk_3_30_00_20/kernel/nortos/lib/</path>
         <kind>archive</kind>
         <file>nortos_cc26x0r2.aem3</file>
         <name>HwiPCC26XX_nortos.oem3</name>
      </input_file>
      <input_file id="fl-34">
         <path>/home/popi/ti/simplelink_cc2640r2_sdk_3_30_00_20/kernel/nortos/lib/</path>
         <kind>archive</kind>
         <file>nortos_cc26x0r2.aem3</file>
         <name>PowerCC26XX_nortos.oem3</name>
      </input_file>
      <input_file id="fl-35">
         <path>/home/popi/ti/simplelink_cc2640r2_sdk_3_30_00_20/kernel/nortos/lib/</path>
         <kind>archive</kind>
         <file>nortos_cc26x0r2.aem3</file>
         <name>startup_cc13xx_cc26xx_ccs.oem3</name>
      </input_file>
      <input_file id="fl-36">
         <path>/home/popi/ti/simplelink_cc2640r2_sdk_3_30_00_20/kernel/nortos/lib/</path>
         <kind>archive</kind>
         <file>nortos_cc26x0r2.aem3</file>
         <name>QueueP_nortos.oem3</name>
      </input_file>
      <input_file id="fl-37">
         <path>/home/popi/ti/simplelink_cc2640r2_sdk_3_30_00_20/source/ti/devices/cc26x0r2/driverlib/bin/ccs/</path>
         <kind>archive</kind>
         <file>driverlib.lib</file>
         <name>adi.obj</name>
      </input_file>
      <input_file id="fl-38">
         <path>/home/popi/ti/simplelink_cc2640r2_sdk_3_30_00_20/source/ti/devices/cc26x0r2/driverlib/bin/ccs/</path>
         <kind>archive</kind>
         <file>driverlib.lib</file>
         <name>aux_adc.obj</name>
      </input_file>
      <input_file id="fl-39">
         <path>/home/popi/ti/simplelink_cc2640r2_sdk_3_30_00_20/source/ti/devices/cc26x0r2/driverlib/bin/ccs/</path>
         <kind>archive</kind>
         <file>driverlib.lib</file>
         <name>chipinfo.obj</name>
      </input_file>
      <input_file id="fl-3a">
         <path>/home/popi/ti/simplelink_cc2640r2_sdk_3_30_00_20/source/ti/devices/cc26x0r2/driverlib/bin/ccs/</path>
         <kind>archive</kind>
         <file>driverlib.lib</file>
         <name>cpu.obj</name>
      </input_file>
      <input_file id="fl-3b">
         <path>/home/popi/ti/simplelink_cc2640r2_sdk_3_30_00_20/source/ti/devices/cc26x0r2/driverlib/bin/ccs/</path>
         <kind>archive</kind>
         <file>driverlib.lib</file>
         <name>driverlib_release.obj</name>
      </input_file>
      <input_file id="fl-3c">
         <path>/home/popi/ti/simplelink_cc2640r2_sdk_3_30_00_20/source/ti/devices/cc26x0r2/driverlib/bin/ccs/</path>
         <kind>archive</kind>
         <file>driverlib.lib</file>
         <name>flash.obj</name>
      </input_file>
      <input_file id="fl-3d">
         <path>/home/popi/ti/simplelink_cc2640r2_sdk_3_30_00_20/source/ti/devices/cc26x0r2/driverlib/bin/ccs/</path>
         <kind>archive</kind>
         <file>driverlib.lib</file>
         <name>i2c.obj</name>
      </input_file>
      <input_file id="fl-3e">
         <path>/home/popi/ti/simplelink_cc2640r2_sdk_3_30_00_20/source/ti/devices/cc26x0r2/driverlib/bin/ccs/</path>
         <kind>archive</kind>
         <file>driverlib.lib</file>
         <name>interrupt.obj</name>
      </input_file>
      <input_file id="fl-3f">
         <path>/home/popi/ti/simplelink_cc2640r2_sdk_3_30_00_20/source/ti/devices/cc26x0r2/driverlib/bin/ccs/</path>
         <kind>archive</kind>
         <file>driverlib.lib</file>
         <name>osc.obj</name>
      </input_file>
      <input_file id="fl-40">
         <path>/home/popi/ti/simplelink_cc2640r2_sdk_3_30_00_20/source/ti/devices/cc26x0r2/driverlib/bin/ccs/</path>
         <kind>archive</kind>
         <file>driverlib.lib</file>
         <name>rfc.obj</name>
      </input_file>
      <input_file id="fl-41">
         <path>/home/popi/ti/simplelink_cc2640r2_sdk_3_30_00_20/source/ti/devices/cc26x0r2/driverlib/bin/ccs/</path>
         <kind>archive</kind>
         <file>driverlib.lib</file>
         <name>setup.obj</name>
      </input_file>
      <input_file id="fl-42">
         <path>/home/popi/ti/simplelink_cc2640r2_sdk_3_30_00_20/source/ti/devices/cc26x0r2/driverlib/bin/ccs/</path>
         <kind>archive</kind>
         <file>driverlib.lib</file>
         <name>ssi.obj</name>
      </input_file>
      <input_file id="fl-43">
         <path>/home/popi/ti/simplelink_cc2640r2_sdk_3_30_00_20/source/ti/devices/cc26x0r2/driverlib/bin/ccs/</path>
         <kind>archive</kind>
         <file>driverlib.lib</file>
         <name>sys_ctrl.obj</name>
      </input_file>
      <input_file id="fl-44">
         <path>/home/popi/ti/simplelink_cc2640r2_sdk_3_30_00_20/source/ti/devices/cc26x0r2/driverlib/bin/ccs/</path>
         <kind>archive</kind>
         <file>driverlib.lib</file>
         <name>timer.obj</name>
      </input_file>
      <input_file id="fl-45">
         <path>/home/popi/ti/simplelink_cc2640r2_sdk_3_30_00_20/source/ti/devices/cc26x0r2/driverlib/bin/ccs/</path>
         <kind>archive</kind>
         <file>driverlib.lib</file>
         <name>uart.obj</name>
      </input_file>
      <input_file id="fl-fb">
         <path>/home/popi/ti/ccs920/ccs/tools/compiler/ti-cgt-arm_18.12.3.LTS/lib/</path>
         <kind>archive</kind>
         <file>rtsv7M3_T_le_eabi.lib</file>
         <name>ull_div_t2.asm.obj</name>
      </input_file>
      <input_file id="fl-fc">
         <path>/home/popi/ti/ccs920/ccs/tools/compiler/ti-cgt-arm_18.12.3.LTS/lib/</path>
         <kind>archive</kind>
         <file>rtsv7M3_T_le_eabi.lib</file>
         <name>memset_t2.asm.obj</name>
      </input_file>
      <input_file id="fl-fd">
         <path>/home/popi/ti/ccs920/ccs/tools/compiler/ti-cgt-arm_18.12.3.LTS/lib/</path>
         <kind>archive</kind>
         <file>rtsv7M3_T_le_eabi.lib</file>
         <name>fd_add_t2.asm.obj</name>
      </input_file>
      <input_file id="fl-fe">
         <path>/home/popi/ti/ccs920/ccs/tools/compiler/ti-cgt-arm_18.12.3.LTS/lib/</path>
         <kind>archive</kind>
         <file>rtsv7M3_T_le_eabi.lib</file>
         <name>fd_cmp_t2.asm.obj</name>
      </input_file>
      <input_file id="fl-ff">
         <path>/home/popi/ti/ccs920/ccs/tools/compiler/ti-cgt-arm_18.12.3.LTS/lib/</path>
         <kind>archive</kind>
         <file>rtsv7M3_T_le_eabi.lib</file>
         <name>fd_mul_t2.asm.obj</name>
      </input_file>
      <input_file id="fl-100">
         <path>/home/popi/ti/ccs920/ccs/tools/compiler/ti-cgt-arm_18.12.3.LTS/lib/</path>
         <kind>archive</kind>
         <file>rtsv7M3_T_le_eabi.lib</file>
         <name>fd_toi_t2.asm.obj</name>
      </input_file>
      <input_file id="fl-101">
         <path>/home/popi/ti/ccs920/ccs/tools/compiler/ti-cgt-arm_18.12.3.LTS/lib/</path>
         <kind>archive</kind>
         <file>rtsv7M3_T_le_eabi.lib</file>
         <name>fd_tou_t2.asm.obj</name>
      </input_file>
      <input_file id="fl-102">
         <path>/home/popi/ti/ccs920/ccs/tools/compiler/ti-cgt-arm_18.12.3.LTS/lib/</path>
         <kind>archive</kind>
         <file>rtsv7M3_T_le_eabi.lib</file>
         <name>i_tofd_t2.asm.obj</name>
      </input_file>
      <input_file id="fl-103">
         <path>/home/popi/ti/ccs920/ccs/tools/compiler/ti-cgt-arm_18.12.3.LTS/lib/</path>
         <kind>archive</kind>
         <file>rtsv7M3_T_le_eabi.lib</file>
         <name>ll_mul_t2.asm.obj</name>
      </input_file>
      <input_file id="fl-104">
         <path>/home/popi/ti/ccs920/ccs/tools/compiler/ti-cgt-arm_18.12.3.LTS/lib/</path>
         <kind>archive</kind>
         <file>rtsv7M3_T_le_eabi.lib</file>
         <name>memcpy_t2.asm.obj</name>
      </input_file>
      <input_file id="fl-105">
         <path>/home/popi/ti/ccs920/ccs/tools/compiler/ti-cgt-arm_18.12.3.LTS/lib/</path>
         <kind>archive</kind>
         <file>rtsv7M3_T_le_eabi.lib</file>
         <name>u_divt2.asm.obj</name>
      </input_file>
      <input_file id="fl-106">
         <path>/home/popi/ti/ccs920/ccs/tools/compiler/ti-cgt-arm_18.12.3.LTS/lib/</path>
         <kind>archive</kind>
         <file>rtsv7M3_T_le_eabi.lib</file>
         <name>copy_zero_init.c.obj</name>
      </input_file>
      <input_file id="fl-107">
         <path>/home/popi/ti/ccs920/ccs/tools/compiler/ti-cgt-arm_18.12.3.LTS/lib/</path>
         <kind>archive</kind>
         <file>rtsv7M3_T_le_eabi.lib</file>
         <name>copy_decompress_none.c.obj</name>
      </input_file>
      <input_file id="fl-108">
         <path>/home/popi/ti/ccs920/ccs/tools/compiler/ti-cgt-arm_18.12.3.LTS/lib/</path>
         <kind>archive</kind>
         <file>rtsv7M3_T_le_eabi.lib</file>
         <name>copy_decompress_lzss.c.obj</name>
      </input_file>
      <input_file id="fl-109">
         <path>/home/popi/ti/ccs920/ccs/tools/compiler/ti-cgt-arm_18.12.3.LTS/lib/</path>
         <kind>archive</kind>
         <file>rtsv7M3_T_le_eabi.lib</file>
         <name>memory.c.obj</name>
      </input_file>
      <input_file id="fl-10a">
         <path>/home/popi/ti/ccs920/ccs/tools/compiler/ti-cgt-arm_18.12.3.LTS/lib/</path>
         <kind>archive</kind>
         <file>rtsv7M3_T_le_eabi.lib</file>
         <name>rand.c.obj</name>
      </input_file>
      <input_file id="fl-10b">
         <path>/home/popi/ti/ccs920/ccs/tools/compiler/ti-cgt-arm_18.12.3.LTS/lib/</path>
         <kind>archive</kind>
         <file>rtsv7M3_T_le_eabi.lib</file>
         <name>strlen.c.obj</name>
      </input_file>
      <input_file id="fl-10c">
         <path>/home/popi/ti/ccs920/ccs/tools/compiler/ti-cgt-arm_18.12.3.LTS/lib/</path>
         <kind>archive</kind>
         <file>rtsv7M3_T_le_eabi.lib</file>
         <name>boot_cortex_m.c.obj</name>
      </input_file>
      <input_file id="fl-10d">
         <path>/home/popi/ti/ccs920/ccs/tools/compiler/ti-cgt-arm_18.12.3.LTS/lib/</path>
         <kind>archive</kind>
         <file>rtsv7M3_T_le_eabi.lib</file>
         <name>div0.asm.obj</name>
      </input_file>
      <input_file id="fl-10e">
         <path>/home/popi/ti/ccs920/ccs/tools/compiler/ti-cgt-arm_18.12.3.LTS/lib/</path>
         <kind>archive</kind>
         <file>rtsv7M3_T_le_eabi.lib</file>
         <name>autoinit.c.obj</name>
      </input_file>
      <input_file id="fl-10f">
         <path>/home/popi/ti/ccs920/ccs/tools/compiler/ti-cgt-arm_18.12.3.LTS/lib/</path>
         <kind>archive</kind>
         <file>rtsv7M3_T_le_eabi.lib</file>
         <name>pre_init.c.obj</name>
      </input_file>
      <input_file id="fl-110">
         <path>/home/popi/ti/ccs920/ccs/tools/compiler/ti-cgt-arm_18.12.3.LTS/lib/</path>
         <kind>archive</kind>
         <file>rtsv7M3_T_le_eabi.lib</file>
         <name>cpy_tbl.c.obj</name>
      </input_file>
      <input_file id="fl-111">
         <path>/home/popi/ti/ccs920/ccs/tools/compiler/ti-cgt-arm_18.12.3.LTS/lib/</path>
         <kind>archive</kind>
         <file>rtsv7M3_T_le_eabi.lib</file>
         <name>exit.c.obj</name>
      </input_file>
      <input_file id="fl-112">
         <path>/home/popi/ti/ccs920/ccs/tools/compiler/ti-cgt-arm_18.12.3.LTS/lib/</path>
         <kind>archive</kind>
         <file>rtsv7M3_T_le_eabi.lib</file>
         <name>_lock.c.obj</name>
      </input_file>
      <input_file id="fl-113">
         <path>/home/popi/ti/ccs920/ccs/tools/compiler/ti-cgt-arm_18.12.3.LTS/lib/</path>
         <kind>archive</kind>
         <file>rtsv7M3_T_le_eabi.lib</file>
         <name>args_main.c.obj</name>
      </input_file>
   </input_file_list>
   <object_component_list>
      <object_component id="oc-15">
         <name>.intvecs</name>
         <load_address>0x0</load_address>
         <run_address>0x0</run_address>
         <size>0xc8</size>
         <input_file_ref idref="fl-35"/>
      </object_component>
      <object_component id="oc-2e4">
         <name>.text:EasyLink_init</name>
         <load_address>0xc8</load_address>
         <run_address>0xc8</run_address>
         <size>0x630</size>
         <input_file_ref idref="fl-7"/>
      </object_component>
      <object_component id="oc-7fe">
         <name>.text:RF_fsmActiveState</name>
         <load_address>0x6f8</load_address>
         <run_address>0x6f8</run_address>
         <size>0x4ac</size>
         <input_file_ref idref="fl-17"/>
      </object_component>
      <object_component id="oc-948">
         <name>.text:PowerCC26XX_auxISR</name>
         <load_address>0xba4</load_address>
         <run_address>0xba4</run_address>
         <size>0x314</size>
         <input_file_ref idref="fl-23"/>
      </object_component>
      <object_component id="oc-3fc">
         <name>.text:RF_scheduleCmd</name>
         <load_address>0xeb8</load_address>
         <run_address>0xeb8</run_address>
         <size>0x288</size>
         <input_file_ref idref="fl-17"/>
      </object_component>
      <object_component id="oc-929">
         <name>.text:Power_sleep</name>
         <load_address>0x1140</load_address>
         <run_address>0x1140</run_address>
         <size>0x22c</size>
         <input_file_ref idref="fl-22"/>
      </object_component>
      <object_component id="oc-ae4">
         <name>.text:NOROM_SysCtrlSetRechargeBeforePowerDown</name>
         <load_address>0x136c</load_address>
         <run_address>0x136c</run_address>
         <size>0x220</size>
         <input_file_ref idref="fl-43"/>
      </object_component>
      <object_component id="oc-308">
         <name>.text:EasyLink_transmitAsync</name>
         <load_address>0x158c</load_address>
         <run_address>0x158c</run_address>
         <size>0x1fc</size>
         <input_file_ref idref="fl-7"/>
      </object_component>
      <object_component id="oc-3c8">
         <name>.text:RF_open</name>
         <load_address>0x1788</load_address>
         <run_address>0x1788</run_address>
         <size>0x1d8</size>
         <input_file_ref idref="fl-17"/>
      </object_component>
      <object_component id="oc-2ea">
         <name>.text:EasyLink_receiveAsync</name>
         <load_address>0x1960</load_address>
         <run_address>0x1960</run_address>
         <size>0x1c0</size>
         <input_file_ref idref="fl-7"/>
      </object_component>
      <object_component id="oc-35d">
         <name>.text:PIN_init</name>
         <load_address>0x1b20</load_address>
         <run_address>0x1b20</run_address>
         <size>0x1b0</size>
         <input_file_ref idref="fl-21"/>
      </object_component>
      <object_component id="oc-40b">
         <name>.text:rxDoneCallback</name>
         <load_address>0x1cd0</load_address>
         <run_address>0x1cd0</run_address>
         <size>0x1b0</size>
         <input_file_ref idref="fl-7"/>
      </object_component>
      <object_component id="oc-936">
         <name>.text:PowerCC26XX_doCalibrate</name>
         <load_address>0x1e80</load_address>
         <run_address>0x1e80</run_address>
         <size>0x190</size>
         <input_file_ref idref="fl-23"/>
      </object_component>
      <object_component id="oc-835">
         <name>.text:RF_fsmSetupState</name>
         <load_address>0x2010</load_address>
         <run_address>0x2010</run_address>
         <size>0x15c</size>
         <input_file_ref idref="fl-17"/>
      </object_component>
      <object_component id="oc-89e">
         <name>.text:RF_abortCmd</name>
         <load_address>0x216c</load_address>
         <run_address>0x216c</run_address>
         <size>0x134</size>
         <input_file_ref idref="fl-17"/>
      </object_component>
      <object_component id="oc-357">
         <name>.text:Power_init</name>
         <load_address>0x22a0</load_address>
         <run_address>0x22a0</run_address>
         <size>0x12c</size>
         <input_file_ref idref="fl-22"/>
      </object_component>
      <object_component id="oc-7f8">
         <name>.text:RF_dispatchNextCmd</name>
         <load_address>0x23cc</load_address>
         <run_address>0x23cc</run_address>
         <size>0x124</size>
         <input_file_ref idref="fl-17"/>
      </object_component>
      <object_component id="oc-82f">
         <name>.text:RF_radioOpDoneCb</name>
         <load_address>0x24f0</load_address>
         <run_address>0x24f0</run_address>
         <size>0x118</size>
         <input_file_ref idref="fl-17"/>
      </object_component>
      <object_component id="oc-38c">
         <name>.text:RF_close</name>
         <load_address>0x2608</load_address>
         <run_address>0x2608</run_address>
         <size>0x110</size>
         <input_file_ref idref="fl-17"/>
      </object_component>
      <object_component id="oc-265">
         <name>.text:mainThread</name>
         <load_address>0x2718</load_address>
         <run_address>0x2718</run_address>
         <size>0x10c</size>
         <input_file_ref idref="fl-6"/>
      </object_component>
      <object_component id="oc-6be">
         <name>.text:PowerCC26XX_standbyPolicy</name>
         <load_address>0x2824</load_address>
         <run_address>0x2824</run_address>
         <size>0x104</size>
         <input_file_ref idref="fl-34"/>
      </object_component>
      <object_component id="oc-850">
         <name>.text:rf_patch_rfe_genfsk</name>
         <load_address>0x2928</load_address>
         <run_address>0x2928</run_address>
         <size>0x100</size>
         <input_file_ref idref="fl-9"/>
      </object_component>
      <object_component id="oc-872">
         <name>.text:rf_patch_rfe_genfsk</name>
         <load_address>0x2a28</load_address>
         <run_address>0x2a28</run_address>
         <size>0x100</size>
         <input_file_ref idref="fl-a"/>
      </object_component>
      <object_component id="oc-4b6">
         <name>.text:PINCC26XX_setIoCfg</name>
         <load_address>0x2b28</load_address>
         <run_address>0x2b28</run_address>
         <size>0xf0</size>
         <input_file_ref idref="fl-21"/>
      </object_component>
      <object_component id="oc-5d7">
         <name>.text:RF_fsmPowerUpState</name>
         <load_address>0x2c18</load_address>
         <run_address>0x2c18</run_address>
         <size>0xf0</size>
         <input_file_ref idref="fl-17"/>
      </object_component>
      <object_component id="oc-4d4">
         <name>.text:SwiP_construct</name>
         <load_address>0x2d08</load_address>
         <run_address>0x2d08</run_address>
         <size>0xd8</size>
         <input_file_ref idref="fl-2f"/>
      </object_component>
      <object_component id="oc-550">
         <name>.text:RF_pendCmd</name>
         <load_address>0x2de0</load_address>
         <run_address>0x2de0</run_address>
         <size>0xd4</size>
         <input_file_ref idref="fl-17"/>
      </object_component>
      <object_component id="oc-5b0">
         <name>.text:RF_swiHw</name>
         <load_address>0x2eb4</load_address>
         <run_address>0x2eb4</run_address>
         <size>0xcc</size>
         <input_file_ref idref="fl-17"/>
      </object_component>
      <object_component id="oc-84a">
         <name>.text:rf_patch_mce_genfsk</name>
         <load_address>0x2f80</load_address>
         <run_address>0x2f80</run_address>
         <size>0xc4</size>
         <input_file_ref idref="fl-9"/>
      </object_component>
      <object_component id="oc-86c">
         <name>.text:rf_patch_mce_genfsk</name>
         <load_address>0x3044</load_address>
         <run_address>0x3044</run_address>
         <size>0xc4</size>
         <input_file_ref idref="fl-a"/>
      </object_component>
      <object_component id="oc-56e">
         <name>.text:Power_releaseDependency</name>
         <load_address>0x3108</load_address>
         <run_address>0x3108</run_address>
         <size>0xbc</size>
         <input_file_ref idref="fl-22"/>
      </object_component>
      <object_component id="oc-402">
         <name>.text:RF_postCmd</name>
         <load_address>0x31c4</load_address>
         <run_address>0x31c4</run_address>
         <size>0xb8</size>
         <input_file_ref idref="fl-17"/>
      </object_component>
      <object_component id="oc-4aa">
         <name>.text:Power_setDependency</name>
         <load_address>0x327c</load_address>
         <run_address>0x327c</run_address>
         <size>0xb4</size>
         <input_file_ref idref="fl-22"/>
      </object_component>
      <object_component id="oc-804">
         <name>.text:RF_hwiCpe0Active</name>
         <load_address>0x3330</load_address>
         <run_address>0x3330</run_address>
         <size>0xb0</size>
         <input_file_ref idref="fl-17"/>
      </object_component>
      <object_component id="oc-8d9">
         <name>.text:TimerP_construct</name>
         <load_address>0x33e0</load_address>
         <run_address>0x33e0</run_address>
         <size>0xb0</size>
         <input_file_ref idref="fl-32"/>
      </object_component>
      <object_component id="oc-72">
         <name>.text:NOROM_SetupTrimDevice</name>
         <load_address>0x3490</load_address>
         <run_address>0x3490</run_address>
         <size>0xac</size>
         <input_file_ref idref="fl-41"/>
      </object_component>
      <object_component id="oc-422">
         <name>.text:txDoneCallback</name>
         <load_address>0x353c</load_address>
         <run_address>0x353c</run_address>
         <size>0xac</size>
         <input_file_ref idref="fl-7"/>
      </object_component>
      <object_component id="oc-8eb">
         <name>.text:ClockP_workFuncDynamic</name>
         <load_address>0x35e8</load_address>
         <run_address>0x35e8</run_address>
         <size>0xa8</size>
         <input_file_ref idref="fl-31"/>
      </object_component>
      <object_component id="oc-7f2">
         <name>.text:RF_ratRestartChannels</name>
         <load_address>0x3690</load_address>
         <run_address>0x3690</run_address>
         <size>0xa4</size>
         <input_file_ref idref="fl-17"/>
      </object_component>
      <object_component id="oc-48b">
         <name>.text:switchXOSCHFclockFunc</name>
         <load_address>0x3734</load_address>
         <run_address>0x3734</run_address>
         <size>0xa4</size>
         <input_file_ref idref="fl-22"/>
      </object_component>
      <object_component id="oc-2d2">
         <name>.text:PIN_open</name>
         <load_address>0x37d8</load_address>
         <run_address>0x37d8</run_address>
         <size>0xa0</size>
         <input_file_ref idref="fl-21"/>
      </object_component>
      <object_component id="oc-984">
         <name>.text:SwiP_dispatch</name>
         <load_address>0x3878</load_address>
         <run_address>0x3878</run_address>
         <size>0xa0</size>
         <input_file_ref idref="fl-2f"/>
      </object_component>
      <object_component id="oc-69a">
         <name>.text:ClockP_startup</name>
         <load_address>0x3918</load_address>
         <run_address>0x3918</run_address>
         <size>0x9c</size>
         <input_file_ref idref="fl-31"/>
      </object_component>
      <object_component id="oc-8a5">
         <name>.text:RF_calculateDispatchTime</name>
         <load_address>0x39b4</load_address>
         <run_address>0x39b4</run_address>
         <size>0x9c</size>
         <input_file_ref idref="fl-17"/>
      </object_component>
      <object_component id="oc-54">
         <name>.text</name>
         <load_address>0x3a50</load_address>
         <run_address>0x3a50</run_address>
         <size>0x9c</size>
         <input_file_ref idref="fl-104"/>
      </object_component>
      <object_component id="oc-36e">
         <name>.text:SemaphoreP_pend</name>
         <load_address>0x3aec</load_address>
         <run_address>0x3aec</run_address>
         <size>0x98</size>
         <input_file_ref idref="fl-2e"/>
      </object_component>
      <object_component id="oc-907">
         <name>.text</name>
         <load_address>0x3b84</load_address>
         <run_address>0x3b84</run_address>
         <size>0x96</size>
         <input_file_ref idref="fl-fb"/>
      </object_component>
      <object_component id="oc-9ac">
         <name>.text:IntDefaultHandler</name>
         <load_address>0x3c1a</load_address>
         <run_address>0x3c1a</run_address>
         <size>0x2</size>
         <input_file_ref idref="fl-3e"/>
      </object_component>
      <object_component id="oc-a7f">
         <name>.text:RF_discardPendCmd</name>
         <load_address>0x3c1c</load_address>
         <run_address>0x3c1c</run_address>
         <size>0x90</size>
         <input_file_ref idref="fl-17"/>
      </object_component>
      <object_component id="oc-be">
         <name>.text:TrimAfterColdResetWakeupFromShutDown</name>
         <load_address>0x3cac</load_address>
         <run_address>0x3cac</run_address>
         <size>0x90</size>
         <input_file_ref idref="fl-41"/>
      </object_component>
      <object_component id="oc-755">
         <name>.text:CC2640R2_LAUNCHXL_sendExtFlashByte</name>
         <load_address>0x3d3c</load_address>
         <run_address>0x3d3c</run_address>
         <size>0x84</size>
         <input_file_ref idref="fl-3"/>
      </object_component>
      <object_component id="oc-83d">
         <name>.text:RF_issueRadioFreeCb</name>
         <load_address>0x3dc0</load_address>
         <run_address>0x3dc0</run_address>
         <size>0x84</size>
         <input_file_ref idref="fl-17"/>
      </object_component>
      <object_component id="oc-317">
         <name>.text:echoRxDoneCb</name>
         <load_address>0x3e44</load_address>
         <run_address>0x3e44</run_address>
         <size>0x84</size>
         <input_file_ref idref="fl-6"/>
      </object_component>
      <object_component id="oc-47c">
         <name>.text:ClockP_start</name>
         <load_address>0x3ec8</load_address>
         <run_address>0x3ec8</run_address>
         <size>0x80</size>
         <input_file_ref idref="fl-31"/>
      </object_component>
      <object_component id="oc-63f">
         <name>.text:RF_verifyGap</name>
         <load_address>0x3f48</load_address>
         <run_address>0x3f48</run_address>
         <size>0x7e</size>
         <input_file_ref idref="fl-17"/>
      </object_component>
      <object_component id="oc-a0a">
         <name>.text:NOROM_RFCAdi3VcoLdoVoltageMode</name>
         <load_address>0x3fc6</load_address>
         <run_address>0x3fc6</run_address>
         <size>0x2</size>
         <input_file_ref idref="fl-40"/>
      </object_component>
      <object_component id="oc-7d9">
         <name>.text:RF_ratFreeChannel</name>
         <load_address>0x3fc8</load_address>
         <run_address>0x3fc8</run_address>
         <size>0x7c</size>
         <input_file_ref idref="fl-17"/>
      </object_component>
      <object_component id="oc-ac">
         <name>.text</name>
         <load_address>0x4044</load_address>
         <run_address>0x4044</run_address>
         <size>0x7a</size>
         <input_file_ref idref="fl-fc"/>
      </object_component>
      <object_component id="oc-5dd">
         <name>.text:RF_defaultCallback</name>
         <load_address>0x40be</load_address>
         <run_address>0x40be</run_address>
         <size>0x2</size>
         <input_file_ref idref="fl-17"/>
      </object_component>
      <object_component id="oc-ab0">
         <name>.text:ClockP_walkQueueDynamic</name>
         <load_address>0x40c0</load_address>
         <run_address>0x40c0</run_address>
         <size>0x74</size>
         <input_file_ref idref="fl-31"/>
      </object_component>
      <object_component id="oc-4c8">
         <name>.text:HwiP_construct</name>
         <load_address>0x4134</load_address>
         <run_address>0x4134</run_address>
         <size>0x74</size>
         <input_file_ref idref="fl-33"/>
      </object_component>
      <object_component id="oc-aea">
         <name>.text:NOROM_SysCtrlAdjustRechargeAfterPowerDown</name>
         <load_address>0x41a8</load_address>
         <run_address>0x41a8</run_address>
         <size>0x70</size>
         <input_file_ref idref="fl-43"/>
      </object_component>
      <object_component id="oc-5bc">
         <name>.text:RF_hwiHw</name>
         <load_address>0x4218</load_address>
         <run_address>0x4218</run_address>
         <size>0x70</size>
         <input_file_ref idref="fl-17"/>
      </object_component>
      <object_component id="oc-b6c">
         <name>.text:TimerP_start</name>
         <load_address>0x4288</load_address>
         <run_address>0x4288</run_address>
         <size>0x70</size>
         <input_file_ref idref="fl-32"/>
      </object_component>
      <object_component id="oc-491">
         <name>.text:lfClockReadyCallback</name>
         <load_address>0x42f8</load_address>
         <run_address>0x42f8</run_address>
         <size>0x70</size>
         <input_file_ref idref="fl-22"/>
      </object_component>
      <object_component id="oc-6d9">
         <name>.text:NOROM_OSCHF_AttemptToSwitchToXosc</name>
         <load_address>0x4368</load_address>
         <run_address>0x4368</run_address>
         <size>0x6c</size>
         <input_file_ref idref="fl-3f"/>
      </object_component>
      <object_component id="oc-93c">
         <name>.text:PowerCC26XX_initiateCalibration</name>
         <load_address>0x43d4</load_address>
         <run_address>0x43d4</run_address>
         <size>0x6c</size>
         <input_file_ref idref="fl-23"/>
      </object_component>
      <object_component id="oc-a1c">
         <name>.text:RF_initRadioSetup</name>
         <load_address>0x4440</load_address>
         <run_address>0x4440</run_address>
         <size>0x6c</size>
         <input_file_ref idref="fl-17"/>
      </object_component>
      <object_component id="oc-675">
         <name>.text:configureXOSCHF</name>
         <load_address>0x44ac</load_address>
         <run_address>0x44ac</run_address>
         <size>0x6c</size>
         <input_file_ref idref="fl-22"/>
      </object_component>
      <object_component id="oc-917">
         <name>.text:NOROM_SysCtrl_DCDC_VoltageConditionalControl</name>
         <load_address>0x4518</load_address>
         <run_address>0x4518</run_address>
         <size>0x68</size>
         <input_file_ref idref="fl-43"/>
      </object_component>
      <object_component id="oc-3f6">
         <name>.text:RF_getCurrentTime</name>
         <load_address>0x4580</load_address>
         <run_address>0x4580</run_address>
         <size>0x68</size>
         <input_file_ref idref="fl-17"/>
      </object_component>
      <object_component id="oc-98b">
         <name>.text:SwiP_post</name>
         <load_address>0x45e8</load_address>
         <run_address>0x45e8</run_address>
         <size>0x68</size>
         <input_file_ref idref="fl-2f"/>
      </object_component>
      <object_component id="oc-18">
         <name>.text:decompress:lzss:__TI_decompress_lzss</name>
         <load_address>0x4650</load_address>
         <run_address>0x4650</run_address>
         <size>0x68</size>
         <input_file_ref idref="fl-108"/>
      </object_component>
      <object_component id="oc-598">
         <name>.text:NOROM_RFCOverrideUpdate</name>
         <load_address>0x46b8</load_address>
         <run_address>0x46b8</run_address>
         <size>0x64</size>
         <input_file_ref idref="fl-40"/>
      </object_component>
      <object_component id="oc-645">
         <name>.text:RF_checkForPreemption</name>
         <load_address>0x471c</load_address>
         <run_address>0x471c</run_address>
         <size>0x64</size>
         <input_file_ref idref="fl-17"/>
      </object_component>
      <object_component id="oc-663">
         <name>.text:RF_dispatchNextEvent</name>
         <load_address>0x4780</load_address>
         <run_address>0x4780</run_address>
         <size>0x64</size>
         <input_file_ref idref="fl-17"/>
      </object_component>
      <object_component id="oc-6c4">
         <name>.text:PowerCC26XX_calibrate</name>
         <load_address>0x47e4</load_address>
         <run_address>0x47e4</run_address>
         <size>0x60</size>
         <input_file_ref idref="fl-22"/>
      </object_component>
      <object_component id="oc-419">
         <name>.text:calculateCmdTime</name>
         <load_address>0x4844</load_address>
         <run_address>0x4844</run_address>
         <size>0x60</size>
         <input_file_ref idref="fl-7"/>
      </object_component>
      <object_component id="oc-3bc">
         <name>.text:createTxAdvFromTx</name>
         <load_address>0x48a4</load_address>
         <run_address>0x48a4</run_address>
         <size>0x60</size>
         <input_file_ref idref="fl-7"/>
      </object_component>
      <object_component id="oc-323">
         <name>.text:echoTxDoneCb</name>
         <load_address>0x4904</load_address>
         <run_address>0x4904</run_address>
         <size>0x60</size>
         <input_file_ref idref="fl-6"/>
      </object_component>
      <object_component id="oc-942">
         <name>.text:PowerCC26XX_RCOSC_clockFunc</name>
         <load_address>0x4964</load_address>
         <run_address>0x4964</run_address>
         <size>0x5c</size>
         <input_file_ref idref="fl-23"/>
      </object_component>
      <object_component id="oc-9e5">
         <name>.text:RF_cmdDispatchTime</name>
         <load_address>0x49c0</load_address>
         <run_address>0x49c0</run_address>
         <size>0x5c</size>
         <input_file_ref idref="fl-17"/>
      </object_component>
      <object_component id="oc-79b">
         <name>.text:RF_syncCb</name>
         <load_address>0x4a1c</load_address>
         <run_address>0x4a1c</run_address>
         <size>0x5c</size>
         <input_file_ref idref="fl-17"/>
      </object_component>
      <object_component id="oc-999">
         <name>.text:PIN_remove</name>
         <load_address>0x4a78</load_address>
         <run_address>0x4a78</run_address>
         <size>0x58</size>
         <input_file_ref idref="fl-21"/>
      </object_component>
      <object_component id="oc-a4e">
         <name>.text:RF_fsmXOSCState</name>
         <load_address>0x4ad0</load_address>
         <run_address>0x4ad0</run_address>
         <size>0x58</size>
         <input_file_ref idref="fl-17"/>
      </object_component>
      <object_component id="oc-5b6">
         <name>.text:RF_hwiCpe0PowerFsm</name>
         <load_address>0x4b28</load_address>
         <run_address>0x4b28</run_address>
         <size>0x58</size>
         <input_file_ref idref="fl-17"/>
      </object_component>
      <object_component id="oc-a16">
         <name>.text:RF_applyRfCorePatch</name>
         <load_address>0x4b80</load_address>
         <run_address>0x4b80</run_address>
         <size>0x54</size>
         <input_file_ref idref="fl-17"/>
      </object_component>
      <object_component id="oc-5ce">
         <name>.text:RF_wakeupNotification</name>
         <load_address>0x4bd4</load_address>
         <run_address>0x4bd4</run_address>
         <size>0x50</size>
         <input_file_ref idref="fl-17"/>
      </object_component>
      <object_component id="oc-701">
         <name>.text:SemaphoreP_construct</name>
         <load_address>0x4c24</load_address>
         <run_address>0x4c24</run_address>
         <size>0x50</size>
         <input_file_ref idref="fl-2e"/>
      </object_component>
      <object_component id="oc-74f">
         <name>.text:CC2640R2_LAUNCHXL_wakeUpExtFlash</name>
         <load_address>0x4c74</load_address>
         <run_address>0x4c74</run_address>
         <size>0x4c</size>
         <input_file_ref idref="fl-3"/>
      </object_component>
      <object_component id="oc-a8e">
         <name>.text:NOROM_IntPendSet</name>
         <load_address>0x4cc0</load_address>
         <run_address>0x4cc0</run_address>
         <size>0x4c</size>
         <input_file_ref idref="fl-3e"/>
      </object_component>
      <object_component id="oc-464">
         <name>.text:ClockP_construct</name>
         <load_address>0x4d0c</load_address>
         <run_address>0x4d0c</run_address>
         <size>0x48</size>
         <input_file_ref idref="fl-31"/>
      </object_component>
      <object_component id="oc-8bf">
         <name>.text:NOROM_OSCHF_SwitchToRcOscTurnOffXosc</name>
         <load_address>0x4d54</load_address>
         <run_address>0x4d54</run_address>
         <size>0x44</size>
         <input_file_ref idref="fl-3f"/>
      </object_component>
      <object_component id="oc-795">
         <name>.text:SwiP_restore</name>
         <load_address>0x4d98</load_address>
         <run_address>0x4d98</run_address>
         <size>0x44</size>
         <input_file_ref idref="fl-2f"/>
      </object_component>
      <object_component id="oc-278">
         <name>.text:__TI_auto_init_nobinit_nopinit:__TI_auto_init_nobinit_nopinit</name>
         <load_address>0x4ddc</load_address>
         <run_address>0x4ddc</run_address>
         <size>0x44</size>
         <input_file_ref idref="fl-10e"/>
      </object_component>
      <object_component id="oc-4ea">
         <name>.text:CC2640R2_LAUNCHXL_shutDownExtFlash</name>
         <load_address>0x4e20</load_address>
         <run_address>0x4e20</run_address>
         <size>0x40</size>
         <input_file_ref idref="fl-3"/>
      </object_component>
      <object_component id="oc-4e3">
         <name>.text:PIN_swi</name>
         <load_address>0x4e60</load_address>
         <run_address>0x4e60</run_address>
         <size>0x40</size>
         <input_file_ref idref="fl-21"/>
      </object_component>
      <object_component id="oc-a42">
         <name>.text:PowerCC26XX_isStableXOSC_HF</name>
         <load_address>0x4ea0</load_address>
         <run_address>0x4ea0</run_address>
         <size>0x40</size>
         <input_file_ref idref="fl-22"/>
      </object_component>
      <object_component id="oc-af5">
         <name>.text:NOROM_OSC_HPOSCRelativeFrequencyOffsetGet</name>
         <load_address>0x4ee0</load_address>
         <run_address>0x4ee0</run_address>
         <size>0x3c</size>
         <input_file_ref idref="fl-3f"/>
      </object_component>
      <object_component id="oc-a10">
         <name>.text:NOROM_RFCSynthPowerDown</name>
         <load_address>0x4f1c</load_address>
         <run_address>0x4f1c</run_address>
         <size>0x3c</size>
         <input_file_ref idref="fl-40"/>
      </object_component>
      <object_component id="oc-78f">
         <name>.text:RF_cmdGet</name>
         <load_address>0x4f58</load_address>
         <run_address>0x4f58</run_address>
         <size>0x3c</size>
         <input_file_ref idref="fl-17"/>
      </object_component>
      <object_component id="oc-811">
         <name>.text:RF_cmdStoreEvents</name>
         <load_address>0x4f94</load_address>
         <run_address>0x4f94</run_address>
         <size>0x3c</size>
         <input_file_ref idref="fl-17"/>
      </object_component>
      <object_component id="oc-37a">
         <name>.text:SemaphoreP_post</name>
         <load_address>0x4fd0</load_address>
         <run_address>0x4fd0</run_address>
         <size>0x3c</size>
         <input_file_ref idref="fl-2e"/>
      </object_component>
      <object_component id="oc-ac8">
         <name>.text:TimerP_setThreshold</name>
         <load_address>0x500c</load_address>
         <run_address>0x500c</run_address>
         <size>0x3c</size>
         <input_file_ref idref="fl-32"/>
      </object_component>
      <object_component id="oc-470">
         <name>.text:disableLfClkQualifiersEnableClkLoss</name>
         <load_address>0x5048</load_address>
         <run_address>0x5048</run_address>
         <size>0x3c</size>
         <input_file_ref idref="fl-22"/>
      </object_component>
      <object_component id="oc-374">
         <name>.text:PIN_setConfig</name>
         <load_address>0x5084</load_address>
         <run_address>0x5084</run_address>
         <size>0x38</size>
         <input_file_ref idref="fl-21"/>
      </object_component>
      <object_component id="oc-2d8">
         <name>.text:PIN_setOutputValue</name>
         <load_address>0x50bc</load_address>
         <run_address>0x50bc</run_address>
         <size>0x38</size>
         <input_file_ref idref="fl-21"/>
      </object_component>
      <object_component id="oc-7ec">
         <name>.text:RF_checkCmdFsError</name>
         <load_address>0x50f4</load_address>
         <run_address>0x50f4</run_address>
         <size>0x38</size>
         <input_file_ref idref="fl-17"/>
      </object_component>
      <object_component id="oc-556">
         <name>.text:RF_powerConstraintRelease</name>
         <load_address>0x512c</load_address>
         <run_address>0x512c</run_address>
         <size>0x38</size>
         <input_file_ref idref="fl-17"/>
      </object_component>
      <object_component id="oc-90f">
         <name>.text:TimerP_setNextTick</name>
         <load_address>0x5164</load_address>
         <run_address>0x5164</run_address>
         <size>0x36</size>
         <input_file_ref idref="fl-32"/>
      </object_component>
      <object_component id="oc-574">
         <name>.text:SemaphoreP_destruct</name>
         <load_address>0x519a</load_address>
         <run_address>0x519a</run_address>
         <size>0x2</size>
         <input_file_ref idref="fl-2e"/>
      </object_component>
      <object_component id="oc-91d">
         <name>.text:ClockP_getTicksUntilInterrupt</name>
         <load_address>0x519c</load_address>
         <run_address>0x519c</run_address>
         <size>0x34</size>
         <input_file_ref idref="fl-31"/>
      </object_component>
      <object_component id="oc-70d">
         <name>.text:NOROM_IntRegister</name>
         <load_address>0x51d0</load_address>
         <run_address>0x51d0</run_address>
         <size>0x34</size>
         <input_file_ref idref="fl-3e"/>
      </object_component>
      <object_component id="oc-6e0">
         <name>.text:Power_releaseConstraint</name>
         <load_address>0x5204</load_address>
         <run_address>0x5204</run_address>
         <size>0x34</size>
         <input_file_ref idref="fl-22"/>
      </object_component>
      <object_component id="oc-55c">
         <name>.text:SwiP_destruct</name>
         <load_address>0x5238</load_address>
         <run_address>0x5238</run_address>
         <size>0x34</size>
         <input_file_ref idref="fl-2f"/>
      </object_component>
      <object_component id="oc-a9b">
         <name>.text:TimerP_initDevice</name>
         <load_address>0x526c</load_address>
         <run_address>0x526c</run_address>
         <size>0x34</size>
         <input_file_ref idref="fl-32"/>
      </object_component>
      <object_component id="oc-6cd">
         <name>.text:notify</name>
         <load_address>0x52a0</load_address>
         <run_address>0x52a0</run_address>
         <size>0x34</size>
         <input_file_ref idref="fl-22"/>
      </object_component>
      <object_component id="oc-535">
         <name>.text:rand</name>
         <load_address>0x52d4</load_address>
         <run_address>0x52d4</run_address>
         <size>0x34</size>
         <input_file_ref idref="fl-10a"/>
      </object_component>
      <object_component id="oc-46a">
         <name>.text:Power_setConstraint</name>
         <load_address>0x5308</load_address>
         <run_address>0x5308</run_address>
         <size>0x30</size>
         <input_file_ref idref="fl-22"/>
      </object_component>
      <object_component id="oc-6ab">
         <name>.text:TimerP_getCurrentTick</name>
         <load_address>0x5338</load_address>
         <run_address>0x5338</run_address>
         <size>0x30</size>
         <input_file_ref idref="fl-32"/>
      </object_component>
      <object_component id="oc-b42">
         <name>.text:configurePropPatch</name>
         <load_address>0x5368</load_address>
         <run_address>0x5368</run_address>
         <size>0x30</size>
         <input_file_ref idref="fl-9"/>
      </object_component>
      <object_component id="oc-b5b">
         <name>.text:configurePropPatch</name>
         <load_address>0x5398</load_address>
         <run_address>0x5398</run_address>
         <size>0x30</size>
         <input_file_ref idref="fl-a"/>
      </object_component>
      <object_component id="oc-544">
         <name>.text:RF_queueEnd</name>
         <load_address>0x53c8</load_address>
         <run_address>0x53c8</run_address>
         <size>0x2e</size>
         <input_file_ref idref="fl-17"/>
      </object_component>
      <object_component id="oc-43f">
         <name>.text:_nop</name>
         <load_address>0x53f6</load_address>
         <run_address>0x53f6</run_address>
         <size>0x2</size>
         <input_file_ref idref="fl-112"/>
      </object_component>
      <object_component id="oc-719">
         <name>.text:HwiP_dispatch</name>
         <load_address>0x53f8</load_address>
         <run_address>0x53f8</run_address>
         <size>0x2c</size>
         <input_file_ref idref="fl-33"/>
      </object_component>
      <object_component id="oc-106">
         <name>.text:NOROM_ChipInfo_GetChipFamily</name>
         <load_address>0x5424</load_address>
         <run_address>0x5424</run_address>
         <size>0x2c</size>
         <input_file_ref idref="fl-39"/>
      </object_component>
      <object_component id="oc-b27">
         <name>.text:NOROM_RFCCpePatchReset</name>
         <load_address>0x5450</load_address>
         <run_address>0x5450</run_address>
         <size>0x2c</size>
         <input_file_ref idref="fl-40"/>
      </object_component>
      <object_component id="oc-a86">
         <name>.text:RF_calculateDeltaTimeUs</name>
         <load_address>0x547c</load_address>
         <run_address>0x547c</run_address>
         <size>0x2c</size>
         <input_file_ref idref="fl-17"/>
      </object_component>
      <object_component id="oc-9de">
         <name>.text:RF_executeDirectImmediateCmd</name>
         <load_address>0x54a8</load_address>
         <run_address>0x54a8</run_address>
         <size>0x2c</size>
         <input_file_ref idref="fl-17"/>
      </object_component>
      <object_component id="oc-302">
         <name>.text:EasyLink_getAbsTime</name>
         <load_address>0x54d4</load_address>
         <run_address>0x54d4</run_address>
         <size>0x28</size>
         <input_file_ref idref="fl-7"/>
      </object_component>
      <object_component id="oc-3aa">
         <name>.text:NOROM_ChipInfo_GetChipType</name>
         <load_address>0x54fc</load_address>
         <run_address>0x54fc</run_address>
         <size>0x28</size>
         <input_file_ref idref="fl-39"/>
      </object_component>
      <object_component id="oc-9f1">
         <name>.text:NOROM_RFCDoorbellSendTo</name>
         <load_address>0x5524</load_address>
         <run_address>0x5524</run_address>
         <size>0x28</size>
         <input_file_ref idref="fl-40"/>
      </object_component>
      <object_component id="oc-7c7">
         <name>.text:NOROM_RFCOverrideSearch</name>
         <load_address>0x554c</load_address>
         <run_address>0x554c</run_address>
         <size>0x28</size>
         <input_file_ref idref="fl-40"/>
      </object_component>
      <object_component id="oc-59e">
         <name>.text:Power_registerNotify</name>
         <load_address>0x5574</load_address>
         <run_address>0x5574</run_address>
         <size>0x28</size>
         <input_file_ref idref="fl-22"/>
      </object_component>
      <object_component id="oc-3d4">
         <name>.text:RF_runCmd</name>
         <load_address>0x559c</load_address>
         <run_address>0x559c</run_address>
         <size>0x28</size>
         <input_file_ref idref="fl-17"/>
      </object_component>
      <object_component id="oc-951">
         <name>.text:SafeHapiVoid</name>
         <load_address>0x55c4</load_address>
         <run_address>0x55c4</run_address>
         <size>0x28</size>
         <input_file_ref idref="fl-37"/>
      </object_component>
      <object_component id="oc-6b7">
         <name>.text:ClockP_getTicks</name>
         <load_address>0x55ec</load_address>
         <run_address>0x55ec</run_address>
         <size>0x24</size>
         <input_file_ref idref="fl-31"/>
      </object_component>
      <object_component id="oc-6b1">
         <name>.text:ClockP_scheduleNextTick</name>
         <load_address>0x5610</load_address>
         <run_address>0x5610</run_address>
         <size>0x24</size>
         <input_file_ref idref="fl-31"/>
      </object_component>
      <object_component id="oc-7b1">
         <name>.text:List_remove</name>
         <load_address>0x5634</load_address>
         <run_address>0x5634</run_address>
         <size>0x24</size>
         <input_file_ref idref="fl-1a"/>
      </object_component>
      <object_component id="oc-713">
         <name>.text:NOROM_IntPrioritySet</name>
         <load_address>0x5658</load_address>
         <run_address>0x5658</run_address>
         <size>0x24</size>
         <input_file_ref idref="fl-3e"/>
      </object_component>
      <object_component id="oc-8b9">
         <name>.text:NOROM_OSCHF_TurnOnXosc</name>
         <load_address>0x567c</load_address>
         <run_address>0x567c</run_address>
         <size>0x24</size>
         <input_file_ref idref="fl-3f"/>
      </object_component>
      <object_component id="oc-633">
         <name>.text:RF_cmdAlloc</name>
         <load_address>0x56a0</load_address>
         <run_address>0x56a0</run_address>
         <size>0x24</size>
         <input_file_ref idref="fl-17"/>
      </object_component>
      <object_component id="oc-9f7">
         <name>.text:RF_invokeGlobalCallback</name>
         <load_address>0x56c4</load_address>
         <run_address>0x56c4</run_address>
         <size>0x24</size>
         <input_file_ref idref="fl-17"/>
      </object_component>
      <object_component id="oc-8df">
         <name>.text:TimerP_getMaxTicks</name>
         <load_address>0x56e8</load_address>
         <run_address>0x56e8</run_address>
         <size>0x24</size>
         <input_file_ref idref="fl-32"/>
      </object_component>
      <object_component id="oc-d7">
         <name>.text:_c_int00:_c_int00</name>
         <load_address>0x570c</load_address>
         <run_address>0x570c</run_address>
         <size>0x24</size>
         <input_file_ref idref="fl-10c"/>
      </object_component>
      <object_component id="oc-9eb">
         <name>.text:List_get</name>
         <load_address>0x5730</load_address>
         <run_address>0x5730</run_address>
         <size>0x22</size>
         <input_file_ref idref="fl-1a"/>
      </object_component>
      <object_component id="oc-657">
         <name>.text:List_insert</name>
         <load_address>0x5752</load_address>
         <run_address>0x5752</run_address>
         <size>0x22</size>
         <input_file_ref idref="fl-1a"/>
      </object_component>
      <object_component id="oc-651">
         <name>.text:List_put</name>
         <load_address>0x5774</load_address>
         <run_address>0x5774</run_address>
         <size>0x22</size>
         <input_file_ref idref="fl-1a"/>
      </object_component>
      <object_component id="oc-64b">
         <name>.text:List_putHead</name>
         <load_address>0x5796</load_address>
         <run_address>0x5796</run_address>
         <size>0x22</size>
         <input_file_ref idref="fl-1a"/>
      </object_component>
      <object_component id="oc-4f3">
         <name>.text:ClockP_add</name>
         <load_address>0x57b8</load_address>
         <run_address>0x57b8</run_address>
         <size>0x20</size>
         <input_file_ref idref="fl-31"/>
      </object_component>
      <object_component id="oc-a22">
         <name>.text:NOROM_RFCRfTrimRead</name>
         <load_address>0x57d8</load_address>
         <run_address>0x57d8</run_address>
         <size>0x20</size>
         <input_file_ref idref="fl-40"/>
      </object_component>
      <object_component id="oc-4bc">
         <name>.text:PINCC26XX_setIoCfgMux</name>
         <load_address>0x57f8</load_address>
         <run_address>0x57f8</run_address>
         <size>0x20</size>
         <input_file_ref idref="fl-21"/>
      </object_component>
      <object_component id="oc-568">
         <name>.text:Power_unregisterNotify</name>
         <load_address>0x5818</load_address>
         <run_address>0x5818</run_address>
         <size>0x20</size>
         <input_file_ref idref="fl-22"/>
      </object_component>
      <object_component id="oc-5c2">
         <name>.text:RF_clkPowerUp</name>
         <load_address>0x5838</load_address>
         <run_address>0x5838</run_address>
         <size>0x20</size>
         <input_file_ref idref="fl-17"/>
      </object_component>
      <object_component id="oc-a34">
         <name>.text:RF_hwiCpe0ChangePhy</name>
         <load_address>0x5858</load_address>
         <run_address>0x5858</run_address>
         <size>0x20</size>
         <input_file_ref idref="fl-17"/>
      </object_component>
      <object_component id="oc-9fe">
         <name>.text:RF_isStateTransitionAllowed</name>
         <load_address>0x5878</load_address>
         <run_address>0x5878</run_address>
         <size>0x20</size>
         <input_file_ref idref="fl-17"/>
      </object_component>
      <object_component id="oc-9ce">
         <name>.text:RF_ratIsRunning</name>
         <load_address>0x5898</load_address>
         <run_address>0x5898</run_address>
         <size>0x20</size>
         <input_file_ref idref="fl-17"/>
      </object_component>
      <object_component id="oc-75b">
         <name>.text:PIN_close</name>
         <load_address>0x58b8</load_address>
         <run_address>0x58b8</run_address>
         <size>0x1e</size>
         <input_file_ref idref="fl-21"/>
      </object_component>
      <object_component id="oc-923">
         <name>.text:Power_getTransitionLatency</name>
         <load_address>0x58d6</load_address>
         <run_address>0x58d6</run_address>
         <size>0x1e</size>
         <input_file_ref idref="fl-22"/>
      </object_component>
      <object_component id="oc-65d">
         <name>.text:RF_preemptClient</name>
         <load_address>0x58f4</load_address>
         <run_address>0x58f4</run_address>
         <size>0x1e</size>
         <input_file_ref idref="fl-17"/>
      </object_component>
      <object_component id="oc-4b0">
         <name>.text:SemaphoreP_constructBinary</name>
         <load_address>0x5912</load_address>
         <run_address>0x5912</run_address>
         <size>0x1e</size>
         <input_file_ref idref="fl-2e"/>
      </object_component>
      <object_component id="oc-2c4">
         <name>.text:CC2640R2_LAUNCHXL_initGeneral</name>
         <load_address>0x5930</load_address>
         <run_address>0x5930</run_address>
         <size>0x1c</size>
         <input_file_ref idref="fl-2"/>
      </object_component>
      <object_component id="oc-562">
         <name>.text:HwiP_destruct</name>
         <load_address>0x594c</load_address>
         <run_address>0x594c</run_address>
         <size>0x1c</size>
         <input_file_ref idref="fl-33"/>
      </object_component>
      <object_component id="oc-4dd">
         <name>.text:PIN_hwi</name>
         <load_address>0x5968</load_address>
         <run_address>0x5968</run_address>
         <size>0x1c</size>
         <input_file_ref idref="fl-21"/>
      </object_component>
      <object_component id="oc-6a0">
         <name>.text:QueueP_put</name>
         <load_address>0x5984</load_address>
         <run_address>0x5984</run_address>
         <size>0x1c</size>
         <input_file_ref idref="fl-36"/>
      </object_component>
      <object_component id="oc-5c8">
         <name>.text:RF_clkInactivityCallback</name>
         <load_address>0x59a0</load_address>
         <run_address>0x59a0</run_address>
         <size>0x1c</size>
         <input_file_ref idref="fl-17"/>
      </object_component>
      <object_component id="oc-9d8">
         <name>.text:RF_powerConstraintSet</name>
         <load_address>0x59bc</load_address>
         <run_address>0x59bc</run_address>
         <size>0x1c</size>
         <input_file_ref idref="fl-17"/>
      </object_component>
      <object_component id="oc-789">
         <name>.text:SwiP_disable</name>
         <load_address>0x59d8</load_address>
         <run_address>0x59d8</run_address>
         <size>0x1c</size>
         <input_file_ref idref="fl-2f"/>
      </object_component>
      <object_component id="oc-741">
         <name>.text:SwiP_or</name>
         <load_address>0x59f4</load_address>
         <run_address>0x59f4</run_address>
         <size>0x1c</size>
         <input_file_ref idref="fl-2f"/>
      </object_component>
      <object_component id="oc-aa7">
         <name>.text:TimerP_dynamicStub</name>
         <load_address>0x5a10</load_address>
         <run_address>0x5a10</run_address>
         <size>0x1c</size>
         <input_file_ref idref="fl-32"/>
      </object_component>
      <object_component id="oc-b3c">
         <name>.text:enterPropCpePatch</name>
         <load_address>0x5a2c</load_address>
         <run_address>0x5a2c</run_address>
         <size>0x1c</size>
         <input_file_ref idref="fl-9"/>
      </object_component>
      <object_component id="oc-b55">
         <name>.text:enterPropCpePatch</name>
         <load_address>0x5a48</load_address>
         <run_address>0x5a48</run_address>
         <size>0x1c</size>
         <input_file_ref idref="fl-a"/>
      </object_component>
      <object_component id="oc-b10">
         <name>.text:QueueP_get</name>
         <load_address>0x5a64</load_address>
         <run_address>0x5a64</run_address>
         <size>0x1a</size>
         <input_file_ref idref="fl-36"/>
      </object_component>
      <object_component id="oc-3a4">
         <name>.text:ChipInfo_ChipFamilyIs_CC13x2_CC26x2</name>
         <load_address>0x5a7e</load_address>
         <run_address>0x5a7e</run_address>
         <size>0x18</size>
         <input_file_ref idref="fl-7"/>
      </object_component>
      <object_component id="oc-39e">
         <name>.text:ChipInfo_ChipFamilyIs_CC26x0R2</name>
         <load_address>0x5a96</load_address>
         <run_address>0x5a96</run_address>
         <size>0x18</size>
         <input_file_ref idref="fl-7"/>
      </object_component>
      <object_component id="oc-511">
         <name>.text:ClockP_destruct</name>
         <load_address>0x5aae</load_address>
         <run_address>0x5aae</run_address>
         <size>0x18</size>
         <input_file_ref idref="fl-31"/>
      </object_component>
      <object_component id="oc-81a">
         <name>.text:ClockP_getTimeout</name>
         <load_address>0x5ac6</load_address>
         <run_address>0x5ac6</run_address>
         <size>0x18</size>
         <input_file_ref idref="fl-31"/>
      </object_component>
      <object_component id="oc-517">
         <name>.text:clkFxn</name>
         <load_address>0x5ade</load_address>
         <run_address>0x5ade</run_address>
         <size>0x2</size>
         <input_file_ref idref="fl-2e"/>
      </object_component>
      <object_component id="oc-524">
         <name>.text:HwiP_inISR</name>
         <load_address>0x5ae0</load_address>
         <run_address>0x5ae0</run_address>
         <size>0x18</size>
         <input_file_ref idref="fl-33"/>
      </object_component>
      <object_component id="oc-49e">
         <name>.text:NOROM_ChipInfo_GetPackageType</name>
         <load_address>0x5af8</load_address>
         <run_address>0x5af8</run_address>
         <size>0x18</size>
         <input_file_ref idref="fl-39"/>
      </object_component>
      <object_component id="oc-7e0">
         <name>.text:NOROM_RFCCpeIntGetAndClear</name>
         <load_address>0x5b10</load_address>
         <run_address>0x5b10</run_address>
         <size>0x18</size>
         <input_file_ref idref="fl-40"/>
      </object_component>
      <object_component id="oc-2fc">
         <name>.text:Power_idleFunc</name>
         <load_address>0x5b28</load_address>
         <run_address>0x5b28</run_address>
         <size>0x18</size>
         <input_file_ref idref="fl-22"/>
      </object_component>
      <object_component id="oc-5aa">
         <name>.text:RF_swiFsm</name>
         <load_address>0x5b40</load_address>
         <run_address>0x5b40</run_address>
         <size>0x18</size>
         <input_file_ref idref="fl-17"/>
      </object_component>
      <object_component id="oc-11f">
         <name>.text:_args_main</name>
         <load_address>0x5b58</load_address>
         <run_address>0x5b58</run_address>
         <size>0x18</size>
         <input_file_ref idref="fl-113"/>
      </object_component>
      <object_component id="oc-62a">
         <name>.text</name>
         <load_address>0x5b70</load_address>
         <run_address>0x5b70</run_address>
         <size>0x18</size>
         <input_file_ref idref="fl-103"/>
      </object_component>
      <object_component id="oc-398">
         <name>.text:ChipInfo_ChipFamilyIs_CC26x0</name>
         <load_address>0x5b88</load_address>
         <run_address>0x5b88</run_address>
         <size>0x16</size>
         <input_file_ref idref="fl-7"/>
      </object_component>
      <object_component id="oc-7e6">
         <name>.text:HwiP_setFunc</name>
         <load_address>0x5b9e</load_address>
         <run_address>0x5b9e</run_address>
         <size>0x16</size>
         <input_file_ref idref="fl-33"/>
      </object_component>
      <object_component id="oc-8ab">
         <name>.text:RF_restartClockTimeout</name>
         <load_address>0x5bb4</load_address>
         <run_address>0x5bb4</run_address>
         <size>0x16</size>
         <input_file_ref idref="fl-17"/>
      </object_component>
      <object_component id="oc-485">
         <name>.text:emptyClockFunc</name>
         <load_address>0x5bca</load_address>
         <run_address>0x5bca</run_address>
         <size>0x2</size>
         <input_file_ref idref="fl-22"/>
      </object_component>
      <object_component id="oc-2de">
         <name>.text:EasyLink_Params_init</name>
         <load_address>0x5bcc</load_address>
         <run_address>0x5bcc</run_address>
         <size>0x14</size>
         <input_file_ref idref="fl-7"/>
      </object_component>
      <object_component id="oc-5a4">
         <name>.text:List_clearList</name>
         <load_address>0x5be0</load_address>
         <run_address>0x5be0</run_address>
         <size>0x14</size>
         <input_file_ref idref="fl-1a"/>
      </object_component>
      <object_component id="oc-7aa">
         <name>.text:NOROM_IntUnregister</name>
         <load_address>0x5bf4</load_address>
         <run_address>0x5bf4</run_address>
         <size>0x14</size>
         <input_file_ref idref="fl-3e"/>
      </object_component>
      <object_component id="oc-42f">
         <name>.text:PINCC26XX_getOutputValue</name>
         <load_address>0x5c08</load_address>
         <run_address>0x5c08</run_address>
         <size>0x14</size>
         <input_file_ref idref="fl-21"/>
      </object_component>
      <object_component id="oc-52a">
         <name>.text:Power_disablePolicy</name>
         <load_address>0x5c1c</load_address>
         <run_address>0x5c1c</run_address>
         <size>0x14</size>
         <input_file_ref idref="fl-22"/>
      </object_component>
      <object_component id="oc-392">
         <name>.text:RF_Params_init</name>
         <load_address>0x5c30</load_address>
         <run_address>0x5c30</run_address>
         <size>0x14</size>
         <input_file_ref idref="fl-17"/>
      </object_component>
      <object_component id="oc-a2e">
         <name>.text:RF_dbellSyncOnAck</name>
         <load_address>0x5c44</load_address>
         <run_address>0x5c44</run_address>
         <size>0x14</size>
         <input_file_ref idref="fl-17"/>
      </object_component>
      <object_component id="oc-7d3">
         <name>.text:RF_ratGetChannel</name>
         <load_address>0x5c58</load_address>
         <run_address>0x5c58</run_address>
         <size>0x14</size>
         <input_file_ref idref="fl-17"/>
      </object_component>
      <object_component id="oc-894">
         <name>.text:RF_schResolveConflict</name>
         <load_address>0x5c6c</load_address>
         <run_address>0x5c6c</run_address>
         <size>0x14</size>
         <input_file_ref idref="fl-17"/>
      </object_component>
      <object_component id="oc-738">
         <name>.text:SwiP_handleHwi</name>
         <load_address>0x5c80</load_address>
         <run_address>0x5c80</run_address>
         <size>0x14</size>
         <input_file_ref idref="fl-2f"/>
      </object_component>
      <object_component id="oc-aa1">
         <name>.text:TimerP_startup</name>
         <load_address>0x5c94</load_address>
         <run_address>0x5c94</run_address>
         <size>0x14</size>
         <input_file_ref idref="fl-32"/>
      </object_component>
      <object_component id="oc-66f">
         <name>.text:configureRFCoreClocks</name>
         <load_address>0x5ca8</load_address>
         <run_address>0x5ca8</run_address>
         <size>0x14</size>
         <input_file_ref idref="fl-22"/>
      </object_component>
      <object_component id="oc-25">
         <name>.text:resetISR</name>
         <load_address>0x5cbc</load_address>
         <run_address>0x5cbc</run_address>
         <size>0x14</size>
         <input_file_ref idref="fl-35"/>
      </object_component>
      <object_component id="oc-4c2">
         <name>.text:HwiP_Params_init</name>
         <load_address>0x5cd0</load_address>
         <run_address>0x5cd0</run_address>
         <size>0x12</size>
         <input_file_ref idref="fl-33"/>
      </object_component>
      <object_component id="oc-115">
         <name>.text:main</name>
         <load_address>0x5ce2</load_address>
         <run_address>0x5ce2</run_address>
         <size>0x12</size>
         <input_file_ref idref="fl-5"/>
      </object_component>
      <object_component id="oc-45e">
         <name>.text:ClockP_Params_init</name>
         <load_address>0x5cf4</load_address>
         <run_address>0x5cf4</run_address>
         <size>0x10</size>
         <input_file_ref idref="fl-31"/>
      </object_component>
      <object_component id="oc-4f9">
         <name>.text:HwiP_disable</name>
         <load_address>0x5d04</load_address>
         <run_address>0x5d04</run_address>
         <size>0x10</size>
         <input_file_ref idref="fl-33"/>
      </object_component>
      <object_component id="oc-829">
         <name>.text:HwiP_enableInterrupt</name>
         <load_address>0x5d14</load_address>
         <run_address>0x5d14</run_address>
         <size>0x10</size>
         <input_file_ref idref="fl-33"/>
      </object_component>
      <object_component id="oc-2f0">
         <name>.text:IntMasterDisable</name>
         <load_address>0x5d24</load_address>
         <run_address>0x5d24</run_address>
         <size>0x10</size>
         <input_file_ref idref="fl-6"/>
      </object_component>
      <object_component id="oc-2f6">
         <name>.text:IntMasterEnable</name>
         <load_address>0x5d34</load_address>
         <run_address>0x5d34</run_address>
         <size>0x10</size>
         <input_file_ref idref="fl-6"/>
      </object_component>
      <object_component id="oc-80b">
         <name>.text:NOROM_RFCHwIntGetAndClear</name>
         <load_address>0x5d44</load_address>
         <run_address>0x5d44</run_address>
         <size>0x10</size>
         <input_file_ref idref="fl-40"/>
      </object_component>
      <object_component id="oc-a28">
         <name>.text:NOROM_RFCRfTrimSet</name>
         <load_address>0x5d54</load_address>
         <run_address>0x5d54</run_address>
         <size>0x10</size>
         <input_file_ref idref="fl-40"/>
      </object_component>
      <object_component id="oc-4a4">
         <name>.text:PINCC26XX_getPinCount</name>
         <load_address>0x5d64</load_address>
         <run_address>0x5d64</run_address>
         <size>0x10</size>
         <input_file_ref idref="fl-21"/>
      </object_component>
      <object_component id="oc-ad2">
         <name>.text:PowerCC26XX_schedulerDisable</name>
         <load_address>0x5d74</load_address>
         <run_address>0x5d74</run_address>
         <size>0x10</size>
         <input_file_ref idref="fl-34"/>
      </object_component>
      <object_component id="oc-505">
         <name>.text:Power_enablePolicy</name>
         <load_address>0x5d84</load_address>
         <run_address>0x5d84</run_address>
         <size>0x10</size>
         <input_file_ref idref="fl-22"/>
      </object_component>
      <object_component id="oc-823">
         <name>.text:RF_dbellSubmitCmdAsync</name>
         <load_address>0x5d94</load_address>
         <run_address>0x5d94</run_address>
         <size>0x10</size>
         <input_file_ref idref="fl-17"/>
      </object_component>
      <object_component id="oc-54a">
         <name>.text:RF_isClientOwner</name>
         <load_address>0x5da4</load_address>
         <run_address>0x5da4</run_address>
         <size>0x10</size>
         <input_file_ref idref="fl-17"/>
      </object_component>
      <object_component id="oc-6fb">
         <name>.text:SemaphoreP_Params_init</name>
         <load_address>0x5db4</load_address>
         <run_address>0x5db4</run_address>
         <size>0x10</size>
         <input_file_ref idref="fl-2e"/>
      </object_component>
      <object_component id="oc-4ce">
         <name>.text:SwiP_Params_init</name>
         <load_address>0x5dc4</load_address>
         <run_address>0x5dc4</run_address>
         <size>0x10</size>
         <input_file_ref idref="fl-2f"/>
      </object_component>
      <object_component id="oc-8d3">
         <name>.text:TimerP_Params_init</name>
         <load_address>0x5dd4</load_address>
         <run_address>0x5dd4</run_address>
         <size>0x10</size>
         <input_file_ref idref="fl-32"/>
      </object_component>
      <object_component id="oc-901">
         <name>.text:TimerP_getCount64</name>
         <load_address>0x5de4</load_address>
         <run_address>0x5de4</run_address>
         <size>0x10</size>
         <input_file_ref idref="fl-32"/>
      </object_component>
      <object_component id="oc-a56">
         <name>.text:applyPropPatch</name>
         <load_address>0x5df4</load_address>
         <run_address>0x5df4</run_address>
         <size>0x10</size>
         <input_file_ref idref="fl-9"/>
      </object_component>
      <object_component id="oc-a6a">
[...]
         <value>0x5ebd</value>
         <object_component_ref idref="oc-748"/>
      </symbol>
      <symbol id="sm-e13">
         <name>SwiP_construct</name>
         <value>0x2d09</value>
         <object_component_ref idref="oc-4d4"/>
      </symbol>
      <symbol id="sm-e14">
         <name>SwiP_Params_init</name>
         <value>0x5dc5</value>
         <object_component_ref idref="oc-4ce"/>
      </symbol>
      <symbol id="sm-e15">
         <name>SwiP_post</name>
         <value>0x45e9</value>
         <object_component_ref idref="oc-98b"/>
      </symbol>
      <symbol id="sm-e16">
         <name>SwiP_dispatch</name>
         <value>0x3879</value>
         <object_component_ref idref="oc-984"/>
      </symbol>
      <symbol id="sm-edc">
         <name>ClockP_doTick</name>
         <value>0x5e5d</value>
         <object_component_ref idref="oc-8f1"/>
      </symbol>
      <symbol id="sm-edd">
         <name>ClockP_setTimeout</name>
         <value>0x5f29</value>
         <object_component_ref idref="oc-476"/>
      </symbol>
      <symbol id="sm-ede">
         <name>ClockP_getTimeout</name>
         <value>0x5ac7</value>
         <object_component_ref idref="oc-81a"/>
      </symbol>
      <symbol id="sm-edf">
         <name>ClockP_startup</name>
         <value>0x3919</value>
         <object_component_ref idref="oc-69a"/>
      </symbol>
      <symbol id="sm-ee0">
         <name>ClockP_stop</name>
         <value>0x5f09</value>
         <object_component_ref idref="oc-639"/>
      </symbol>
      <symbol id="sm-ee1">
         <name>ClockP_construct</name>
         <value>0x4d0d</value>
         <object_component_ref idref="oc-464"/>
      </symbol>
      <symbol id="sm-ee2">
         <name>ClockP_scheduleNextTick</name>
         <value>0x5611</value>
         <object_component_ref idref="oc-6b1"/>
      </symbol>
      <symbol id="sm-ee3">
         <name>ClockP_getTicksUntilInterrupt</name>
         <value>0x519d</value>
         <object_component_ref idref="oc-91d"/>
      </symbol>
      <symbol id="sm-ee4">
         <name>ClockP_tickPeriod</name>
         <value>0x20000ad4</value>
         <object_component_ref idref="oc-49a"/>
      </symbol>
      <symbol id="sm-ee5">
         <name>ClockP_Params_init</name>
         <value>0x5cf5</value>
         <object_component_ref idref="oc-45e"/>
      </symbol>
      <symbol id="sm-ee6">
         <name>ClockP_workFuncDynamic</name>
         <value>0x35e9</value>
         <object_component_ref idref="oc-8eb"/>
      </symbol>
      <symbol id="sm-ee7">
         <name>ClockP_walkQueueDynamic</name>
         <value>0x40c1</value>
         <object_component_ref idref="oc-ab0"/>
      </symbol>
      <symbol id="sm-ee8">
         <name>ClockP_destruct</name>
         <value>0x5aaf</value>
         <object_component_ref idref="oc-511"/>
      </symbol>
      <symbol id="sm-ee9">
         <name>ClockP_start</name>
         <value>0x3ec9</value>
         <object_component_ref idref="oc-47c"/>
      </symbol>
      <symbol id="sm-eea">
         <name>ClockP_isActive</name>
         <value>0x5f25</value>
         <object_component_ref idref="oc-50b"/>
      </symbol>
      <symbol id="sm-eeb">
         <name>ClockP_getTicks</name>
         <value>0x55ed</value>
         <object_component_ref idref="oc-6b7"/>
      </symbol>
      <symbol id="sm-eec">
         <name>ClockP_add</name>
         <value>0x57b9</value>
         <object_component_ref idref="oc-4f3"/>
      </symbol>
      <symbol id="sm-f84">
         <name>TimerP_setNextTick</name>
         <value>0x5165</value>
         <object_component_ref idref="oc-90f"/>
      </symbol>
      <symbol id="sm-f85">
         <name>TimerP_getCurrentTick</name>
         <value>0x5339</value>
         <object_component_ref idref="oc-6ab"/>
      </symbol>
      <symbol id="sm-f86">
         <name>TimerP_getCount64</name>
         <value>0x5de5</value>
         <object_component_ref idref="oc-901"/>
      </symbol>
      <symbol id="sm-f87">
         <name>TimerP_setThreshold</name>
         <value>0x500d</value>
         <object_component_ref idref="oc-ac8"/>
      </symbol>
      <symbol id="sm-f88">
         <name>TimerP_dynamicStub</name>
         <value>0x5a11</value>
         <object_component_ref idref="oc-aa7"/>
      </symbol>
      <symbol id="sm-f89">
         <name>TimerP_getMaxTicks</name>
         <value>0x56e9</value>
         <object_component_ref idref="oc-8df"/>
      </symbol>
      <symbol id="sm-f8a">
         <name>TimerP_construct</name>
         <value>0x33e1</value>
         <object_component_ref idref="oc-8d9"/>
      </symbol>
      <symbol id="sm-f8b">
         <name>TimerP_getFreq</name>
         <value>0x5ec9</value>
         <object_component_ref idref="oc-8e5"/>
      </symbol>
      <symbol id="sm-f8c">
         <name>TimerP_initDevice</name>
         <value>0x526d</value>
         <object_component_ref idref="oc-a9b"/>
      </symbol>
      <symbol id="sm-f8d">
         <name>TimerP_startup</name>
         <value>0x5c95</value>
         <object_component_ref idref="oc-aa1"/>
      </symbol>
      <symbol id="sm-f8e">
         <name>TimerP_start</name>
         <value>0x4289</value>
         <object_component_ref idref="oc-b6c"/>
      </symbol>
      <symbol id="sm-f8f">
         <name>TimerP_Params_init</name>
         <value>0x5dd5</value>
         <object_component_ref idref="oc-8d3"/>
      </symbol>
      <symbol id="sm-1011">
         <name>HwiP_construct</name>
         <value>0x4135</value>
         <object_component_ref idref="oc-4c8"/>
      </symbol>
      <symbol id="sm-1012">
         <name>HwiP_inISR</name>
         <value>0x5ae1</value>
         <object_component_ref idref="oc-524"/>
      </symbol>
      <symbol id="sm-1013">
         <name>HwiP_destruct</name>
         <value>0x594d</value>
         <object_component_ref idref="oc-562"/>
      </symbol>
      <symbol id="sm-1014">
         <name>HwiP_swiPIntNum</name>
         <value>0x20000a04</value>
         <object_component_ref idref="oc-71f"/>
      </symbol>
      <symbol id="sm-1015">
         <name>HwiP_Params_init</name>
         <value>0x5cd1</value>
         <object_component_ref idref="oc-4c2"/>
      </symbol>
      <symbol id="sm-1016">
         <name>HwiP_disable</name>
         <value>0x5d05</value>
         <object_component_ref idref="oc-4f9"/>
      </symbol>
      <symbol id="sm-1017">
         <name>HwiP_enableInterrupt</name>
         <value>0x5d15</value>
         <object_component_ref idref="oc-829"/>
      </symbol>
      <symbol id="sm-1018">
         <name>HwiP_setFunc</name>
         <value>0x5b9f</value>
         <object_component_ref idref="oc-7e6"/>
      </symbol>
      <symbol id="sm-1019">
         <name>HwiP_post</name>
         <value>0x5f31</value>
         <object_component_ref idref="oc-8b1"/>
      </symbol>
      <symbol id="sm-101a">
         <name>HwiP_enable</name>
         <value>0x5f2d</value>
         <object_component_ref idref="oc-25f"/>
      </symbol>
      <symbol id="sm-101b">
         <name>HwiP_restore</name>
         <value>0x5ef1</value>
         <object_component_ref idref="oc-4ff"/>
      </symbol>
      <symbol id="sm-1057">
         <name>PowerCC26XX_schedulerDisable</name>
         <value>0x5d75</value>
         <object_component_ref idref="oc-ad2"/>
      </symbol>
      <symbol id="sm-1058">
         <name>PowerCC26XX_schedulerRestore</name>
         <value>0x5e8d</value>
         <object_component_ref idref="oc-ad8"/>
      </symbol>
      <symbol id="sm-1059">
         <name>PowerCC26XX_standbyPolicy</name>
         <value>0x2825</value>
         <object_component_ref idref="oc-6be"/>
      </symbol>
      <symbol id="sm-108a">
         <name>resetISR</name>
         <value>0x5cbd</value>
         <object_component_ref idref="oc-25"/>
      </symbol>
      <symbol id="sm-108b">
         <name>g_pfnVectors</name>
         <value>0x0</value>
         <object_component_ref idref="oc-15"/>
      </symbol>
      <symbol id="sm-10c8">
         <name>QueueP_next</name>
         <value>0x5f3d</value>
         <object_component_ref idref="oc-b7a"/>
      </symbol>
      <symbol id="sm-10c9">
         <name>QueueP_put</name>
         <value>0x5985</value>
         <object_component_ref idref="oc-6a0"/>
      </symbol>
      <symbol id="sm-10ca">
         <name>QueueP_remove</name>
         <value>0x5e31</value>
         <object_component_ref idref="oc-76b"/>
      </symbol>
      <symbol id="sm-10cb">
         <name>QueueP_head</name>
         <value>0x5f39</value>
         <object_component_ref idref="oc-b74"/>
      </symbol>
      <symbol id="sm-10cc">
         <name>QueueP_init</name>
         <value>0x5f15</value>
         <object_component_ref idref="oc-729"/>
      </symbol>
      <symbol id="sm-10cd">
         <name>QueueP_empty</name>
         <value>0x5e23</value>
         <object_component_ref idref="oc-7a3"/>
      </symbol>
      <symbol id="sm-10ce">
         <name>QueueP_get</name>
         <value>0x5a65</value>
         <object_component_ref idref="oc-b10"/>
      </symbol>
      <symbol id="sm-10ef">
         <name>SafeHapiVoid</name>
         <value>0x55c5</value>
         <object_component_ref idref="oc-951"/>
      </symbol>
      <symbol id="sm-111c">
         <name>NOROM_ChipInfo_GetChipType</name>
         <value>0x54fd</value>
         <object_component_ref idref="oc-3aa"/>
      </symbol>
      <symbol id="sm-111d">
         <name>NOROM_ChipInfo_GetChipFamily</name>
         <value>0x5425</value>
         <object_component_ref idref="oc-106"/>
      </symbol>
      <symbol id="sm-111e">
         <name>NOROM_ChipInfo_GetPackageType</name>
         <value>0x5af9</value>
         <object_component_ref idref="oc-49e"/>
      </symbol>
      <symbol id="sm-111f">
         <name>NOROM_ThisLibraryIsFor_CC26x0R2_HaltIfViolated</name>
         <value>0x5e15</value>
         <object_component_ref idref="oc-b8"/>
      </symbol>
      <symbol id="sm-1133">
         <name>NOROM_CPUdelay</name>
         <value>0x5f0f</value>
         <object_component_ref idref="oc-993"/>
      </symbol>
      <symbol id="sm-1134">
         <name>NOROM_CPUcpsie</name>
         <value>0x5e75</value>
         <object_component_ref idref="oc-2cb"/>
      </symbol>
      <symbol id="sm-1135">
         <name>NOROM_CPUcpsid</name>
         <value>0x5e69</value>
         <object_component_ref idref="oc-6c"/>
      </symbol>
      <symbol id="sm-113b">
         <name>driverlib_release_0_56023</name>
         <value>0x200007a2</value>
      </symbol>
      <symbol id="sm-118f">
         <name>NOROM_IntPrioritySet</name>
         <value>0x5659</value>
         <object_component_ref idref="oc-713"/>
      </symbol>
      <symbol id="sm-1190">
         <name>NOROM_IntUnregister</name>
         <value>0x5bf5</value>
         <object_component_ref idref="oc-7aa"/>
      </symbol>
      <symbol id="sm-1191">
         <name>NOROM_IntPendSet</name>
         <value>0x4cc1</value>
         <object_component_ref idref="oc-a8e"/>
      </symbol>
      <symbol id="sm-1192">
         <name>NOROM_IntRegister</name>
         <value>0x51d1</value>
         <object_component_ref idref="oc-70d"/>
      </symbol>
      <symbol id="sm-1193">
         <name>g_pfnRAMVectors</name>
         <value>0x20001100</value>
         <object_component_ref idref="oc-967"/>
      </symbol>
      <symbol id="sm-11d9">
         <name>NOROM_OSCHF_TurnOnXosc</name>
         <value>0x567d</value>
         <object_component_ref idref="oc-8b9"/>
      </symbol>
      <symbol id="sm-11da">
         <name>NOROM_OSC_HPOSCRelativeFrequencyOffsetToRFCoreFormatConvert</name>
         <value>0x5e81</value>
         <object_component_ref idref="oc-afb"/>
      </symbol>
      <symbol id="sm-11db">
         <name>NOROM_OSCHF_AttemptToSwitchToXosc</name>
         <value>0x4369</value>
         <object_component_ref idref="oc-6d9"/>
      </symbol>
      <symbol id="sm-11dc">
         <name>NOROM_OSCHF_SwitchToRcOscTurnOffXosc</name>
         <value>0x4d55</value>
         <object_component_ref idref="oc-8bf"/>
      </symbol>
      <symbol id="sm-11dd">
         <name>NOROM_OSC_HPOSCRelativeFrequencyOffsetGet</name>
         <value>0x4ee1</value>
         <object_component_ref idref="oc-af5"/>
      </symbol>
      <symbol id="sm-126a">
         <name>NOROM_RFCDoorbellSendTo</name>
         <value>0x5525</value>
         <object_component_ref idref="oc-9f1"/>
      </symbol>
      <symbol id="sm-126b">
         <name>NOROM_RFCAdi3VcoLdoVoltageMode</name>
         <value>0x3fc7</value>
         <object_component_ref idref="oc-a0a"/>
      </symbol>
      <symbol id="sm-126c">
         <name>NOROM_RFCSynthPowerDown</name>
         <value>0x4f1d</value>
         <object_component_ref idref="oc-a10"/>
      </symbol>
      <symbol id="sm-126d">
         <name>NOROM_RFCCpePatchReset</name>
         <value>0x5451</value>
         <object_component_ref idref="oc-b27"/>
      </symbol>
      <symbol id="sm-126e">
         <name>NOROM_RFCOverrideUpdate</name>
         <value>0x46b9</value>
         <object_component_ref idref="oc-598"/>
      </symbol>
      <symbol id="sm-126f">
         <name>NOROM_RFCOverrideSearch</name>
         <value>0x554d</value>
         <object_component_ref idref="oc-7c7"/>
      </symbol>
      <symbol id="sm-1270">
         <name>NOROM_RFCRfTrimSet</name>
         <value>0x5d55</value>
         <object_component_ref idref="oc-a28"/>
      </symbol>
      <symbol id="sm-1271">
         <name>NOROM_RFCRfTrimRead</name>
         <value>0x57d9</value>
         <object_component_ref idref="oc-a22"/>
      </symbol>
      <symbol id="sm-1272">
         <name>NOROM_RFCCpeIntGetAndClear</name>
         <value>0x5b11</value>
         <object_component_ref idref="oc-7e0"/>
      </symbol>
      <symbol id="sm-1273">
         <name>NOROM_RFCHwIntGetAndClear</name>
         <value>0x5d45</value>
         <object_component_ref idref="oc-80b"/>
      </symbol>
      <symbol id="sm-12a3">
         <name>NOROM_SetupTrimDevice</name>
         <value>0x3491</value>
         <object_component_ref idref="oc-72"/>
      </symbol>
      <symbol id="sm-12f5">
         <name>NOROM_SysCtrl_DCDC_VoltageConditionalControl</name>
         <value>0x4519</value>
         <object_component_ref idref="oc-917"/>
      </symbol>
      <symbol id="sm-12f6">
         <name>NOROM_SysCtrlAdjustRechargeAfterPowerDown</name>
         <value>0x41a9</value>
         <object_component_ref idref="oc-aea"/>
      </symbol>
      <symbol id="sm-12f7">
         <name>NOROM_SysCtrlSetRechargeBeforePowerDown</name>
         <value>0x136d</value>
         <object_component_ref idref="oc-ae4"/>
      </symbol>
      <symbol id="sm-1306">
         <name>__aeabi_uldivmod</name>
         <value>0x3b85</value>
         <object_component_ref idref="oc-907"/>
      </symbol>
      <symbol id="sm-1315">
         <name>__aeabi_memset</name>
         <value>0x4047</value>
         <object_component_ref idref="oc-ac"/>
      </symbol>
      <symbol id="sm-1316">
         <name>memset</name>
         <value>0x404d</value>
         <object_component_ref idref="oc-ac"/>
      </symbol>
      <symbol id="sm-1317">
         <name>__aeabi_memset8</name>
         <value>0x4047</value>
         <object_component_ref idref="oc-ac"/>
      </symbol>
      <symbol id="sm-1318">
         <name>__aeabi_memset4</name>
         <value>0x4047</value>
         <object_component_ref idref="oc-ac"/>
      </symbol>
      <symbol id="sm-1319">
         <name>__aeabi_memclr8</name>
         <value>0x4045</value>
         <object_component_ref idref="oc-ac"/>
      </symbol>
      <symbol id="sm-131a">
         <name>__aeabi_memclr4</name>
         <value>0x4045</value>
         <object_component_ref idref="oc-ac"/>
      </symbol>
      <symbol id="sm-131b">
         <name>__aeabi_memclr</name>
         <value>0x4045</value>
         <object_component_ref idref="oc-ac"/>
      </symbol>
      <symbol id="sm-132a">
         <name>__aeabi_lmul</name>
         <value>0x5b71</value>
         <object_component_ref idref="oc-62a"/>
      </symbol>
      <symbol id="sm-1345">
         <name>memcpy</name>
         <value>0x3a51</value>
         <object_component_ref idref="oc-54"/>
      </symbol>
      <symbol id="sm-1346">
         <name>__aeabi_memcpy</name>
         <value>0x3a51</value>
         <object_component_ref idref="oc-54"/>
      </symbol>
      <symbol id="sm-1347">
         <name>__aeabi_memcpy8</name>
         <value>0x3a51</value>
         <object_component_ref idref="oc-54"/>
      </symbol>
      <symbol id="sm-1348">
         <name>__aeabi_memcpy4</name>
         <value>0x3a51</value>
         <object_component_ref idref="oc-54"/>
      </symbol>
      <symbol id="sm-135b">
         <name>__TI_zero_init</name>
         <value>0x5ed5</value>
         <object_component_ref idref="oc-66"/>
      </symbol>
      <symbol id="sm-1372">
         <name>__TI_decompress_none</name>
         <value>0x5e4d</value>
         <object_component_ref idref="oc-1e"/>
      </symbol>
      <symbol id="sm-1395">
         <name>__TI_decompress_lzss</name>
         <value>0x4651</value>
         <object_component_ref idref="oc-18"/>
      </symbol>
      <symbol id="sm-13aa">
         <name>_sys_memory</name>
         <value>0x20000f40</value>
         <object_component_ref idref="oc-2e"/>
      </symbol>
      <symbol id="sm-13c0">
         <name>rand</name>
         <value>0x52d5</value>
         <object_component_ref idref="oc-535"/>
      </symbol>
      <symbol id="sm-13d3">
         <name>__stack</name>
         <value>0x20004c00</value>
         <object_component_ref idref="oc-31"/>
      </symbol>
      <symbol id="sm-13d4">
         <name>_c_int00</name>
         <value>0x570d</value>
         <object_component_ref idref="oc-d7"/>
      </symbol>
      <symbol id="sm-13de">
         <name>__aeabi_idiv0</name>
         <value>0x5f55</value>
         <object_component_ref idref="oc-abb"/>
      </symbol>
      <symbol id="sm-13df">
         <name>__aeabi_ldiv0</name>
         <value>0x5f55</value>
         <object_component_ref idref="oc-abb"/>
      </symbol>
      <symbol id="sm-1407">
         <name>__TI_auto_init_nobinit_nopinit</name>
         <value>0x4ddd</value>
         <object_component_ref idref="oc-278"/>
      </symbol>
      <symbol id="sm-1411">
         <name>_system_pre_init</name>
         <value>0x5f41</value>
         <object_component_ref idref="oc-10f"/>
      </symbol>
      <symbol id="sm-141d">
         <name>C$$EXIT</name>
         <value>0x5f45</value>
         <object_component_ref idref="oc-26c"/>
      </symbol>
      <symbol id="sm-141e">
         <name>abort</name>
         <value>0x5f45</value>
         <object_component_ref idref="oc-26c"/>
      </symbol>
      <symbol id="sm-1433">
         <name>_nop</name>
         <value>0x53f7</value>
         <object_component_ref idref="oc-43f"/>
      </symbol>
      <symbol id="sm-1434">
         <name>_lock</name>
         <value>0x20000f30</value>
         <object_component_ref idref="oc-334"/>
      </symbol>
      <symbol id="sm-1435">
         <name>_unlock</name>
         <value>0x20000f34</value>
         <object_component_ref idref="oc-334"/>
      </symbol>
      <symbol id="sm-1449">
         <name>_args_main</name>
         <value>0x5b59</value>
         <object_component_ref idref="oc-11f"/>
      </symbol>
      <symbol id="sm-144a">
         <name>__TI_static_base__</name>
         <value>0x0</value>
      </symbol>
      <symbol id="sm-144d">
         <name>__mpu_init</name>
         <value>0x0</value>
      </symbol>
      <symbol id="sm-144e">
         <name>_system_post_cinit</name>
         <value>0x0</value>
      </symbol>
      <symbol id="sm-144f">
         <name>NoRTOS_start</name>
         <value>0x5f2d</value>
      </symbol>
   </symbol_table>
   <title>Link successful</title>
</link_info>
